12-14 11:48:03.197   424   465 I OMXMaster: makeComponentInstance(OMX.google.hevc.decoder) in android.hardwar process
12-14 11:48:03.197   514   514 W AlarmManager: Unrecognized alarm listener com.android.server.stats.StatsCompanionService$AnomalyAlarmListener@83c60dc
12-14 11:48:03.197   514   514 W AlarmManager: Unrecognized alarm listener com.android.server.stats.StatsCompanionService$PullingAlarmListener@d6075e5
12-14 11:48:03.197   514   514 W AlarmManager: Unrecognized alarm listener com.android.server.stats.StatsCompanionService$PeriodicAlarmListener@a1c28ba
12-14 11:48:03.200   514   610 D ConnectivityService: NetReassign [no changes]
12-14 11:48:03.201   514   529 W LocationManagerService: passive provider saw user 0 unexpectedly
12-14 11:48:03.206   514   529 D GnssLocationProvider: gnssSetCapabilitesCb: 64u
12-14 11:48:03.207   514   529 D GnssLocationProvider: gnssNameCb: name=Android Studio Emulator GPS
12-14 11:48:03.208   514   529 D GnssLocationProvider: gnssSetSystemInfoCb: yearOfHw=2020
12-14 11:48:03.209   514   529 I GnssLocationProvider: Unable to initialize IGnssXtra interface.
12-14 11:48:03.210   514   529 I GnssLocationProvider: Unable to initialize IGnssGeofencing interface.
12-14 11:48:03.210   514   529 I GnssLocationProvider: Unable to initialize IGnssNi interface.
12-14 11:48:03.210   514   529 I GnssLocationProvider: Unable to initialize IAGnssRil interface.
12-14 11:48:03.210   514   529 I GnssLocationProvider: Unable to find IMeasurementCorrections.
12-14 11:48:03.211   514   529 E GnssBatchingProvider: Failed to initialize GNSS batching
12-14 11:48:03.211   424   465 E OMXNodeInstance: getExtensionIndex(0xed380470:google.hevc.decoder, OMX.google.android.index.configureVideoTunnelMode) ERROR: UnsupportedIndex(0x8000101a)
12-14 11:48:03.211   416   468 D MediaCodecInfo: detail feature-tunneled-playback wasn't present to remove
12-14 11:48:03.211   424   465 E OMXNodeInstance: getExtensionIndex(0xed380470:google.hevc.decoder, OMX.google.android.index.enableAndroidNativeBuffers) ERROR: UnsupportedIndex(0x8000101a)
12-14 11:48:03.211   514   529 I GnssBlacklistHelper: Update GNSS satellite blacklist: 
12-14 11:48:03.212   655   655 I BluetoothServiceJni: hal_util_load_bt_library: loaded Bluetooth library successfully
12-14 11:48:03.212   655   655 D BluetoothAdapterService: onCreate()
12-14 11:48:03.212   514   529 I GnssLocationProvider: restartRequests
12-14 11:48:03.213   514   529 I GnssLocationProvider: restartRequests
12-14 11:48:03.213   514   529 E GnssLocationProvider: IGnssConfiguration setBlacklist() failed.
12-14 11:48:03.218   416   468 I OMXClient: IOmx service obtained
12-14 11:48:03.219   424   465 I OMXMaster: makeComponentInstance(OMX.google.mpeg4.decoder) in android.hardwar process
12-14 11:48:03.220   424   465 E OMXNodeInstance: getExtensionIndex(0xed380470:google.mpeg4.decoder, OMX.google.android.index.configureVideoTunnelMode) ERROR: UnsupportedIndex(0x8000101a)
12-14 11:48:03.220   416   468 D MediaCodecInfo: detail feature-tunneled-playback wasn't present to remove
12-14 11:48:03.220   424   465 E OMXNodeInstance: getExtensionIndex(0xed380470:google.mpeg4.decoder, OMX.google.android.index.enableAndroidNativeBuffers) ERROR: UnsupportedIndex(0x8000101a)
12-14 11:48:03.227   416   468 I OMXClient: IOmx service obtained
12-14 11:48:03.227   655   655 D AdapterState: make() - Creating AdapterState
12-14 11:48:03.227   424   465 I OMXMaster: makeComponentInstance(OMX.android.goldfish.vp8.decoder) in android.hardwar process
12-14 11:48:03.227   424   465 I GoldfishOMXPlugin: makeComponentInstance 'OMX.android.goldfish.vp8.decoder'
12-14 11:48:03.227   424   465 I GoldfishOMXPlugin: Using goldfish codec for 'vpxdec'
12-14 11:48:03.227   514   514 I StatsCompanionService: Told statsd that StatsCompanionService is alive.
12-14 11:48:03.228   514   514 I SystemServerTiming: OnBootPhase_600_com.android.server.stats.pull.StatsPullAtomService
12-14 11:48:03.228   514   514 I SystemServerTiming: OnBootPhase_600_com.android.server.incident.IncidentCompanionService
12-14 11:48:03.228   514   514 I SystemServerTiming: OnBootPhase_600_com.android.server.MmsServiceBroker
12-14 11:48:03.228   514   514 I SystemServerTiming: OnBootPhase_600_com.android.server.autofill.AutofillManagerService
12-14 11:48:03.231   655   791 I AdapterState: OFF : entered 
12-14 11:48:03.231   655   791 D AdapterProperties: Setting state to OFF
12-14 11:48:03.232   655   655 D BluetoothKeystoreService: new BluetoothKeystoreService isNiapMode: false
12-14 11:48:03.233   655   655 D BluetoothKeystoreService: start
12-14 11:48:03.234   655   655 I droid.bluetoot: [1214/114803.234055:INFO:com_android_bluetooth_btservice_BluetoothKeystore.cpp(97)] classInitNative: succeeds
12-14 11:48:03.234   655   655 D BluetoothKeystoreService: setBluetoothKeystoreService(): set to: com.android.bluetooth.btservice.bluetoothkeystore.BluetoothKeystoreService@34d4fcb
12-14 11:48:03.235   514   514 I SystemServerTiming: OnBootPhase_600_com.android.server.clipboard.ClipboardService
12-14 11:48:03.235   514   514 I SystemServerTiming: OnBootPhase_600_com.android.server.appbinding.AppBindingService$Lifecycle
12-14 11:48:03.235   514   514 I SystemServerTiming: OnBootPhase_600_com.android.server.policy.PermissionPolicyService
12-14 11:48:03.235   514   514 I SystemServerTiming: OnBootPhase_600_com.android.server.pm.StagingManager$Lifecycle
12-14 11:48:03.235   514   514 I SystemServerTiming: StartNetworkStack
12-14 11:48:03.235   514   514 D ConnectivityModuleConnector: Starting networking module android.net.INetworkStackConnector
12-14 11:48:03.236   514   514 D ConnectivityModuleConnector: Starting networking module in network_stack process
12-14 11:48:03.236   424   465 I goldfish_vpxdec: calling constructor of GoldfishVPX
12-14 11:48:03.238   424   465 E OMXNodeInstance: getExtensionIndex(0xed380470:android.goldfish.vp8.decoder, OMX.google.android.index.configureVideoTunnelMode) ERROR: UnsupportedIndex(0x8000101a)
12-14 11:48:03.238   416   468 D MediaCodecInfo: detail feature-tunneled-playback wasn't present to remove
12-14 11:48:03.238   424   465 W OMXNodeInstance: [0xed380470:android.goldfish.vp8.decoder] component does not support metadata mode; using fallback
12-14 11:48:03.238   655   655 D BluetoothKeystoreService: loadConfigData
12-14 11:48:03.239   424   465 I goldfish_vpxdec: calling destructor of GoldfishVPX
12-14 11:48:03.241   514   514 D CompatibilityChangeReporter: Compat change id reported: 135634846; UID 1073; state: DISABLED
12-14 11:48:03.242   514   514 D ConnectivityModuleConnector: Networking module service start requested
12-14 11:48:03.242   514   514 I SystemServerTiming: StartTethering
12-14 11:48:03.243   416   468 I OMXClient: IOmx service obtained
12-14 11:48:03.243   514   514 D ConnectivityModuleConnector: Starting networking module android.net.ITetheringConnector
12-14 11:48:03.243   424   465 I OMXMaster: makeComponentInstance(OMX.google.vp8.decoder) in android.hardwar process
12-14 11:48:03.244   514   514 D ConnectivityModuleConnector: Starting networking module in network_stack process
12-14 11:48:03.246   655   655 D BluetoothKeystoreService: getCompareResult: 0
12-14 11:48:03.247   514   514 D ConnectivityModuleConnector: Networking module service start requested
12-14 11:48:03.247   514   514 I SystemServerTiming: MakeCountryDetectionServiceReady
12-14 11:48:03.247   514   514 I SystemServerTiming: MakeNetworkTimeUpdateReady
12-14 11:48:03.250   514   514 D ConnectivityService: requestNetwork for uid/pid:1000/514 NetworkRequest [ TRACK_DEFAULT id=9, [ Capabilities: INTERNET&NOT_RESTRICTED&TRUSTED Uid: 1000 AdministratorUids: [] RequestorUid: 1000 RequestorPackageName: android] ]
12-14 11:48:03.250   514   514 I SystemServerTiming: MakeInputManagerServiceReady
12-14 11:48:03.251   514   610 D ConnectivityService: NetReassign [no changes]
12-14 11:48:03.252   514   514 I SystemServerTiming: MakeTelephonyRegistryReady
12-14 11:48:03.252   514   514 I SystemServerTiming: MakeMediaRouterServiceReady
12-14 11:48:03.252   514   514 I SystemServerTiming: MakeMmsServiceReady
12-14 11:48:03.252   514   514 I MmsServiceBroker: Delay connecting to MmsService until an API is called
12-14 11:48:03.252   514   514 I SystemServerTiming: IncidentDaemonReady
12-14 11:48:03.256   424   465 E OMXNodeInstance: getExtensionIndex(0xed380470:google.vp8.decoder, OMX.google.android.index.configureVideoTunnelMode) ERROR: UnsupportedIndex(0x8000101a)
12-14 11:48:03.256   416   468 D MediaCodecInfo: detail feature-tunneled-playback wasn't present to remove
12-14 11:48:03.256   424   465 E OMXNodeInstance: getExtensionIndex(0xed380470:google.vp8.decoder, OMX.google.android.index.enableAndroidNativeBuffers) ERROR: UnsupportedIndex(0x8000101a)
12-14 11:48:03.257   286   286 D Zygote  : Forked child process 799
12-14 11:48:03.258   514   514 I SystemServerTiming: MakeIncrementalServiceReady
12-14 11:48:03.259   416   468 I OMXClient: IOmx service obtained
12-14 11:48:03.259   424   465 I OMXMaster: makeComponentInstance(OMX.android.goldfish.vp9.decoder) in android.hardwar process
12-14 11:48:03.259   424   465 I GoldfishOMXPlugin: makeComponentInstance 'OMX.android.goldfish.vp9.decoder'
12-14 11:48:03.259   424   465 I GoldfishOMXPlugin: Using goldfish codec for 'vpxdec'
12-14 11:48:03.259   514   514 I SystemServerTiming: getCurrentUser
12-14 11:48:03.259   514   514 I ActivityManager: Current user:0
12-14 11:48:03.259   424   465 I goldfish_vpxdec: calling constructor of GoldfishVPX
12-14 11:48:03.259   514   514 I SystemServerTiming: ActivityManagerStartApps
12-14 11:48:03.259   514   514 I SystemServerTiming: ssm.StartUser-0
12-14 11:48:03.259   514   514 I SystemServiceManager: Calling onStartUser 0
12-14 11:48:03.259   514   514 I SystemServerTiming: ssm.onStartUser-0_com.android.server.security.FileIntegrityService
12-14 11:48:03.259   514   514 I SystemServerTiming: ssm.onStartUser-0_com.android.server.pm.Installer
12-14 11:48:03.259   514   514 I SystemServerTiming: ssm.onStartUser-0_com.android.server.os.DeviceIdentifiersPolicyService
12-14 11:48:03.259   514   514 I SystemServerTiming: ssm.onStartUser-0_com.android.server.uri.UriGrantsManagerService$Lifecycle
12-14 11:48:03.260   424   465 E OMXNodeInstance: getExtensionIndex(0xed380470:android.goldfish.vp9.decoder, OMX.google.android.index.configureVideoTunnelMode) ERROR: UnsupportedIndex(0x8000101a)
12-14 11:48:03.260   416   468 D MediaCodecInfo: detail feature-tunneled-playback wasn't present to remove
12-14 11:48:03.260   424   465 W OMXNodeInstance: [0xed380470:android.goldfish.vp9.decoder] component does not support metadata mode; using fallback
12-14 11:48:03.260   514   514 I SystemServerTiming: ssm.onStartUser-0_com.android.server.wm.ActivityTaskManagerService$Lifecycle
12-14 11:48:03.260   514   514 I SystemServerTiming: ssm.onStartUser-0_com.android.server.am.ActivityManagerService$Lifecycle
12-14 11:48:03.260   514   514 I SystemServerTiming: ssm.onStartUser-0_com.android.server.pm.DataLoaderManagerService
12-14 11:48:03.261   514   514 I SystemServerTiming: ssm.onStartUser-0_com.android.server.power.PowerManagerService
12-14 11:48:03.261   514   514 I SystemServerTiming: ssm.onStartUser-0_com.android.server.power.ThermalManagerService
12-14 11:48:03.261   514   514 I SystemServerTiming: ssm.onStartUser-0_com.android.server.recoverysystem.RecoverySystemService$Lifecycle
12-14 11:48:03.261   514   514 I SystemServerTiming: ssm.onStartUser-0_com.android.server.lights.LightsService
12-14 11:48:03.261   514   514 I SystemServerTiming: ssm.onStartUser-0_com.android.server.display.DisplayManagerService
12-14 11:48:03.261   514   514 I SystemServerTiming: ssm.onStartUser-0_com.android.server.pm.UserManagerService$LifeCycle
12-14 11:48:03.261   514   514 I SystemServerTiming: ssm.onStartUser-0_com.android.server.om.OverlayManagerService
12-14 11:48:03.261   514   514 I SystemServerTiming: ssm.onStartUser-0_com.android.server.SensorPrivacyService
12-14 11:48:03.261   514   514 I SystemServerTiming: ssm.onStartUser-0_com.android.server.SystemConfigService
12-14 11:48:03.261   514   514 I SystemServerTiming: ssm.onStartUser-0_com.android.server.BatteryService
12-14 11:48:03.261   514   514 I SystemServerTiming: ssm.onStartUser-0_com.android.server.usage.UsageStatsService
12-14 11:48:03.261   514   514 I SystemServerTiming: ssm.onStartUser-0_com.android.server.webkit.WebViewUpdateService
12-14 11:48:03.261   514   514 I SystemServerTiming: ssm.onStartUser-0_com.android.server.CachedDeviceStateService
12-14 11:48:03.261   514   514 I SystemServerTiming: ssm.onStartUser-0_com.android.server.BinderCallsStatsService$LifeCycle
12-14 11:48:03.261   514   514 I SystemServerTiming: ssm.onStartUser-0_com.android.server.LooperStatsService$Lifecycle
12-14 11:48:03.261   514   514 I SystemServerTiming: ssm.onStartUser-0_com.android.server.rollback.RollbackManagerService
12-14 11:48:03.261   514   514 I SystemServerTiming: ssm.onStartUser-0_com.android.server.os.BugreportManagerService
12-14 11:48:03.262   424   465 I goldfish_vpxdec: calling destructor of GoldfishVPX
12-14 11:48:03.263   655   655 I bt_btif : init: start restricted = 0 ; niap = 0, config compare result = 0
12-14 11:48:03.263   655   655 I bt_btif : init Preserving legacy bluetooth functionality
12-14 11:48:03.263   799   799 W rkstack.proces: Unexpected CPU variant for X86 using defaults: x86
12-14 11:48:03.263   514   514 I SystemServerTiming: ssm.onStartUser-0_com.android.server.gpu.GpuService
12-14 11:48:03.264   514   514 I SystemServerTiming: ssm.onStartUser-0_com.android.server.security.KeyChainSystemService
12-14 11:48:03.264   514   514 I SystemServerTiming: ssm.onStartUser-0_com.android.server.telecom.TelecomLoaderService
12-14 11:48:03.264   514   514 I SystemServerTiming: ssm.onStartUser-0_com.android.server.accounts.AccountManagerService$Lifecycle
12-14 11:48:03.264   514   514 I SystemServerTiming: ssm.onStartUser-0_com.android.server.content.ContentService$Lifecycle
12-14 11:48:03.264   514   514 I SystemServerTiming: ssm.onStartUser-0_com.android.server.DropBoxManagerService
12-14 11:48:03.264   514   514 I SystemServerTiming: ssm.onStartUser-0_com.android.server.AlarmManagerService
12-14 11:48:03.264   514   514 I SystemServerTiming: ssm.onStartUser-0_com.android.server.BluetoothService
12-14 11:48:03.264   514   514 I SystemServerTiming: ssm.onStartUser-0_com.android.server.connectivity.IpConnectivityMetrics
12-14 11:48:03.264   514   514 I SystemServerTiming: ssm.onStartUser-0_com.android.server.net.watchlist.NetworkWatchlistService$Lifecycle
12-14 11:48:03.264   655   804 I droid.bluetoot: [1214/114803.264751:INFO:message_loop_thread.cc(175)] Run: message loop starting for thread bt_stack_manager_thread
12-14 11:48:03.265   514   514 I SystemServerTiming: ssm.onStartUser-0_com.android.server.PinnerService
12-14 11:48:03.265   514   514 I SystemServerTiming: ssm.onStartUser-0_com.google.android.startop.iorap.IorapForwardingService
12-14 11:48:03.265   514   514 I SystemServerTiming: ssm.onStartUser-0_com.android.server.integrity.AppIntegrityManagerService
12-14 11:48:03.265   514   514 I SystemServerTiming: ssm.onStartUser-0_com.android.server.inputmethod.InputMethodManagerService$Lifecycle
12-14 11:48:03.265   514   514 I SystemServerTiming: ssm.onStartUser-0_com.android.server.accessibility.AccessibilityManagerService$Lifecycle
12-14 11:48:03.265   514   514 I SystemServerTiming: ssm.onStartUser-0_com.android.server.StorageManagerService$Lifecycle
12-14 11:48:03.268   799   799 E rkstack.proces: Not starting debugger since process cannot load the jdwp agent.
12-14 11:48:03.269   514   540 I ActivityManager: Start proc 799:com.android.networkstack.process/1073 for service {com.google.android.networkstack/com.android.server.NetworkStackService}
12-14 11:48:03.272   416   468 I OMXClient: IOmx service obtained
12-14 11:48:03.272   424   465 I OMXMaster: makeComponentInstance(OMX.google.vp9.decoder) in android.hardwar process
12-14 11:48:03.274   514   514 V StorageManagerService: Package com.google.android.networkstack.tethering does not have legacy storage
12-14 11:48:03.274   514   514 V StorageManagerService: Package com.android.cts.priv.ctsshim does not have legacy storage
12-14 11:48:03.274   514   514 V StorageManagerService: Package com.google.android.youtube has legacy storage
12-14 11:48:03.274   514   514 V StorageManagerService: Package com.android.internal.display.cutout.emulation.corner does not have legacy storage
12-14 11:48:03.274   514   514 V StorageManagerService: Package com.google.android.ext.services does not have legacy storage
12-14 11:48:03.274   514   514 V StorageManagerService: Package com.android.internal.display.cutout.emulation.double does not have legacy storage
12-14 11:48:03.274   514   514 V StorageManagerService: Package com.android.providers.telephony does not have legacy storage
12-14 11:48:03.274   514   585 I InputReader: Reconfiguring input devices, changes=DEVICE_ALIAS | 
12-14 11:48:03.275   514   514 V StorageManagerService: Package com.android.dynsystem does not have legacy storage
12-14 11:48:03.275   514   514 V StorageManagerService: Package com.android.theme.icon.pebble does not have legacy storage
12-14 11:48:03.275   514   514 V StorageManagerService: Package com.google.android.googlequicksearchbox does not have legacy storage
12-14 11:48:03.275   514   514 V StorageManagerService: Package com.google.android.cellbroadcastservice does not have legacy storage
12-14 11:48:03.275   514   514 V StorageManagerService: Package com.android.providers.calendar does not have legacy storage
12-14 11:48:03.275   514   514 V StorageManagerService: Package com.android.providers.media does not have legacy storage
12-14 11:48:03.275   514   514 V StorageManagerService: Package com.google.android.onetimeinitializer does not have legacy storage
12-14 11:48:03.275   514   514 V StorageManagerService: Package com.google.android.ext.shared does not have legacy storage
12-14 11:48:03.276   655   804 I bt_stack_manager: event_init_stack is initializing the stack
12-14 11:48:03.276   514   514 V StorageManagerService: Package com.android.internal.systemui.navbar.gestural_wide_back does not have legacy storage
12-14 11:48:03.276   514   514 V StorageManagerService: Package com.android.managedprovisioning.auto_generated_rro_product__ does not have legacy storage
12-14 11:48:03.277   514   514 V StorageManagerService: Package com.android.theme.icon.vessel does not have legacy storage
12-14 11:48:03.277   514   514 V StorageManagerService: Package com.android.theme.color.cinnamon does not have legacy storage
12-14 11:48:03.277   514   514 V StorageManagerService: Package com.reacttest does not have legacy storage
12-14 11:48:03.277   514   514 V StorageManagerService: Package com.android.theme.icon_pack.rounded.systemui does not have legacy storage
12-14 11:48:03.277   514   514 V StorageManagerService: Package com.android.theme.icon.taperedrect does not have legacy storage
12-14 11:48:03.277   514   514 V StorageManagerService: Package com.android.simappdialog.auto_generated_rro_product__ does not have legacy storage
12-14 11:48:03.277   514   514 V StorageManagerService: Package com.android.externalstorage does not have legacy storage
12-14 11:48:03.277   514   514 V StorageManagerService: Package com.android.htmlviewer does not have legacy storage
12-14 11:48:03.277   514   514 V StorageManagerService: Package com.android.companiondevicemanager does not have legacy storage
12-14 11:48:03.277   514   514 V StorageManagerService: Package com.android.mms.service does not have legacy storage
12-14 11:48:03.277   514   514 V StorageManagerService: Package com.android.providers.downloads does not have legacy storage
12-14 11:48:03.277   514   514 V StorageManagerService: Package com.android.systemui.auto_generated_rro_product__ does not have legacy storage
12-14 11:48:03.277   514   514 V StorageManagerService: Package com.google.android.apps.messaging does not have legacy storage
12-14 11:48:03.277   514   514 V StorageManagerService: Package com.google.android.soundpicker does not have legacy storage
12-14 11:48:03.277   514   514 V StorageManagerService: Package com.android.theme.icon_pack.rounded.android does not have legacy storage
12-14 11:48:03.278   514   514 V StorageManagerService: Package com.breel.wallpapers18 does not have legacy storage
12-14 11:48:03.280   514   514 V StorageManagerService: Package com.android.theme.icon_pack.circular.themepicker does not have legacy storage
12-14 11:48:03.280   514   514 V StorageManagerService: Package com.google.android.configupdater does not have legacy storage
12-14 11:48:03.280   514   514 V StorageManagerService: Package com.google.android.providers.media.module does not have legacy storage
12-14 11:48:03.280   514   514 V StorageManagerService: Package com.google.android.overlay.googlewebview does not have legacy storage
12-14 11:48:03.280   514   514 V StorageManagerService: Package com.android.timezone.updater does not have legacy storage
12-14 11:48:03.280   514   514 V StorageManagerService: Package com.android.systemui.plugin.globalactions.wallet does not have legacy storage
12-14 11:48:03.280   514   514 V StorageManagerService: Package com.android.providers.downloads.ui does not have legacy storage
12-14 11:48:03.280   514   514 V StorageManagerService: Package com.google.android.hotspot2.osulogin does not have legacy storage
12-14 11:48:03.280   514   514 V StorageManagerService: Package com.android.vending has legacy storage
12-14 11:48:03.280   514   514 V StorageManagerService: Package com.android.pacprocessor does not have legacy storage
12-14 11:48:03.280   514   514 V StorageManagerService: Package com.android.simappdialog does not have legacy storage
12-14 11:48:03.280   514   514 V StorageManagerService: Package com.android.internal.display.cutout.emulation.hole does not have legacy storage
12-14 11:48:03.281   424   465 E OMXNodeInstance: getExtensionIndex(0xed380470:google.vp9.decoder, OMX.google.android.index.configureVideoTunnelMode) ERROR: UnsupportedIndex(0x8000101a)
12-14 11:48:03.281   416   468 D MediaCodecInfo: detail feature-tunneled-playback wasn't present to remove
12-14 11:48:03.281   424   465 E OMXNodeInstance: getExtensionIndex(0xed380470:google.vp9.decoder, OMX.google.android.index.enableAndroidNativeBuffers) ERROR: UnsupportedIndex(0x8000101a)
12-14 11:48:03.281   655   824 I bt_osi_thread: run_thread: thread id 824, thread name alarm_default_ca started
12-14 11:48:03.282   514   514 V StorageManagerService: Package com.android.internal.display.cutout.emulation.tall does not have legacy storage
12-14 11:48:03.282   514   514 V StorageManagerService: Package com.android.certinstaller does not have legacy storage
12-14 11:48:03.282   514   514 V StorageManagerService: Package com.android.theme.color.black does not have legacy storage
12-14 11:48:03.282   514   514 V StorageManagerService: Package com.android.carrierconfig does not have legacy storage
12-14 11:48:03.282   514   514 V StorageManagerService: Package com.android.theme.color.green does not have legacy storage
12-14 11:48:03.282   514   514 V StorageManagerService: Package com.android.theme.color.ocean does not have legacy storage
12-14 11:48:03.282   514   514 V StorageManagerService: Package com.android.theme.color.space does not have legacy storage
12-14 11:48:03.282   514   514 V StorageManagerService: Package com.android.internal.systemui.navbar.threebutton does not have legacy storage
12-14 11:48:03.282   514   514 V StorageManagerService: Package android does not have legacy storage
12-14 11:48:03.282   514   514 V StorageManagerService: Package com.android.contacts does not have legacy storage
12-14 11:48:03.282   514   514 V StorageManagerService: Package com.android.camera2 does not have legacy storage
12-14 11:48:03.282   514   514 V StorageManagerService: Package com.android.theme.icon_pack.rounded.launcher does not have legacy storage
12-14 11:48:03.282   514   514 V StorageManagerService: Package com.android.egg does not have legacy storage
12-14 11:48:03.283   514   514 V StorageManagerService: Package com.android.mtp does not have legacy storage
12-14 11:48:03.283   514   514 V StorageManagerService: Package com.android.nfc does not have legacy storage
12-14 11:48:03.283   514   514 V StorageManagerService: Package com.android.ons does not have legacy storage
12-14 11:48:03.283   514   514 V StorageManagerService: Package com.android.stk does not have legacy storage
12-14 11:48:03.283   514   514 V StorageManagerService: Package com.android.backupconfirm does not have legacy storage
12-14 11:48:03.283   514   514 V StorageManagerService: Package com.google.android.deskclock does not have legacy storage
12-14 11:48:03.283   514   514 V StorageManagerService: Package com.android.internal.systemui.navbar.twobutton does not have legacy storage
12-14 11:48:03.283   514   514 V StorageManagerService: Package com.android.statementservice does not have legacy storage
12-14 11:48:03.283   514   514 V StorageManagerService: Package com.google.android.gm does not have legacy storage
12-14 11:48:03.283   514   514 V StorageManagerService: Package com.bountyhunter does not have legacy storage
12-14 11:48:03.283   514   514 V StorageManagerService: Package com.google.android.apps.tachyon has legacy storage
12-14 11:48:03.283   514   514 V StorageManagerService: Package com.android.settings.intelligence does not have legacy storage
12-14 11:48:03.283   514   514 V StorageManagerService: Package com.android.internal.systemui.navbar.gestural_extra_wide_back does not have legacy storage
12-14 11:48:03.283   514   514 V StorageManagerService: Package com.google.android.permissioncontroller does not have legacy storage
12-14 11:48:03.283   514   514 V StorageManagerService: Package com.google.android.setupwizard does not have legacy storage
12-14 11:48:03.283   514   514 V StorageManagerService: Package com.android.emulator.radio.config does not have legacy storage
12-14 11:48:03.283   514   514 V StorageManagerService: Package com.android.providers.settings does not have legacy storage
12-14 11:48:03.283   514   514 V StorageManagerService: Package com.android.sharedstoragebackup does not have legacy storage
12-14 11:48:03.283   514   514 V StorageManagerService: Package com.android.nfc.auto_generated_rro_product__ does not have legacy storage
12-14 11:48:03.283   514   514 V StorageManagerService: Package com.android.printspooler does not have legacy storage
12-14 11:48:03.283   514   514 V StorageManagerService: Package com.android.theme.icon_pack.filled.settings does not have legacy storage
12-14 11:48:03.283   514   514 V StorageManagerService: Package com.android.dreams.basic does not have legacy storage
12-14 11:48:03.283   514   514 V StorageManagerService: Package com.google.android.networkstack.tethering.emulator does not have legacy storage
12-14 11:48:03.283   514   514 V StorageManagerService: Package com.android.providers.settings.auto_generated_rro_product__ does not have legacy storage
12-14 11:48:03.283   514   514 V StorageManagerService: Package com.android.se does not have legacy storage
12-14 11:48:03.282   655   826 I bt_osi_thread: run_thread: thread id 826, thread name alarm_dispatcher started
12-14 11:48:03.283   514   514 V StorageManagerService: Package com.android.inputdevices does not have legacy storage
12-14 11:48:03.283   514   514 V StorageManagerService: Package com.google.android.apps.wellbeing does not have legacy storage
12-14 11:48:03.283   514   514 V StorageManagerService: Package com.android.bips does not have legacy storage
12-14 11:48:03.283   514   514 V StorageManagerService: Package com.google.android.captiveportallogin does not have legacy storage
12-14 11:48:03.284   514   514 V StorageManagerService: Package com.android.theme.icon_pack.circular.settings does not have legacy storage
12-14 11:48:03.284   514   514 V StorageManagerService: Package com.android.musicfx does not have legacy storage
12-14 11:48:03.284   514   514 V StorageManagerService: Package com.google.android.apps.docs does not have legacy storage
12-14 11:48:03.284   514   514 V StorageManagerService: Package com.google.android.apps.maps does not have legacy storage
12-14 11:48:03.284   514   514 V StorageManagerService: Package com.google.android.modulemetadata does not have legacy storage
12-14 11:48:03.284   514   514 V StorageManagerService: Package com.android.internal.display.cutout.emulation.emu01 does not have legacy storage
12-14 11:48:03.284   514   514 V StorageManagerService: Package com.google.android.markup does not have legacy storage
12-14 11:48:03.284   514   514 V StorageManagerService: Package com.android.cellbroadcastreceiver does not have legacy storage
12-14 11:48:03.284   514   514 V StorageManagerService: Package com.google.android.webview does not have legacy storage
12-14 11:48:03.284   514   514 V StorageManagerService: Package com.android.theme.icon.teardrop does not have legacy storage
12-14 11:48:03.284   514   514 V StorageManagerService: Package com.google.android.networkstack does not have legacy storage
12-14 11:48:03.284   514   514 V StorageManagerService: Package com.android.server.telecom does not have legacy storage
12-14 11:48:03.284   514   514 V StorageManagerService: Package com.google.android.syncadapters.contacts does not have legacy storage
12-14 11:48:03.285   514   514 V StorageManagerService: Package com.android.theme.icon_pack.rounded.themepicker does not have legacy storage
12-14 11:48:03.285   514   514 V StorageManagerService: Package com.android.keychain does not have legacy storage
12-14 11:48:03.285   514   514 V StorageManagerService: Package com.android.server.telecom.auto_generated_rro_product__ does not have legacy storage
12-14 11:48:03.285   514   514 V StorageManagerService: Package com.google.android.overlay.googleconfig does not have legacy storage
12-14 11:48:03.285   514   514 V StorageManagerService: Package com.android.service.ims does not have legacy storage
12-14 11:48:03.285   514   523 I system_server: Background concurrent copying GC freed 167671(6374KB) AllocSpace objects, 18(616KB) LOS objects, 49% free, 11MB/23MB, paused 986us total 233.841ms
12-14 11:48:03.285   514   514 V StorageManagerService: Package com.android.chrome does not have legacy storage
12-14 11:48:03.285   514   514 V StorageManagerService: Package com.android.dialer does not have legacy storage
12-14 11:48:03.285   514   585 I InputReader: Reconfiguring input devices, changes=KEYBOARD_LAYOUTS | 
12-14 11:48:03.286   514   514 V StorageManagerService: Package com.android.bips.auto_generated_rro_product__ does not have legacy storage
12-14 11:48:03.286   514   514 V StorageManagerService: Package com.android.theme.icon_pack.filled.systemui does not have legacy storage
12-14 11:48:03.286   514   514 V StorageManagerService: Package com.google.android.packageinstaller does not have legacy storage
12-14 11:48:03.286   514   514 V StorageManagerService: Package com.google.android.gms does not have legacy storage
12-14 11:48:03.286   514   514 V StorageManagerService: Package com.google.android.gsf does not have legacy storage
12-14 11:48:03.286   514   514 V StorageManagerService: Package com.google.android.ims does not have legacy storage
12-14 11:48:03.286   514   514 V StorageManagerService: Package com.google.android.tag does not have legacy storage
12-14 11:48:03.286   514   514 V StorageManagerService: Package com.google.android.tts does not have legacy storage
12-14 11:48:03.286   514   514 V StorageManagerService: Package com.google.android.overlay.permissioncontroller does not have legacy storage
12-14 11:48:03.288   514   514 V StorageManagerService: Package com.google.android.overlay.emulatorconfig does not have legacy storage
12-14 11:48:03.289   514   514 V StorageManagerService: Package com.android.calllogbackup does not have legacy storage
12-14 11:48:03.289   655   804 I bt_btif_core: btif_init_bluetooth entered
12-14 11:48:03.289   655   804 I bt_stack_config: init attempt to load stack conf from /etc/bluetooth/bt_stack.conf
12-14 11:48:03.289   514   514 V StorageManagerService: Package com.google.android.partnersetup does not have legacy storage
12-14 11:48:03.290   514   514 V StorageManagerService: Package com.android.safetyregulatoryinfo does not have legacy storage
12-14 11:48:03.290   514   514 V StorageManagerService: Package com.google.android.apps.wallpaper.nexus does not have legacy storage
12-14 11:48:03.290   514   514 V StorageManagerService: Package com.android.localtransport does not have legacy storage
12-14 11:48:03.290   514   514 V StorageManagerService: Package com.google.android.videos does not have legacy storage
12-14 11:48:03.290   514   514 V StorageManagerService: Package com.google.android.apps.nexuslauncher does not have legacy storage
12-14 11:48:03.290   514   514 V StorageManagerService: Package com.android.carrierdefaultapp does not have legacy storage
12-14 11:48:03.290   514   514 V StorageManagerService: Package com.android.theme.font.notoserifsource does not have legacy storage
12-14 11:48:03.290   514   514 V StorageManagerService: Package com.android.theme.icon_pack.filled.android does not have legacy storage
12-14 11:48:03.290   514   514 V StorageManagerService: Package com.android.proxyhandler does not have legacy storage
12-14 11:48:03.290   514   514 V StorageManagerService: Package com.android.internal.display.cutout.emulation.waterfall does not have legacy storage
12-14 11:48:03.290   514   514 V StorageManagerService: Package com.android.theme.icon_pack.circular.systemui does not have legacy storage
12-14 11:48:03.290   514   514 V StorageManagerService: Package org.chromium.webview_shell does not have legacy storage
12-14 11:48:03.290   514   514 V StorageManagerService: Package com.android.providers.contacts.auto_generated_rro_product__ does not have legacy storage
12-14 11:48:03.290   514   514 V StorageManagerService: Package com.google.android.feedback does not have legacy storage
12-14 11:48:03.290   514   514 V StorageManagerService: Package com.google.android.printservice.recommendation does not have legacy storage
12-14 11:48:03.290   514   514 V StorageManagerService: Package com.google.android.apps.photos does not have legacy storage
12-14 11:48:03.290   514   514 V StorageManagerService: Package com.google.android.calendar does not have legacy storage
12-14 11:48:03.290   514   514 V StorageManagerService: Package com.android.managedprovisioning does not have legacy storage
12-14 11:48:03.290   514   514 V StorageManagerService: Package com.android.soundpicker does not have legacy storage
12-14 11:48:03.290   514   514 V StorageManagerService: Package com.google.android.documentsui does not have legacy storage
12-14 11:48:03.290   514   514 V StorageManagerService: Package com.google.mainline.telemetry does not have legacy storage
12-14 11:48:03.290   514   514 V StorageManagerService: Package com.android.carrierconfig.auto_generated_rro_product__ does not have legacy storage
12-14 11:48:03.290   514   514 V StorageManagerService: Package com.android.emulator.multidisplay does not have legacy storage
12-14 11:48:03.290   514   514 V StorageManagerService: Package com.android.providers.partnerbookmarks does not have legacy storage
12-14 11:48:03.290   514   514 V StorageManagerService: Package com.android.service.ims.presence does not have legacy storage
12-14 11:48:03.291   514   514 V StorageManagerService: Package com.android.wallpaper.livepicker does not have legacy storage
12-14 11:48:03.291   514   514 V StorageManagerService: Package com.android.providers.telephony.auto_generated_rro_product__ does not have legacy storage
12-14 11:48:03.291   514   514 V StorageManagerService: Package com.android.theme.icon.squircle does not have legacy storage
12-14 11:48:03.291   514   514 V StorageManagerService: Package com.google.android.sdksetup does not have legacy storage
12-14 11:48:03.291   514   514 V StorageManagerService: Package com.google.android.networkstack.permissionconfig does not have legacy storage
12-14 11:48:03.291   514   514 V StorageManagerService: Package com.android.storagemanager does not have legacy storage
12-14 11:48:03.291   514   514 V StorageManagerService: Package com.android.bookmarkprovider does not have legacy storage
12-14 11:48:03.291   514   514 V StorageManagerService: Package com.google.android.overlay.pixelconfigcommon does not have legacy storage
12-14 11:48:03.291   514   514 V StorageManagerService: Package com.android.settings does not have legacy storage
12-14 11:48:03.291   514   514 V StorageManagerService: Package com.google.android.apps.pixelmigrate has legacy storage
12-14 11:48:03.292   514   514 V StorageManagerService: Package com.android.theme.icon_pack.filled.launcher does not have legacy storage
12-14 11:48:03.292   514   514 V StorageManagerService: Package com.google.android.projection.gearhead does not have legacy storage
12-14 11:48:03.292   514   514 V StorageManagerService: Package com.android.cts.ctsshim does not have legacy storage
12-14 11:48:03.292   514   514 V StorageManagerService: Package com.google.android.wifi.resources does not have legacy storage
12-14 11:48:03.292   514   514 V StorageManagerService: Package com.android.theme.icon_pack.circular.launcher does not have legacy storage
12-14 11:48:03.292   416   468 I OMXClient: IOmx service obtained
12-14 11:48:03.292   514   514 V StorageManagerService: Package com.android.vpndialogs does not have legacy storage
12-14 11:48:03.292   514   514 V StorageManagerService: Package com.google.android.apps.wallpaper does not have legacy storage
12-14 11:48:03.292   514   514 V StorageManagerService: Package com.android.phone does not have legacy storage
12-14 11:48:03.292   514   514 V StorageManagerService: Package com.android.shell does not have legacy storage
12-14 11:48:03.292   514   514 V StorageManagerService: Package com.android.theme.icon_pack.filled.themepicker does not have legacy storage
12-14 11:48:03.292   514   514 V StorageManagerService: Package com.android.wallpaperbackup does not have legacy storage
12-14 11:48:03.292   514   514 V StorageManagerService: Package com.android.providers.blockednumber does not have legacy storage
12-14 11:48:03.292   514   514 V StorageManagerService: Package com.android.settings.auto_generated_rro_product__ does not have legacy storage
12-14 11:48:03.292   514   514 V StorageManagerService: Package com.android.providers.userdictionary does not have legacy storage
12-14 11:48:03.292   514   514 V StorageManagerService: Package com.android.emergency does not have legacy storage
12-14 11:48:03.292   514   514 V StorageManagerService: Package com.android.internal.systemui.navbar.gestural does not have legacy storage
12-14 11:48:03.292   514   514 V StorageManagerService: Package com.android.location.fused does not have legacy storage
12-14 11:48:03.292   514   514 V StorageManagerService: Package com.android.theme.color.orchid does not have legacy storage
12-14 11:48:03.292   514   514 V StorageManagerService: Package com.android.systemui does not have legacy storage
12-14 11:48:03.292   514   514 V StorageManagerService: Package com.google.android.apps.youtube.music has legacy storage
12-14 11:48:03.292   514   514 V StorageManagerService: Package com.android.theme.color.purple does not have legacy storage
12-14 11:48:03.292   514   514 V StorageManagerService: Package com.android.bluetoothmidiservice does not have legacy storage
12-14 11:48:03.292   514   514 V StorageManagerService: Package com.android.traceur does not have legacy storage
12-14 11:48:03.292   514   514 V StorageManagerService: Package com.google.android.apps.nexuslauncher.auto_generated_rro_product__ does not have legacy storage
12-14 11:48:03.292   514   514 V StorageManagerService: Package com.google.android.cellbroadcastreceiver does not have legacy storage
12-14 11:48:03.293   514   514 V StorageManagerService: Package com.android.phone.auto_generated_rro_product__ does not have legacy storage
12-14 11:48:03.293   514   514 V StorageManagerService: Package android.auto_generated_rro_product__ does not have legacy storage
12-14 11:48:03.293   514   514 V StorageManagerService: Package com.android.bluetooth does not have legacy storage
12-14 11:48:03.293   514   514 V StorageManagerService: Package com.android.providers.contacts does not have legacy storage
12-14 11:48:03.293   514   514 V StorageManagerService: Package com.android.theme.icon.roundedrect does not have legacy storage
12-14 11:48:03.293   514   514 V StorageManagerService: Package com.android.internal.systemui.navbar.gestural_narrow_back does not have legacy storage
12-14 11:48:03.293   514   514 V StorageManagerService: Package com.android.theme.icon_pack.rounded.settings does not have legacy storage
12-14 11:48:03.293   514   514 V StorageManagerService: Package com.google.android.inputmethod.latin does not have legacy storage
12-14 11:48:03.293   514   514 V StorageManagerService: Package com.android.theme.icon_pack.circular.android does not have legacy storage
12-14 11:48:03.293   514   514 V StorageManagerService: Package com.google.android.apps.restore has legacy storage
12-14 11:48:03.293   424   465 I OMXMaster: makeComponentInstance(OMX.google.h264.encoder) in android.hardwar process
12-14 11:48:03.294   655   827 I droid.bluetoot: [1214/114803.294171:INFO:message_loop_thread.cc(175)] Run: message loop starting for thread bt_jni_thread
12-14 11:48:03.294   655   804 I bt_btif_core: btif_init_bluetooth finished
12-14 11:48:03.294   655   804 I bt_stack_manager: event_init_stack finished
12-14 11:48:03.295   655   655 I bt_osi_wakelock: wakelock_set_os_callouts set to non-native
12-14 11:48:03.295   655   655 I bt_btif : get_profile_interface: id = socket
12-14 11:48:03.295   655   827 E bt_btif_storage: btif_storage_get_adapter_property: Controller not ready! Unable to return Bluetooth Address
12-14 11:48:03.295   655   827 E BluetoothServiceJni: adapter_properties_callback: Status 1 is incorrect
12-14 11:48:03.296   655   655 D BluetoothKeystoreService: initJni()
12-14 11:48:03.296   655   655 I bt_btif : get_profile_interface: id = bluetooth_keystore
12-14 11:48:03.296   655   655 I bt_btif : get_profile_interface: id = sdp
12-14 11:48:03.300   514   514 I SystemServerTiming: ssm.onStartUser-0_com.android.server.usage.StorageStatsService$Lifecycle
12-14 11:48:03.300   514   514 I SystemServerTiming: ssm.onStartUser-0_com.android.server.UiModeManagerService
12-14 11:48:03.300   514   514 I SystemServerTiming: ssm.onStartUser-0_com.android.server.locksettings.LockSettingsService$Lifecycle
12-14 11:48:03.300   514   514 I SystemServerTiming: ssm.onStartUser-0_com.android.server.testharness.TestHarnessModeService
12-14 11:48:03.300   514   514 I SystemServerTiming: ssm.onStartUser-0_com.android.server.DeviceIdleController
12-14 11:48:03.300   514   514 I SystemServerTiming: ssm.onStartUser-0_com.android.server.devicepolicy.DevicePolicyManagerService$Lifecycle
12-14 11:48:03.300   514   514 I SystemServerTiming: ssm.onStartUser-0_com.android.server.contentcapture.ContentCaptureManagerService
12-14 11:48:03.300   514   514 I SystemServerTiming: ssm.onStartUser-0_com.android.server.systemcaptions.SystemCaptionsManagerService
12-14 11:48:03.300   514   514 I SystemServerTiming: ssm.onStartUser-0_com.android.server.appprediction.AppPredictionManagerService
12-14 11:48:03.300   514   514 I SystemServerTiming: ssm.onStartUser-0_com.android.server.contentsuggestions.ContentSuggestionsManagerService
12-14 11:48:03.301   514   514 I SystemServerTiming: ssm.onStartUser-0_com.android.server.textservices.TextServicesManagerService$Lifecycle
12-14 11:48:03.301   514   514 I SystemServerTiming: ssm.onStartUser-0_com.android.server.textclassifier.TextClassificationManagerService$Lifecycle
12-14 11:48:03.301   514   514 I SystemServerTiming: ssm.onStartUser-0_com.android.server.NetworkScoreService$Lifecycle
12-14 11:48:03.301   514   514 I SystemServerTiming: ssm.onStartUser-0_com.android.server.wifi.WifiService
12-14 11:48:03.301   514   514 I SystemServerTiming: ssm.onStartUser-0_com.android.server.wifi.scanner.WifiScanningService
12-14 11:48:03.301   514   514 I SystemServerTiming: ssm.onStartUser-0_com.android.server.wifi.p2p.WifiP2pService
12-14 11:48:03.301   514   514 I SystemServerTiming: ssm.onStartUser-0_com.android.server.notification.NotificationManagerService
12-14 11:48:03.301   514   514 I SystemServerTiming: ssm.onStartUser-0_com.android.server.storage.DeviceStorageMonitorService
12-14 11:48:03.301   514   514 I SystemServerTiming: ssm.onStartUser-0_com.android.server.location.LocationManagerService$Lifecycle
12-14 11:48:03.303   655   655 I BluetoothAdapterService: Phone policy enabled
12-14 11:48:03.303   655   827 D AdapterProperties: Name is: sdk_gphone_x86
12-14 11:48:03.303   655   827 D AdapterProperties: BT Class:5a020c
12-14 11:48:03.306   655   655 D BluetoothActiveDeviceManager: start()
12-14 11:48:03.307   514   514 I SystemServerTiming: ssm.onStartUser-0_com.android.server.timedetector.TimeDetectorService$Lifecycle
12-14 11:48:03.307   514   514 I SystemServerTiming: ssm.onStartUser-0_com.android.server.timezonedetector.TimeZoneDetectorService$Lifecycle
12-14 11:48:03.307   514   514 I SystemServerTiming: ssm.onStartUser-0_com.android.server.search.SearchManagerService$Lifecycle
12-14 11:48:03.307   514   514 I SystemServerTiming: ssm.onStartUser-0_com.android.server.wallpaper.WallpaperManagerService$Lifecycle
12-14 11:48:03.307   514   514 I SystemServerTiming: ssm.onStartUser-0_com.android.server.audio.AudioService$Lifecycle
12-14 11:48:03.307   514   514 I SystemServerTiming: ssm.onStartUser-0_com.android.server.soundtrigger_middleware.SoundTriggerMiddlewareService$Lifecycle
12-14 11:48:03.307   514   514 I SystemServerTiming: ssm.onStartUser-0_com.android.server.DockObserver
12-14 11:48:03.307   514   514 I SystemServerTiming: ssm.onStartUser-0_com.android.server.midi.MidiService$Lifecycle
12-14 11:48:03.308   514   514 I SystemServerTiming: ssm.onStartUser-0_com.android.server.adb.AdbService$Lifecycle
12-14 11:48:03.308   514   514 I SystemServerTiming: ssm.onStartUser-0_com.android.server.usb.UsbService$Lifecycle
12-14 11:48:03.308   514   514 I SystemServerTiming: ssm.onStartUser-0_com.android.server.twilight.TwilightService
12-14 11:48:03.308   514   514 I SystemServerTiming: ssm.onStartUser-0_com.android.server.display.color.ColorDisplayService
12-14 11:48:03.308   514   514 I SystemServerTiming: ssm.onStartUser-0_com.android.server.job.JobSchedulerService
12-14 11:48:03.308   514   514 I SystemServerTiming: ssm.onStartUser-0_com.android.server.soundtrigger.SoundTriggerService
12-14 11:48:03.308   514   514 I SystemServerTiming: ssm.onStartUser-0_com.android.server.trust.TrustManagerService
12-14 11:48:03.308   514   514 I SystemServerTiming: ssm.onStartUser-0_com.android.server.backup.BackupManagerService$Lifecycle
12-14 11:48:03.308   514   514 I SystemServerTiming: ssm.onStartUser-0_com.android.server.appwidget.AppWidgetService
12-14 11:48:03.308   514   514 I SystemServerTiming: ssm.onStartUser-0_com.android.server.role.RoleManagerService
12-14 11:48:03.313   416   468 W OMXUtils: do not know color format 0x7f000789 = 2130708361
12-14 11:48:03.314   655   834 D BluetoothActiveDeviceManager: onAudioDevicesAdded
12-14 11:48:03.314   655   834 D BluetoothActiveDeviceManager: Audio device added: sdk_gphone_x86 type: 18
12-14 11:48:03.314   655   834 D BluetoothActiveDeviceManager: Audio device added: sdk_gphone_x86 type: 2
12-14 11:48:03.314   655   834 D BluetoothActiveDeviceManager: Audio device added: sdk_gphone_x86 type: 18
12-14 11:48:03.314   655   834 D BluetoothActiveDeviceManager: Audio device added: sdk_gphone_x86 type: 15
12-14 11:48:03.314   655   834 D BluetoothActiveDeviceManager: Audio device added: sdk_gphone_x86 type: 16
12-14 11:48:03.314   514   514 I SystemServerTiming: ssm.onStartUser-0_com.android.server.voiceinteraction.VoiceInteractionManagerService
12-14 11:48:03.314   655   834 D BluetoothActiveDeviceManager: Audio device added: sdk_gphone_x86 type: 25
12-14 11:48:03.315   514   514 I SystemServerTiming: ssm.onStartUser-0_com.android.server.GestureLauncherService
12-14 11:48:03.315   514   514 I SystemServerTiming: ssm.onStartUser-0_com.android.server.SensorNotificationService
12-14 11:48:03.315   514   514 I SystemServerTiming: ssm.onStartUser-0_com.android.server.emergency.EmergencyAffordanceService
12-14 11:48:03.315   514   514 I SystemServerTiming: ssm.onStartUser-0_com.android.server.dreams.DreamManagerService
12-14 11:48:03.315   514   514 I SystemServerTiming: ssm.onStartUser-0_com.android.server.blob.BlobStoreManagerService
12-14 11:48:03.315   514   514 I SystemServerTiming: ssm.onStartUser-0_com.android.server.print.PrintManagerService
12-14 11:48:03.315   514   514 I SystemServerTiming: ssm.onStartUser-0_com.android.server.companion.CompanionDeviceManagerService
12-14 11:48:03.315   514   514 I SystemServerTiming: ssm.onStartUser-0_com.android.server.restrictions.RestrictionsManagerService
12-14 11:48:03.315   514   514 I SystemServerTiming: ssm.onStartUser-0_com.android.server.media.MediaSessionService
12-14 11:48:03.315   514   514 I SystemServerTiming: ssm.onStartUser-0_com.android.server.media.MediaResourceMonitorService
12-14 11:48:03.315   514   514 I SystemServerTiming: ssm.onStartUser-0_com.android.server.biometrics.fingerprint.FingerprintService
12-14 11:48:03.315   514   514 I SystemServerTiming: ssm.onStartUser-0_com.android.server.biometrics.BiometricService
