12-14 11:47:57.795   514   514 D CompatConfig: Adding: com.android.server.compat.config.Change@5feb99b
12-14 11:47:57.796   514   536 I SystemConfig: Reading permissions from /vendor/etc/permissions/android.hardware.wifi.direct.xml
12-14 11:47:57.796   514   514 D CompatConfig: Adding: com.android.server.compat.config.Change@f137511
12-14 11:47:57.797   514   514 D CompatConfig: Adding: com.android.server.compat.config.Change@51a3676
12-14 11:47:57.797   514   536 I SystemConfig: Reading permissions from /product/etc/sysconfig/google_build.xml
12-14 11:47:57.797   514   514 D CompatConfig: Adding: com.android.server.compat.config.Change@30b68e4
12-14 11:47:57.798   514   536 I SystemConfig: Reading permissions from /product/etc/sysconfig/preinstalled-packages-platform-overlays.xml
12-14 11:47:57.798   514   514 D CompatConfig: Adding: com.android.server.compat.config.Change@8eb4402
12-14 11:47:57.799   514   514 D CompatConfig: Found a config file: /system/etc/compatconfig/documents-ui-compat-config.xml
12-14 11:47:57.799   514   536 I SystemConfig: Reading permissions from /product/etc/sysconfig/google.xml
12-14 11:47:57.799   514   514 D CompatConfig: Adding: com.android.server.compat.config.Change@46b549
12-14 11:47:57.800   514   514 D CompatConfig: Found a config file: /system/etc/compatconfig/libcore-platform-compat-config.xml
12-14 11:47:57.801   514   514 D CompatConfig: Adding: com.android.server.compat.config.Change@41c5b6f
12-14 11:47:57.801   514   536 I SystemConfig: Adding association: com.google.android.as <- com.android.bluetooth
12-14 11:47:57.801   514   536 I SystemConfig: Adding association: com.google.android.as <- com.android.providers.contacts
12-14 11:47:57.801   514   536 I SystemConfig: Adding association: com.google.android.as <- com.android.providers.media
12-14 11:47:57.801   514   536 I SystemConfig: Adding association: com.google.android.as <- com.android.providers.telephony
12-14 11:47:57.801   514   536 I SystemConfig: Adding association: com.google.android.as <- com.android.systemui
12-14 11:47:57.801   514   536 I SystemConfig: Adding association: com.google.android.as <- com.google.android.providers.media.module
12-14 11:47:57.802   514   536 I SystemConfig: Reading permissions from /product/etc/sysconfig/preinstalled-packages-platform-aosp-product.xml
12-14 11:47:57.802   514   514 D CompatConfig: Adding: com.android.server.compat.config.Change@cbc5d05
12-14 11:47:57.803   514   514 D CompatConfig: Adding: com.android.server.compat.config.Change@43d3f8b
12-14 11:47:57.803   514   536 I SystemConfig: Reading permissions from /product/etc/sysconfig/preinstalled-packages-platform-handheld-product.xml
12-14 11:47:57.804   514   536 I SystemConfig: Reading permissions from /product/etc/sysconfig/disable-zero-touch.xml
12-14 11:47:57.804   514   514 D CompatConfig: Adding: com.android.server.compat.config.Change@52ac481
12-14 11:47:57.805   514   536 I SystemConfig: Reading permissions from /product/etc/sysconfig/google-hiddenapi-package-whitelist.xml
12-14 11:47:57.805   514   514 D CompatConfig: Found a config file: /system/system_ext/etc/compatconfig/settings-platform-compat-config.xml
12-14 11:47:57.806   514   514 D CompatConfig: Adding: com.android.server.compat.config.Change@98cd314
12-14 11:47:57.807   514   536 I SystemConfig: Reading permissions from /product/etc/sysconfig/wellbeing.xml
12-14 11:47:57.808   514   536 I SystemConfig: Reading permissions from /product/etc/permissions/android.software.verified_boot.xml
12-14 11:47:57.809   514   536 I SystemConfig: Reading permissions from /product/etc/permissions/privapp-permissions-goldfish.xml
12-14 11:47:57.810   514   536 I SystemConfig: Reading permissions from /product/etc/permissions/com.android.contacts.xml
12-14 11:47:57.811   408   408 I ServiceManager: Waiting for service 'package_native' on '/dev/binder'...
12-14 11:47:57.811   514   536 I SystemConfig: Reading permissions from /product/etc/permissions/privapp-permissions-google-p.xml
12-14 11:47:57.813   514   536 I SystemConfig: Reading permissions from /product/etc/permissions/android.hardware.telephony.euicc.xml
12-14 11:47:57.814   514   536 I SystemConfig: Reading permissions from /product/etc/permissions/privapp-permissions-sdk-google.xml
12-14 11:47:57.814   514   514 I ApexManagerTiming: getActiveApexInfos_noCache
12-14 11:47:57.814   514   536 I SystemConfig: Reading permissions from /product/etc/permissions/com.android.settings.intelligence.xml
12-14 11:47:57.815   514   536 I SystemConfig: Reading permissions from /product/etc/permissions/com.android.dialer.xml
12-14 11:47:57.816   514   536 I SystemConfig: Reading permissions from /product/etc/permissions/com.google.android.dialer.support.xml
12-14 11:47:57.817   514   514 D CompatConfig: No directory /apex/com.android.neuralnetworks/etc/compatconfig, skipping
12-14 11:47:57.817   514   514 D CompatConfig: No directory /apex/com.android.tethering/etc/compatconfig, skipping
12-14 11:47:57.817   514   514 D CompatConfig: No directory /apex/com.android.permission/etc/compatconfig, skipping
12-14 11:47:57.817   514   514 D CompatConfig: No directory /apex/com.android.os.statsd/etc/compatconfig, skipping
12-14 11:47:57.817   514   514 D CompatConfig: No directory /apex/com.android.apex.cts.shim/etc/compatconfig, skipping
12-14 11:47:57.818   514   536 I SystemConfig: Reading permissions from /product/etc/permissions/split-permissions-google.xml
12-14 11:47:57.818   514   514 D CompatConfig: No directory /apex/com.android.ipsec/etc/compatconfig, skipping
12-14 11:47:57.818   514   514 D CompatConfig: No directory /apex/com.android.adbd/etc/compatconfig, skipping
12-14 11:47:57.818   514   514 D CompatConfig: No directory /apex/com.android.sdkext/etc/compatconfig, skipping
12-14 11:47:57.818   514   514 D CompatConfig: No directory /apex/com.android.telephony/etc/compatconfig, skipping
12-14 11:47:57.818   514   536 W SystemConfig: No directory /system_ext/etc/sysconfig, skipping
12-14 11:47:57.819   514   514 D CompatConfig: Found a config file: /apex/com.android.mediaprovider/etc/compatconfig/media-provider-platform-compat-config.xml
12-14 11:47:57.819   514   536 I SystemConfig: Reading permissions from /system_ext/etc/permissions/com.android.carrierconfig.xml
12-14 11:47:57.820   514   514 D CompatConfig: No directory /apex/com.android.resolv/etc/compatconfig, skipping
12-14 11:47:57.820   514   536 I SystemConfig: Reading permissions from /system_ext/etc/permissions/androidx.window.sidecar.xml
12-14 11:47:57.820   514   514 D CompatConfig: No directory /apex/com.android.media/etc/compatconfig, skipping
12-14 11:47:57.820   514   514 D CompatConfig: No directory /apex/com.android.extservices/etc/compatconfig, skipping
12-14 11:47:57.820   514   514 D CompatConfig: No directory /apex/com.android.art/etc/compatconfig, skipping
12-14 11:47:57.820   514   514 D CompatConfig: No directory /apex/com.android.runtime/etc/compatconfig, skipping
12-14 11:47:57.820   514   514 D CompatConfig: No directory /apex/com.android.vndk.v30/etc/compatconfig, skipping
12-14 11:47:57.820   514   514 D CompatConfig: No directory /apex/com.android.i18n/etc/compatconfig, skipping
12-14 11:47:57.821   514   514 D CompatConfig: No directory /apex/com.android.conscrypt/etc/compatconfig, skipping
12-14 11:47:57.821   514   536 I SystemConfig: Reading permissions from /system_ext/etc/permissions/privapp-permissions-google-se.xml
12-14 11:47:57.821   514   514 D CompatConfig: No directory /apex/com.android.media.swcodec/etc/compatconfig, skipping
12-14 11:47:57.821   514   514 D CompatConfig: No directory /apex/com.android.cellbroadcast/etc/compatconfig, skipping
12-14 11:47:57.821   514   514 D CompatConfig: No directory /apex/com.android.wifi/etc/compatconfig, skipping
12-14 11:47:57.821   514   514 D CompatConfig: No directory /apex/com.android.tzdata/etc/compatconfig, skipping
12-14 11:47:57.822   514   536 I SystemConfig: Reading permissions from /system_ext/etc/permissions/com.google.android.sdksetup.xml
12-14 11:47:57.824   514   536 I SystemConfig: Reading permissions from /system_ext/etc/permissions/com.android.systemui.xml
12-14 11:47:57.824   514   514 I SystemServerTiming: StartFileIntegrityService
12-14 11:47:57.824   514   514 I SystemServiceManager: Starting com.android.server.security.FileIntegrityService
12-14 11:47:57.825   514   536 I SystemConfig: Reading permissions from /system_ext/etc/permissions/com.android.emulator.radio.config.xml
12-14 11:47:57.826   514   536 I SystemConfig: Reading permissions from /system_ext/etc/permissions/com.android.launcher3.xml
12-14 11:47:57.826   514   536 I SystemConfig: Reading permissions from /system_ext/etc/permissions/com.android.settings.xml
12-14 11:47:57.827   514   536 I SystemConfig: Reading permissions from /system_ext/etc/permissions/com.android.storagemanager.xml
12-14 11:47:57.830   514   536 I SystemConfig: Reading permissions from /apex/com.android.ipsec/etc/permissions/android.net.ipsec.ike.xml
12-14 11:47:57.832   514   514 I SystemServerTiming: StartInstaller
12-14 11:47:57.832   514   514 I SystemServiceManager: Starting com.android.server.pm.Installer
12-14 11:47:57.832   407   423 D installd: Found quota mount /dev/block/dm-5 at /data
12-14 11:47:57.832   407   423 D installd: Found quota mount /dev/block/dm-5 at /data/user/0
12-14 11:47:57.833   514   514 I SystemServerTiming: DeviceIdentifiersPolicyService
12-14 11:47:57.833   514   514 I SystemServiceManager: Starting com.android.server.os.DeviceIdentifiersPolicyService
12-14 11:47:57.833   514   514 I SystemServerTiming: UriGrantsManagerService
12-14 11:47:57.833   514   514 I SystemServiceManager: Starting com.android.server.uri.UriGrantsManagerService$Lifecycle
12-14 11:47:57.844   514   514 I SystemServerTiming: StartActivityManager
12-14 11:47:57.844   514   514 I SystemServiceManager: Starting com.android.server.wm.ActivityTaskManagerService$Lifecycle
12-14 11:47:57.871   514   514 I SystemServiceManager: Starting com.android.server.am.ActivityManagerService$Lifecycle
12-14 11:47:57.893   284   284 I ServiceManager: Waiting for service 'statscompanion' on '/dev/binder'...
12-14 11:47:57.893   413   421 I ServiceManager: Waiting for service 'package_native' on '/dev/binder'...
12-14 11:47:57.893   514   514 I ActivityManager: Memory class: 192
12-14 11:47:57.895   419   419 I ServiceManager: Waiting for service 'package_native' on '/dev/binder'...
12-14 11:47:57.912   408   408 I ServiceManager: Waiting for service 'package_native' on '/dev/binder'...
12-14 11:47:57.932   514   514 D BatteryStatsImpl: Reading daily items from /data/system/batterystats-daily.xml
12-14 11:47:57.952   514   545 I BatteryStatsService: Using power.stats HAL
12-14 11:47:57.954   514   545 W BatteryStatsService: Rail information is not available
12-14 11:47:57.954   514   545 W BatteryStatsService: Rail energy data is not available
12-14 11:47:57.955   514   545 E BluetoothAdapter: Bluetooth binder is null
12-14 11:47:57.957   514   545 I KernelCpuUidFreqTimeReader: mPerClusterTimesAvailable=false
12-14 11:47:57.961   514   545 E KernelCpuSpeedReader: Failed to read cpu-freq: /sys/devices/system/cpu/cpu1/cpufreq/stats/time_in_state: open failed: ENOENT (No such file or directory)
12-14 11:47:57.962   514   545 E KernelCpuSpeedReader: Failed to read cpu-freq: /sys/devices/system/cpu/cpu0/cpufreq/stats/time_in_state: open failed: ENOENT (No such file or directory)
12-14 11:47:57.964   204   208 E android.system.suspend@1.0-service: Error opening kernel wakelock stats for: wakeup34: Permission denied
12-14 11:47:57.967   204   208 E android.system.suspend@1.0-service: Error opening kernel wakelock stats for: wakeup35: Permission denied
12-14 11:47:57.960   204   204 W Binder:204_2: type=1400 audit(0.0:6): avc: denied { read } for name="wakeup34" dev="sysfs" ino=18754 scontext=u:r:system_suspend:s0 tcontext=u:object_r:sysfs:s0 tclass=dir permissive=0
12-14 11:47:57.968   514   545 W KernelMemoryBandwidthStats: No kernel memory bandwidth stats available
12-14 11:47:57.964   204   204 W Binder:204_2: type=1400 audit(0.0:7): avc: denied { read } for name="wakeup35" dev="sysfs" ino=18817 scontext=u:r:system_suspend:s0 tcontext=u:object_r:sysfs:s0 tclass=dir permissive=0
12-14 11:47:57.978   172   172 I hwservicemanager: getTransport: Cannot find entry android.hardware.memtrack@1.0::IMemtrack/default in either framework or device manifest.
12-14 11:47:57.979   514   514 E memtrack: Couldn't load memtrack module
12-14 11:47:57.993   413   421 I ServiceManager: Waiting for service 'package_native' on '/dev/binder'...
12-14 11:47:57.993   284   284 I ServiceManager: Waiting for service 'statscompanion' on '/dev/binder'...
12-14 11:47:57.997   419   419 I ServiceManager: Waiting for service 'package_native' on '/dev/binder'...
12-14 11:47:58.013   408   408 I ServiceManager: Waiting for service 'package_native' on '/dev/binder'...
12-14 11:47:58.096   284   284 I ServiceManager: Waiting for service 'statscompanion' on '/dev/binder'...
12-14 11:47:58.096   413   421 I ServiceManager: Waiting for service 'package_native' on '/dev/binder'...
12-14 11:47:58.098   419   419 I ServiceManager: Waiting for service 'package_native' on '/dev/binder'...
12-14 11:47:58.115   408   408 I ServiceManager: Waiting for service 'package_native' on '/dev/binder'...
12-14 11:47:58.166   514   514 I IntentFirewall: Read new rules (A:0 B:0 S:0)
12-14 11:47:58.196   413   421 I ServiceManager: Waiting for service 'package_native' on '/dev/binder'...
12-14 11:47:58.197   284   284 I ServiceManager: Waiting for service 'statscompanion' on '/dev/binder'...
12-14 11:47:58.199   419   419 I ServiceManager: Waiting for service 'package_native' on '/dev/binder'...
12-14 11:47:58.200   514   514 D AppOps  : AppOpsService published
12-14 11:47:58.206   514   514 I SystemServerTiming: StartDataLoaderManagerService
12-14 11:47:58.206   514   514 I SystemServiceManager: Starting com.android.server.pm.DataLoaderManagerService
12-14 11:47:58.207   514   514 I SystemServerTiming: StartIncrementalService
12-14 11:47:58.215   514   514 I incfs-mounts: [incfs] Loaded incremental-fs mount info: 0 instances, 0 mount points
12-14 11:47:58.215   408   408 I ServiceManager: Waiting for service 'package_native' on '/dev/binder'...
12-14 11:47:58.216   514   514 I SystemServerTiming: StartPowerManager
12-14 11:47:58.216   514   514 I SystemServiceManager: Starting com.android.server.power.PowerManagerService
12-14 11:47:58.231   171   171 I servicemanager: Found android.hardware.power.IPower/default in device VINTF manifest.
12-14 11:47:58.232   172   172 I hw-BpHwBinder: onLastStrongRef automatically unlinking death recipients
12-14 11:47:58.233   322   322 I android.hardware.power-service.example: Power isModeSupported: 7
12-14 11:47:58.235   322   322 I android.hardware.power-service.example: Power isModeSupported: 0
12-14 11:47:58.236   514   514 I SystemServerTiming: StartThermalManager
12-14 11:47:58.236   514   514 I SystemServiceManager: Starting com.android.server.power.ThermalManagerService
12-14 11:47:58.239   514   514 I SystemServerTiming: InitPowerManagement
12-14 11:47:58.241   514   514 I SystemServerTiming: StartRecoverySystemService
12-14 11:47:58.241   514   514 I SystemServiceManager: Starting com.android.server.recoverysystem.RecoverySystemService$Lifecycle
12-14 11:47:58.248   514   514 I PackageWatchdog: Syncing state, reason: added new observer
12-14 11:47:58.248   514   514 I PackageWatchdog: Not pruning observers, elapsed time: 0ms
12-14 11:47:58.248   514   514 I PackageWatchdog: Cancelling state sync, nothing to sync
12-14 11:47:58.248   514   537 I PackageWatchdog: Saving observer state to file
12-14 11:47:58.249   514   514 I SystemServerTiming: StartLightsService
12-14 11:47:58.249   514   514 I SystemServiceManager: Starting com.android.server.lights.LightsService
12-14 11:47:58.255   171   171 I servicemanager: Found android.hardware.light.ILights/default in device VINTF manifest.
12-14 11:47:58.260   319   319 I android.hardware.lights-service.example: Lights reporting supported lights
12-14 11:47:58.262   514   514 I SystemServerTiming: StartSidekickService
12-14 11:47:58.262   514   514 I SystemServerTiming: StartDisplayManager
12-14 11:47:58.262   514   514 I SystemServiceManager: Starting com.android.server.display.DisplayManagerService
12-14 11:47:58.275   339   403 E HWComposer: getSupportedContentTypes: getSupportedContentTypes failed for display 8141603649153536: Unsupported (8)
12-14 11:47:58.275   514   514 I SystemServerTiming: WaitForDisplay
12-14 11:47:58.275   514   514 I SystemServiceManager: Starting phase 100
12-14 11:47:58.275   514   514 I SystemServerTiming: OnBootPhase_100
12-14 11:47:58.275   514   514 I SystemServerTiming: OnBootPhase_100_com.android.server.security.FileIntegrityService
12-14 11:47:58.275   514   514 I SystemServerTiming: OnBootPhase_100_com.android.server.pm.Installer
12-14 11:47:58.275   514   514 I SystemServerTiming: OnBootPhase_100_com.android.server.os.DeviceIdentifiersPolicyService
12-14 11:47:58.275   514   514 I SystemServerTiming: OnBootPhase_100_com.android.server.uri.UriGrantsManagerService$Lifecycle
12-14 11:47:58.275   514   514 I SystemServerTiming: OnBootPhase_100_com.android.server.wm.ActivityTaskManagerService$Lifecycle
12-14 11:47:58.275   514   514 I SystemServerTiming: OnBootPhase_100_com.android.server.am.ActivityManagerService$Lifecycle
12-14 11:47:58.275   514   514 I SystemServerTiming: OnBootPhase_100_com.android.server.pm.DataLoaderManagerService
12-14 11:47:58.275   514   514 I SystemServerTiming: OnBootPhase_100_com.android.server.power.PowerManagerService
12-14 11:47:58.276   514   514 I SystemServerTiming: OnBootPhase_100_com.android.server.power.ThermalManagerService
12-14 11:47:58.276   514   514 I SystemServerTiming: OnBootPhase_100_com.android.server.recoverysystem.RecoverySystemService$Lifecycle
12-14 11:47:58.276   514   514 I SystemServerTiming: OnBootPhase_100_com.android.server.lights.LightsService
12-14 11:47:58.276   514   514 I SystemServerTiming: OnBootPhase_100_com.android.server.display.DisplayManagerService
12-14 11:47:58.282   514   532 I DisplayManagerService: Display device added: DisplayDeviceInfo{"Built-in Screen": uniqueId="local:8141603649153536", 1080 x 1920, modeId 1, defaultModeId 1, supportedModes [{id=1, width=1080, height=1920, fps=60.000004}], colorMode 0, supportedColorModes [0], HdrCapabilities HdrCapabilities{mSupportedHdrTypes=[], mMaxLuminance=500.0, mMaxAverageLuminance=500.0, mMinLuminance=0.0}, allmSupported false, gameContentTypeSupported false, density 420, 420.0 x 420.0 dpi, appVsyncOff 1000000, presDeadline 16666666, touch INTERNAL, rotation 0, type INTERNAL, address {port=0, model=0x1cecbed168ea}, deviceProductInfo DeviceProductInfo{name=EMU_display_0, manufacturerPnpId=GGL, productId=1, modelYear=null, manufactureDate=ManufactureDate{week=27, year=2006}, relativeAddress=null}, state UNKNOWN, FLAG_DEFAULT_DISPLAY, FLAG_ROTATES_WITH_CONTENT, FLAG_SECURE, FLAG_SUPPORTS_PROTECTED_BUFFERS}
12-14 11:47:58.283   339   339 D SurfaceFlinger: Setting power mode 2 on display 8141603649153536
12-14 11:47:58.283   514   532 I DisplayManagerService: Display device changed state: "Built-in Screen", ON
12-14 11:47:58.283   514   514 I SystemServerTiming: StartPackageManagerService
12-14 11:47:58.283   514   514 I Watchdog: Pausing HandlerChecker: main thread for reason: packagemanagermain. Pause count: 1
12-14 11:47:58.297   284   284 I ServiceManager: Waiting for service 'statscompanion' on '/dev/binder'...
12-14 11:47:58.297   413   421 I ServiceManager: Waiting for service 'package_native' on '/dev/binder'...
12-14 11:47:58.300   419   419 I ServiceManager: Waiting for service 'package_native' on '/dev/binder'...
12-14 11:47:58.303   514   514 I PackageManagerTiming: create package manager
12-14 11:47:58.310   514   514 I PackageManagerTiming: createSubComponents
12-14 11:47:58.317   408   408 I ServiceManager: Waiting for service 'package_native' on '/dev/binder'...
12-14 11:47:58.350   514   514 I PackageManagerTiming: addSharedUsers
12-14 11:47:58.351   514   514 I PackageManagerTiming: get system config
12-14 11:47:58.354   514   514 D PackageManager: Directories scanned as system partitions: [/system:0, /vendor:524288, /odm:4194304, /oem:262144, /product:1048576, /system_ext:2097152, /apex/com.android.neuralnetworks:8388608, /apex/com.android.tethering:8388608, /apex/com.android.permission:8388608, /apex/com.android.os.statsd:8388608, /apex/com.android.apex.cts.shim:8388608, /apex/com.android.ipsec:8388608, /apex/com.android.adbd:8388608, /apex/com.android.sdkext:8388608, /apex/com.android.telephony:8388608, /apex/com.android.mediaprovider:8388608, /apex/com.android.resolv:8388608, /apex/com.android.media:8388608, /apex/com.android.extservices:8388608, /apex/com.android.art:8388608, /apex/com.android.runtime:8388608, /apex/com.android.vndk.v30:8388608, /apex/com.android.i18n:8388608, /apex/com.android.conscrypt:8388608, /apex/com.android.media.swcodec:8388608, /apex/com.android.cellbroadcast:8388608, /apex/com.android.wifi:8388608, /apex/com.android.tzdata:8388608]
12-14 11:47:58.355   514   514 D SELinuxMMAC: Using policy file /system/etc/selinux/plat_mac_permissions.xml
12-14 11:47:58.357   514   514 D SELinuxMMAC: Using policy file /vendor/etc/selinux/vendor_mac_permissions.xml
12-14 11:47:58.357   514   514 I PackageManagerTiming: loadFallbacks
12-14 11:47:58.359   514   514 D FallbackCategoryProvider: Found 387 fallback categories
12-14 11:47:58.359   514   514 I PackageManagerTiming: read user settings
12-14 11:47:58.399   413   421 I ServiceManager: Waiting for service 'package_native' on '/dev/binder'...
12-14 11:47:58.399   284   284 I ServiceManager: Waiting for service 'statscompanion' on '/dev/binder'...
12-14 11:47:58.402   419   419 I ServiceManager: Waiting for service 'package_native' on '/dev/binder'...
12-14 11:47:58.419   408   408 I ServiceManager: Waiting for service 'package_native' on '/dev/binder'...
12-14 11:47:58.437   514   514 W PackageManager: Unknown element under <package>: uses-static-lib
12-14 11:47:58.500   413   421 I ServiceManager: Waiting for service 'package_native' on '/dev/binder'...
12-14 11:47:58.500   284   284 I ServiceManager: Waiting for service 'statscompanion' on '/dev/binder'...
12-14 11:47:58.504   419   419 I ServiceManager: Waiting for service 'package_native' on '/dev/binder'...
12-14 11:47:58.520   408   408 I ServiceManager: Waiting for service 'package_native' on '/dev/binder'...
12-14 11:47:58.451   514   514 W PackageManager: Unknown element under <package>: uses-static-lib
12-14 11:47:58.578   514   514 W PackageSettings: Missing permission state for shared user: android.uid.log
12-14 11:47:58.598   514   514 D PackageManager: Keeping known cache d407d7d9accfa4ea3f11009df4db387f38f8459c
12-14 11:47:58.601   284   284 I ServiceManager: Waiting for service 'statscompanion' on '/dev/binder'...
12-14 11:47:58.601   413   421 I ServiceManager: Waiting for service 'package_native' on '/dev/binder'...
12-14 11:47:58.605   419   419 I ServiceManager: Waiting for service 'package_native' on '/dev/binder'...
12-14 11:47:58.623   408   408 I ServiceManager: Waiting for service 'package_native' on '/dev/binder'...
12-14 11:47:58.638   514   514 D PackageManager: No files in app dir /system_ext/overlay
12-14 11:47:58.641   514   514 I PackageBackwardCompatibility: Loaded android.content.pm.AndroidTestBaseUpdater
12-14 11:47:58.642   514   514 D CompatibilityChangeReporter: Compat change id reported: 143539591; UID -1; state: ENABLED
12-14 11:47:58.645   514   514 D CompatibilityChangeReporter: Compat change id reported: 135549675; UID 10000; state: ENABLED
12-14 11:47:58.646   514   514 D CompatibilityChangeReporter: Compat change id reported: 135549675; UID 10001; state: ENABLED
12-14 11:47:58.647   514   514 D CompatibilityChangeReporter: Compat change id reported: 135549675; UID 10003; state: ENABLED
12-14 11:47:58.647   514   514 D CompatibilityChangeReporter: Compat change id reported: 135549675; UID 10002; state: ENABLED
12-14 11:47:58.648   514   514 D CompatibilityChangeReporter: Compat change id reported: 135549675; UID 10005; state: ENABLED
12-14 11:47:58.651   514   514 D CompatibilityChangeReporter: Compat change id reported: 135549675; UID 10006; state: ENABLED
12-14 11:47:58.652   514   514 D CompatibilityChangeReporter: Compat change id reported: 135549675; UID 10004; state: ENABLED
12-14 11:47:58.653   514   514 D CompatibilityChangeReporter: Compat change id reported: 135549675; UID 10008; state: ENABLED
12-14 11:47:58.655   514   514 D CompatibilityChangeReporter: Compat change id reported: 135549675; UID 10010; state: ENABLED
12-14 11:47:58.656   514   514 D CompatibilityChangeReporter: Compat change id reported: 135549675; UID 10007; state: ENABLED
12-14 11:47:58.659   514   514 D CompatibilityChangeReporter: Compat change id reported: 135549675; UID 10011; state: ENABLED
12-14 11:47:58.661   514   514 D CompatibilityChangeReporter: Compat change id reported: 135549675; UID 10009; state: ENABLED
12-14 11:47:58.665   514   514 D CompatibilityChangeReporter: Compat change id reported: 135549675; UID 10013; state: ENABLED
12-14 11:47:58.666   514   514 D CompatibilityChangeReporter: Compat change id reported: 135549675; UID 10015; state: ENABLED
12-14 11:47:58.667   514   514 D CompatibilityChangeReporter: Compat change id reported: 135549675; UID 10014; state: ENABLED
12-14 11:47:58.668   514   514 D CompatibilityChangeReporter: Compat change id reported: 135549675; UID 10016; state: ENABLED
12-14 11:47:58.669   514   514 D CompatibilityChangeReporter: Compat change id reported: 135549675; UID 10012; state: ENABLED
12-14 11:47:58.670   514   514 D CompatibilityChangeReporter: Compat change id reported: 135549675; UID 10020; state: ENABLED
12-14 11:47:58.671   514   514 D CompatibilityChangeReporter: Compat change id reported: 135549675; UID 10017; state: ENABLED
12-14 11:47:58.672   514   514 D CompatibilityChangeReporter: Compat change id reported: 135549675; UID 10023; state: ENABLED
12-14 11:47:58.673   514   514 D CompatibilityChangeReporter: Compat change id reported: 135549675; UID 10021; state: ENABLED
12-14 11:47:58.674   514   514 D CompatibilityChangeReporter: Compat change id reported: 135549675; UID 10019; state: ENABLED
12-14 11:47:58.675   514   514 D CompatibilityChangeReporter: Compat change id reported: 135549675; UID 10018; state: ENABLED
12-14 11:47:58.675   514   514 D CompatibilityChangeReporter: Compat change id reported: 135549675; UID 10022; state: ENABLED
12-14 11:47:58.679   514   514 D CompatibilityChangeReporter: Compat change id reported: 135549675; UID 10027; state: ENABLED
12-14 11:47:58.679   514   514 D CompatibilityChangeReporter: Compat change id reported: 135549675; UID 10026; state: ENABLED
12-14 11:47:58.681   514   514 D CompatibilityChangeReporter: Compat change id reported: 135549675; UID 10024; state: ENABLED
12-14 11:47:58.681   514   514 D CompatibilityChangeReporter: Compat change id reported: 135549675; UID 10028; state: ENABLED
12-14 11:47:58.683   514   514 D CompatibilityChangeReporter: Compat change id reported: 135549675; UID 10030; state: ENABLED
12-14 11:47:58.683   514   514 D CompatibilityChangeReporter: Compat change id reported: 135549675; UID 10025; state: ENABLED
12-14 11:47:58.683   514   514 D CompatibilityChangeReporter: Compat change id reported: 135549675; UID 10029; state: ENABLED
12-14 11:47:58.685   514   514 D CompatibilityChangeReporter: Compat change id reported: 135549675; UID 10034; state: ENABLED
12-14 11:47:58.688   514   514 D CompatibilityChangeReporter: Compat change id reported: 135549675; UID 10031; state: ENABLED
12-14 11:47:58.689   514   514 D CompatibilityChangeReporter: Compat change id reported: 135549675; UID 10032; state: ENABLED
12-14 11:47:58.689   514   514 D CompatibilityChangeReporter: Compat change id reported: 135549675; UID 10033; state: ENABLED
12-14 11:47:58.693   514   514 D CompatibilityChangeReporter: Compat change id reported: 135549675; UID 10037; state: ENABLED
12-14 11:47:58.695   514   514 D CompatibilityChangeReporter: Compat change id reported: 135549675; UID 10035; state: ENABLED
12-14 11:47:58.696   514   514 D CompatibilityChangeReporter: Compat change id reported: 135549675; UID 10036; state: ENABLED
12-14 11:47:58.697   514   514 D CompatibilityChangeReporter: Compat change id reported: 135549675; UID 10040; state: ENABLED
12-14 11:47:58.698   514   514 D CompatibilityChangeReporter: Compat change id reported: 135549675; UID 10039; state: ENABLED
12-14 11:47:58.698   514   514 D CompatibilityChangeReporter: Compat change id reported: 135549675; UID 10038; state: ENABLED
12-14 11:47:58.699   514   514 D CompatibilityChangeReporter: Compat change id reported: 135549675; UID 10042; state: ENABLED
12-14 11:47:58.700   514   514 D CompatibilityChangeReporter: Compat change id reported: 135549675; UID 10041; state: ENABLED
12-14 11:47:58.701   514   514 D CompatibilityChangeReporter: Compat change id reported: 135549675; UID 10044; state: ENABLED
12-14 11:47:58.701   514   514 D CompatibilityChangeReporter: Compat change id reported: 135549675; UID 10043; state: ENABLED
12-14 11:47:58.701   514   514 D CompatibilityChangeReporter: Compat change id reported: 135549675; UID 10046; state: ENABLED
12-14 11:47:58.702   284   284 I ServiceManager: Waiting for service 'statscompanion' on '/dev/binder'...
12-14 11:47:58.702   413   421 I ServiceManager: Waiting for service 'package_native' on '/dev/binder'...
12-14 11:47:58.702   514   514 D CompatibilityChangeReporter: Compat change id reported: 135549675; UID 10047; state: ENABLED
12-14 11:47:58.703   514   514 D CompatibilityChangeReporter: Compat change id reported: 135549675; UID 10045; state: ENABLED
12-14 11:47:58.703   514   514 D CompatibilityChangeReporter: Compat change id reported: 135549675; UID 10048; state: ENABLED
12-14 11:47:58.704   514   514 D CompatibilityChangeReporter: Compat change id reported: 135549675; UID 10052; state: ENABLED
12-14 11:47:58.705   514   514 D CompatibilityChangeReporter: Compat change id reported: 135549675; UID 10050; state: ENABLED
12-14 11:47:58.706   514   514 D CompatibilityChangeReporter: Compat change id reported: 135549675; UID 10051; state: ENABLED
12-14 11:47:58.706   419   419 I ServiceManager: Waiting for service 'package_native' on '/dev/binder'...
12-14 11:47:58.707   514   514 D CompatibilityChangeReporter: Compat change id reported: 135549675; UID 10049; state: ENABLED
12-14 11:47:58.707   514   514 D CompatibilityChangeReporter: Compat change id reported: 135549675; UID 10053; state: ENABLED
12-14 11:47:58.708   514   514 D CompatibilityChangeReporter: Compat change id reported: 135549675; UID 10054; state: ENABLED
12-14 11:47:58.708   514   514 D CompatibilityChangeReporter: Compat change id reported: 135549675; UID 10055; state: ENABLED
12-14 11:47:58.709   514   514 D CompatibilityChangeReporter: Compat change id reported: 135549675; UID 10056; state: ENABLED
12-14 11:47:58.709   514   514 D CompatibilityChangeReporter: Compat change id reported: 135549675; UID 10059; state: ENABLED
12-14 11:47:58.709   514   514 D CompatibilityChangeReporter: Compat change id reported: 135549675; UID 10058; state: ENABLED
12-14 11:47:58.710   514   514 D CompatibilityChangeReporter: Compat change id reported: 135549675; UID 10057; state: ENABLED
12-14 11:47:58.711   514   514 D CompatibilityChangeReporter: Compat change id reported: 135549675; UID 10060; state: ENABLED
12-14 11:47:58.711   514   514 D PackageManager: No files in app dir /oem/overlay
12-14 11:47:58.711   514   514 D PackageManager: No files in app dir /odm/overlay
12-14 11:47:58.711   514   514 D PackageManager: No files in app dir /vendor/overlay
12-14 11:47:58.714   514   514 W PackageManager: Failed to parse /system/framework/x86: Missing base APK in /system/framework/x86
12-14 11:47:58.714   514   514 W PackageManager: Failed to parse /system/framework/oat: Missing base APK in /system/framework/oat/x86
12-14 11:47:58.723   514   514 D CompatibilityChangeReporter: Compat change id reported: 135549675; UID 1000; state: ENABLED
12-14 11:47:58.725   408   408 I ServiceManager: Waiting for service 'package_native' on '/dev/binder'...
12-14 11:47:58.734   514   514 D CompatibilityChangeReporter: Compat change id reported: 135549675; UID 10061; state: ENABLED
12-14 11:47:58.740   514   514 D CompatibilityChangeReporter: Compat change id reported: 135549675; UID 10065; state: ENABLED
12-14 11:47:58.746   514   514 D CompatibilityChangeReporter: Compat change id reported: 135549675; UID 10062; state: ENABLED
12-14 11:47:58.757   514   514 D CompatibilityChangeReporter: Compat change id reported: 135549675; UID 10063; state: ENABLED
12-14 11:47:58.759   514   514 D CompatibilityChangeReporter: Compat change id reported: 135549675; UID 10064; state: ENABLED
12-14 11:47:58.762   514   514 D CompatibilityChangeReporter: Compat change id reported: 135549675; UID 1001; state: ENABLED
12-14 11:47:58.763   514   514 D CompatibilityChangeReporter: Compat change id reported: 135549675; UID 2000; state: ENABLED
12-14 11:47:58.766   514   514 D CompatibilityChangeReporter: Compat change id reported: 135549675; UID 10066; state: ENABLED
12-14 11:47:58.768   514   514 D CompatibilityChangeReporter: Compat change id reported: 135549675; UID 10067; state: ENABLED
12-14 11:47:58.769   514   514 D CompatibilityChangeReporter: Compat change id reported: 135549675; UID 10069; state: ENABLED
12-14 11:47:58.770   514   514 D CompatibilityChangeReporter: Compat change id reported: 135549675; UID 10068; state: ENABLED
12-14 11:47:58.772   514   514 D CompatibilityChangeReporter: Compat change id reported: 135549675; UID 10074; state: ENABLED
12-14 11:47:58.773   514   514 D CompatibilityChangeReporter: Compat change id reported: 135549675; UID 10070; state: ENABLED
12-14 11:47:58.778   514   514 D CompatibilityChangeReporter: Compat change id reported: 135549675; UID 10071; state: ENABLED
12-14 11:47:58.779   514   514 D CompatibilityChangeReporter: Compat change id reported: 135549675; UID 10072; state: ENABLED
12-14 11:47:58.780   514   514 D CompatibilityChangeReporter: Compat change id reported: 135549675; UID 10073; state: ENABLED
12-14 11:47:58.781   514   514 D CompatibilityChangeReporter: Compat change id reported: 135549675; UID 10076; state: ENABLED
12-14 11:47:58.796   514   514 D CompatibilityChangeReporter: Compat change id reported: 135549675; UID 10075; state: ENABLED
12-14 11:47:58.798   514   514 D CompatibilityChangeReporter: Compat change id reported: 135549675; UID 1073; state: ENABLED
12-14 11:47:58.802   514   514 D CompatibilityChangeReporter: Compat change id reported: 135549675; UID 10077; state: ENABLED
12-14 11:47:58.803   413   421 I ServiceManager: Waiting for service 'package_native' on '/dev/binder'...
12-14 11:47:58.803   284   284 I ServiceManager: Waiting for service 'statscompanion' on '/dev/binder'...
12-14 11:47:58.807   419   419 I ServiceManager: Waiting for service 'package_native' on '/dev/binder'...
12-14 11:47:58.809   514   514 D CompatibilityChangeReporter: Compat change id reported: 135549675; UID 10078; state: ENABLED
12-14 11:47:58.813   514   514 D CompatibilityChangeReporter: Compat change id reported: 135549675; UID 10080; state: ENABLED
12-14 11:47:58.815   514   514 D CompatibilityChangeReporter: Compat change id reported: 143539591; UID -1; state: DISABLED
12-14 11:47:58.817   514   514 D CompatibilityChangeReporter: Compat change id reported: 135549675; UID 10079; state: DISABLED
12-14 11:47:58.821   514   514 D CompatibilityChangeReporter: Compat change id reported: 135549675; UID 1027; state: ENABLED
12-14 11:47:58.823   514   514 D CompatibilityChangeReporter: Compat change id reported: 135549675; UID 10081; state: ENABLED
12-14 11:47:58.826   408   408 I ServiceManager: Waiting for service 'package_native' on '/dev/binder'...
12-14 11:47:58.825   514   514 D CompatibilityChangeReporter: Compat change id reported: 135549675; UID 10083; state: DISABLED
12-14 11:47:58.827   514   514 D CompatibilityChangeReporter: Compat change id reported: 135549675; UID 10084; state: ENABLED
12-14 11:47:58.828   514   514 D CompatibilityChangeReporter: Compat change id reported: 135549675; UID 10085; state: ENABLED
12-14 11:47:58.829   514   514 D CompatibilityChangeReporter: Compat change id reported: 135549675; UID 10082; state: ENABLED
12-14 11:47:58.830   514   514 D CompatibilityChangeReporter: Compat change id reported: 135549675; UID 1002; state: ENABLED
12-14 11:47:58.831   514   514 D CompatibilityChangeReporter: Compat change id reported: 135549675; UID 10090; state: DISABLED
12-14 11:47:58.833   514   514 D CompatibilityChangeReporter: Compat change id reported: 135549675; UID 1068; state: ENABLED
12-14 11:47:58.834   514   514 D CompatibilityChangeReporter: Compat change id reported: 135549675; UID 10087; state: ENABLED
12-14 11:47:58.838   514   514 D CompatibilityChangeReporter: Compat change id reported: 135549675; UID 10086; state: ENABLED
12-14 11:47:58.840   514   514 D CompatibilityChangeReporter: Compat change id reported: 135549675; UID 10088; state: ENABLED
12-14 11:47:58.841   514   514 D CompatibilityChangeReporter: Compat change id reported: 135549675; UID 10091; state: ENABLED
12-14 11:47:58.843   514   514 D CompatibilityChangeReporter: Compat change id reported: 135549675; UID 10089; state: ENABLED
12-14 11:47:58.844   514   514 D CompatibilityChangeReporter: Compat change id reported: 135549675; UID 10092; state: ENABLED
12-14 11:47:58.845   514   514 D CompatibilityChangeReporter: Compat change id reported: 135549675; UID 10093; state: ENABLED
12-14 11:47:58.846   514   514 D CompatibilityChangeReporter: Compat change id reported: 135549675; UID 10094; state: ENABLED
12-14 11:47:58.847   514   514 D CompatibilityChangeReporter: Compat change id reported: 135549675; UID 10095; state: ENABLED
12-14 11:47:58.848   514   514 D PackageManager: No files in app dir /vendor/priv-app
12-14 11:47:58.848   514   514 D PackageManager: No files in app dir /vendor/app
12-14 11:47:58.848   514   514 D PackageManager: No files in app dir /odm/priv-app
12-14 11:47:58.848   514   514 D PackageManager: No files in app dir /odm/app
12-14 11:47:58.849   514   514 D PackageManager: No files in app dir /oem/app
12-14 11:47:58.856   514   514 D CompatibilityChangeReporter: Compat change id reported: 135549675; UID 10096; state: DISABLED
12-14 11:47:58.859   514   514 D CompatibilityChangeReporter: Compat change id reported: 135549675; UID 10097; state: DISABLED
12-14 11:47:58.864   514   514 D CompatibilityChangeReporter: Compat change id reported: 135549675; UID 10099; state: DISABLED
12-14 11:47:58.875   514   514 D CompatibilityChangeReporter: Compat change id reported: 135549675; UID 10100; state: ENABLED
12-14 11:47:58.881   514   514 D CompatibilityChangeReporter: Compat change id reported: 135549675; UID 10098; state: ENABLED
12-14 11:47:58.885   514   514 D CompatibilityChangeReporter: Compat change id reported: 135549675; UID 10101; state: DISABLED
12-14 11:47:58.886   514   514 D CompatibilityChangeReporter: Compat change id reported: 135549675; UID 10103; state: DISABLED
12-14 11:47:58.887   514   514 D CompatibilityChangeReporter: Compat change id reported: 135549675; UID 10104; state: DISABLED
12-14 11:47:58.888   514   514 W PackageManager: Failed to scan /product/priv-app/Phonesky: Package com.android.vending at /product/priv-app/Phonesky ignored: updated version 82313010 better than this 82043300
12-14 11:47:58.891   514   514 D CompatibilityChangeReporter: Compat change id reported: 135549675; UID 10105; state: DISABLED
12-14 11:47:58.893   514   514 D CompatibilityChangeReporter: Compat change id reported: 135549675; UID 10107; state: DISABLED
12-14 11:47:58.894   514   514 D CompatibilityChangeReporter: Compat change id reported: 135549675; UID 10106; state: DISABLED
12-14 11:47:58.896   514   514 D CompatibilityChangeReporter: Compat change id reported: 135549675; UID 10108; state: DISABLED
12-14 11:47:58.898   514   514 W PackageManager: Failed to scan /product/priv-app/PrebuiltGmsCore: Package com.google.android.gms at /product/priv-app/PrebuiltGmsCore ignored: updated version 204516049 better than this 201817022
12-14 11:47:58.905   284   284 I ServiceManager: Waiting for service 'statscompanion' on '/dev/binder'...
12-14 11:47:58.905   413   421 I ServiceManager: Waiting for service 'package_native' on '/dev/binder'...
12-14 11:47:58.907   514   514 D CompatibilityChangeReporter: Compat change id reported: 135549675; UID 10110; state: DISABLED
12-14 11:47:58.909   419   419 I ServiceManager: Waiting for service 'package_native' on '/dev/binder'...
12-14 11:47:58.914   514   514 D CompatibilityChangeReporter: Compat change id reported: 135549675; UID 10111; state: DISABLED
12-14 11:47:58.918   514   514 D CompatibilityChangeReporter: Compat change id reported: 135549675; UID 10116; state: ENABLED
12-14 11:47:58.922   514   514 D CompatibilityChangeReporter: Compat change id reported: 135549675; UID 10113; state: DISABLED
12-14 11:47:58.925   514   514 D CompatibilityChangeReporter: Compat change id reported: 135549675; UID 10114; state: DISABLED
12-14 11:47:58.926   408   408 I ServiceManager: Waiting for service 'package_native' on '/dev/binder'...
12-14 11:47:58.927   514   514 D CompatibilityChangeReporter: Compat change id reported: 135549675; UID 10112; state: DISABLED
12-14 11:47:58.928   514   514 D CompatibilityChangeReporter: Compat change id reported: 135549675; UID 10115; state: ENABLED
12-14 11:47:58.930   514   514 D CompatibilityChangeReporter: Compat change id reported: 135549675; UID 10117; state: ENABLED
12-14 11:47:58.931   514   514 D CompatibilityChangeReporter: Compat change id reported: 135549675; UID 10121; state: DISABLED
12-14 11:47:58.932   514   514 D CompatibilityChangeReporter: Compat change id reported: 135549675; UID 10118; state: DISABLED
12-14 11:47:58.933   514   514 D CompatibilityChangeReporter: Compat change id reported: 135549675; UID 10120; state: ENABLED
12-14 11:47:58.934   514   514 D CompatibilityChangeReporter: Compat change id reported: 135549675; UID 10123; state: DISABLED
12-14 11:47:58.935   514   514 D CompatibilityChangeReporter: Compat change id reported: 135549675; UID 10122; state: ENABLED
12-14 11:47:58.937   514   514 D CompatibilityChangeReporter: Compat change id reported: 135549675; UID 10119; state: DISABLED
12-14 11:47:58.939   514   514 D CompatibilityChangeReporter: Compat change id reported: 135549675; UID 10125; state: DISABLED
12-14 11:47:58.941   514   514 D CompatibilityChangeReporter: Compat change id reported: 135549675; UID 10128; state: ENABLED
12-14 11:47:58.943   514   514 D CompatibilityChangeReporter: Compat change id reported: 135549675; UID 10126; state: DISABLED
12-14 11:47:58.945   514   514 D CompatibilityChangeReporter: Compat change id reported: 135549675; UID 10124; state: ENABLED
12-14 11:47:58.946   514   514 D CompatibilityChangeReporter: Compat change id reported: 135549675; UID 10127; state: ENABLED
12-14 11:47:58.947   514   514 D CompatibilityChangeReporter: Compat change id reported: 135549675; UID 10130; state: ENABLED
12-14 11:47:58.948   514   514 D CompatibilityChangeReporter: Compat change id reported: 135549675; UID 10131; state: DISABLED
12-14 11:47:58.949   514   514 D CompatibilityChangeReporter: Compat change id reported: 135549675; UID 10129; state: DISABLED
12-14 11:47:58.950   514   514 D CompatibilityChangeReporter: Compat change id reported: 135549675; UID 10134; state: DISABLED
12-14 11:47:58.951   514   514 D CompatibilityChangeReporter: Compat change id reported: 135549675; UID 10132; state: DISABLED
12-14 11:47:58.952   514   514 D CompatibilityChangeReporter: Compat change id reported: 135549675; UID 10133; state: DISABLED
12-14 11:47:58.958   514   514 D CompatibilityChangeReporter: Compat change id reported: 135549675; UID 10135; state: DISABLED
12-14 11:47:58.961   514   514 D CompatibilityChangeReporter: Compat change id reported: 135549675; UID 10138; state: ENABLED
12-14 11:47:58.963   514   514 D CompatibilityChangeReporter: Compat change id reported: 135549675; UID 10137; state: DISABLED
12-14 11:47:58.964   514   514 D CompatibilityChangeReporter: Compat change id reported: 135549675; UID 10136; state: ENABLED
12-14 11:47:58.966   514   514 D CompatibilityChangeReporter: Compat change id reported: 135549675; UID 10140; state: ENABLED
12-14 11:47:58.967   514   514 D CompatibilityChangeReporter: Compat change id reported: 135549675; UID 10139; state: ENABLED
12-14 11:47:58.969   514   514 W PackageManager: Skipping provider name com.android.car.ui.CarUiInstaller (in package com.google.android.gsf): name already used by com.android.managedprovisioning
12-14 11:47:58.969   514   514 D CompatibilityChangeReporter: Compat change id reported: 135549675; UID 10109; state: ENABLED
12-14 11:47:58.972   514   514 D CompatibilityChangeReporter: Compat change id reported: 135549675; UID 10144; state: ENABLED
12-14 11:47:58.974   514   514 D CompatibilityChangeReporter: Compat change id reported: 135549675; UID 10141; state: ENABLED
12-14 11:47:58.976   514   514 D CompatibilityChangeReporter: Compat change id reported: 135549675; UID 10143; state: ENABLED
12-14 11:47:58.978   514   514 D CompatibilityChangeReporter: Compat change id reported: 135549675; UID 10142; state: ENABLED
12-14 11:47:58.982   514   514 D CompatibilityChangeReporter: Compat change id reported: 135549675; UID 10145; state: ENABLED
12-14 11:47:58.982   514   514 D PackageManager: No files in app dir /apex/com.android.neuralnetworks/priv-app
12-14 11:47:58.982   514   514 D PackageManager: No files in app dir /apex/com.android.neuralnetworks/app
12-14 11:47:58.984   514   514 D CompatibilityChangeReporter: Compat change id reported: 135549675; UID 1073; state: DISABLED
12-14 11:47:58.984   514   514 D PackageManager: No files in app dir /apex/com.android.tethering/app
12-14 11:47:58.989   514   514 D CompatibilityChangeReporter: Compat change id reported: 135549675; UID 10147; state: DISABLED
12-14 11:47:58.989   514   514 D PackageManager: No files in app dir /apex/com.android.permission/app
12-14 11:47:58.990   514   514 D PackageManager: No files in app dir /apex/com.android.os.statsd/priv-app
12-14 11:47:58.990   514   514 D PackageManager: No files in app dir /apex/com.android.os.statsd/app
12-14 11:47:58.993   514   514 D CompatibilityChangeReporter: Compat change id reported: 135549675; UID 10151; state: DISABLED
12-14 11:47:58.997   514   514 D CompatibilityChangeReporter: Compat change id reported: 135549675; UID 10152; state: DISABLED
12-14 11:47:58.997   514   514 D PackageManager: No files in app dir /apex/com.android.ipsec/priv-app
12-14 11:47:58.997   514   514 D PackageManager: No files in app dir /apex/com.android.ipsec/app
12-14 11:47:58.997   514   514 D PackageManager: No files in app dir /apex/com.android.adbd/priv-app
12-14 11:47:58.998   514   514 D PackageManager: No files in app dir /apex/com.android.adbd/app
12-14 11:47:58.998   514   514 D PackageManager: No files in app dir /apex/com.android.sdkext/priv-app
12-14 11:47:58.998   514   514 D PackageManager: No files in app dir /apex/com.android.sdkext/app
12-14 11:47:58.998   514   514 D PackageManager: No files in app dir /apex/com.android.telephony/priv-app
12-14 11:47:58.998   514   514 D PackageManager: No files in app dir /apex/com.android.telephony/app
12-14 11:47:59.001   514   514 D CompatibilityChangeReporter: Compat change id reported: 135549675; UID 10148; state: ENABLED
12-14 11:47:59.001   514   514 D PackageManager: No files in app dir /apex/com.android.mediaprovider/app
12-14 11:47:59.001   514   514 D PackageManager: No files in app dir /apex/com.android.resolv/priv-app
12-14 11:47:59.001   514   514 D PackageManager: No files in app dir /apex/com.android.resolv/app
12-14 11:47:59.001   514   514 D PackageManager: No files in app dir /apex/com.android.media/priv-app
12-14 11:47:59.001   514   514 D PackageManager: No files in app dir /apex/com.android.media/app
12-14 11:47:59.004   514   514 D CompatibilityChangeReporter: Compat change id reported: 135549675; UID 10146; state: ENABLED
12-14 11:47:59.004   514   514 D PackageManager: No files in app dir /apex/com.android.extservices/app
12-14 11:47:59.005   514   514 D PackageManager: No files in app dir /apex/com.android.art/priv-app
12-14 11:47:59.005   514   514 D PackageManager: No files in app dir /apex/com.android.art/app
12-14 11:47:59.005   514   514 D PackageManager: No files in app dir /apex/com.android.runtime/priv-app
12-14 11:47:59.005   514   514 D PackageManager: No files in app dir /apex/com.android.runtime/app
12-14 11:47:59.005   514   514 D PackageManager: No files in app dir /apex/com.android.vndk.v30/priv-app
12-14 11:47:59.005   514   514 D PackageManager: No files in app dir /apex/com.android.vndk.v30/app
12-14 11:47:59.005   514   514 D PackageManager: No files in app dir /apex/com.android.i18n/priv-app
12-14 11:47:59.005   514   514 D PackageManager: No files in app dir /apex/com.android.i18n/app
12-14 11:47:59.005   514   514 D PackageManager: No files in app dir /apex/com.android.conscrypt/priv-app
12-14 11:47:59.005   514   514 D PackageManager: No files in app dir /apex/com.android.conscrypt/app
12-14 11:47:59.005   514   514 D PackageManager: No files in app dir /apex/com.android.media.swcodec/priv-app
12-14 11:47:59.005   514   514 D PackageManager: No files in app dir /apex/com.android.media.swcodec/app
12-14 11:47:59.006   413   421 I ServiceManager: Waiting for service 'package_native' on '/dev/binder'...
