12-14 11:48:03.315   514   514 I SystemServerTiming: ssm.onStartUser-0_com.android.server.biometrics.AuthService
12-14 11:48:03.315   514   514 I SystemServerTiming: ssm.onStartUser-0_com.android.server.pm.ShortcutService$Lifecycle
12-14 11:48:03.315   514   514 I SystemServerTiming: ssm.onStartUser-0_com.android.server.pm.LauncherAppsService
12-14 11:48:03.315   514   514 I SystemServerTiming: ssm.onStartUser-0_com.android.server.pm.CrossProfileAppsService
12-14 11:48:03.315   514   514 I SystemServerTiming: ssm.onStartUser-0_com.android.server.people.PeopleService
12-14 11:48:03.315   514   514 I SystemServerTiming: ssm.onStartUser-0_com.android.server.media.projection.MediaProjectionManagerService
12-14 11:48:03.315   514   514 I SystemServerTiming: ssm.onStartUser-0_com.android.server.slice.SliceManagerService$Lifecycle
12-14 11:48:03.315   514   514 I SystemServerTiming: ssm.onStartUser-0_com.android.server.camera.CameraServiceProxy
12-14 11:48:03.315   799   799 I rkstack.proces: The ClassLoaderContext is a special shared library.
12-14 11:48:03.316   514   514 I SystemServerTiming: ssm.onStartUser-0_com.android.server.stats.StatsCompanion$Lifecycle
12-14 11:48:03.316   514   514 I SystemServerTiming: ssm.onStartUser-0_com.android.server.stats.pull.StatsPullAtomService
12-14 11:48:03.316   514   514 I SystemServerTiming: ssm.onStartUser-0_com.android.server.incident.IncidentCompanionService
12-14 11:48:03.316   514   514 I SystemServerTiming: ssm.onStartUser-0_com.android.server.MmsServiceBroker
12-14 11:48:03.317   514   514 I SystemServerTiming: ssm.onStartUser-0_com.android.server.autofill.AutofillManagerService
12-14 11:48:03.317   514   514 I SystemServerTiming: ssm.onStartUser-0_com.android.server.clipboard.ClipboardService
12-14 11:48:03.317   514   514 I SystemServerTiming: ssm.onStartUser-0_com.android.server.appbinding.AppBindingService$Lifecycle
12-14 11:48:03.318   514   514 I SystemServerTiming: ssm.onStartUser-0_com.android.server.policy.PermissionPolicyService
12-14 11:48:03.318   514   514 I SystemServerTiming: ssm.onStartUser-0_com.android.server.pm.StagingManager$Lifecycle
12-14 11:48:03.318   514   514 I SystemServerTiming: startPersistentApps
12-14 11:48:03.320   514   514 D CompatibilityChangeReporter: Compat change id reported: 135634846; UID 1068; state: DISABLED
12-14 11:48:03.321   655   655 D BluetoothDatabase: start()
12-14 11:48:03.322   416   468 I OMXClient: IOmx service obtained
12-14 11:48:03.323   424   465 I OMXMaster: makeComponentInstance(OMX.google.h263.encoder) in android.hardwar process
12-14 11:48:03.323   514   514 D CompatibilityChangeReporter: Compat change id reported: 135634846; UID 1001; state: DISABLED
12-14 11:48:03.323   514   514 I SystemServerTiming: startHomeOnAllDisplays
12-14 11:48:03.327   514   514 I ActivityTaskManager: START u0 {act=android.intent.action.MAIN cat=[android.intent.category.HOME] flg=0x10000100 cmp=com.android.settings/.FallbackHome} from uid 0
12-14 11:48:03.328   424   465 I SoftMPEG4Encoder: Construct SoftMPEG4Encoder
12-14 11:48:03.328   514   532 D EventSequenceValidator: Transition from INIT to INTENT_STARTED
12-14 11:48:03.329   286   286 D Zygote  : Forked child process 840
12-14 11:48:03.332   799   799 D NetworkSecurityConfig: No Network Security Config specified, using platform default
12-14 11:48:03.332   799   799 D NetworkSecurityConfig: No Network Security Config specified, using platform default
12-14 11:48:03.335   840   840 W com.android.se: Unexpected CPU variant for X86 using defaults: x86
12-14 11:48:03.339   416   468 W OMXUtils: do not know color format 0x7f000789 = 2130708361
12-14 11:48:03.340   424   424 E OMXNodeInstance: getConfig(0xed380470:google.h263.encoder, ConfigAndroidIntraRefresh(0x6f60000a)) ERROR: Undefined(0x80001001)
12-14 11:48:03.340   424   424 E OMXNodeInstance: getParameter(0xed380470:google.h263.encoder, ParamVideoIntraRefresh(0x6000006)) ERROR: UnsupportedIndex(0x8000101a)
12-14 11:48:03.340   416   468 D MediaCodecInfo: detail feature-frame-parsing wasn't present to remove
12-14 11:48:03.343   840   840 E com.android.se: Not starting debugger since process cannot load the jdwp agent.
12-14 11:48:03.346   416   468 I OMXClient: IOmx service obtained
12-14 11:48:03.347   424   424 I OMXMaster: makeComponentInstance(OMX.google.mpeg4.encoder) in android.hardwar process
12-14 11:48:03.347   424   424 I SoftMPEG4Encoder: Construct SoftMPEG4Encoder
12-14 11:48:03.354   416   468 W OMXUtils: do not know color format 0x7f000789 = 2130708361
12-14 11:48:03.355   424   465 E OMXNodeInstance: getConfig(0xed380470:google.mpeg4.encoder, ConfigAndroidIntraRefresh(0x6f60000a)) ERROR: Undefined(0x80001001)
12-14 11:48:03.356   424   465 E OMXNodeInstance: getParameter(0xed380470:google.mpeg4.encoder, ParamVideoIntraRefresh(0x6000006)) ERROR: UnsupportedIndex(0x8000101a)
12-14 11:48:03.356   416   468 D MediaCodecInfo: detail feature-frame-parsing wasn't present to remove
12-14 11:48:03.358   416   468 I OMXClient: IOmx service obtained
12-14 11:48:03.358   424   465 I OMXMaster: makeComponentInstance(OMX.google.vp8.encoder) in android.hardwar process
12-14 11:48:03.364   416   468 W OMXUtils: do not know color format 0x7f000789 = 2130708361
12-14 11:48:03.364   424   465 E OMXNodeInstance: getConfig(0xed380470:google.vp8.encoder, ConfigAndroidIntraRefresh(0x6f60000a)) ERROR: Undefined(0x80001001)
12-14 11:48:03.364   424   465 E OMXNodeInstance: getParameter(0xed380470:google.vp8.encoder, ParamVideoIntraRefresh(0x6000006)) ERROR: UnsupportedIndex(0x8000101a)
12-14 11:48:03.365   416   468 D MediaCodecInfo: detail feature-frame-parsing wasn't present to remove
12-14 11:48:03.368   416   468 I Codec2Client: Available Codec2 services: "software"
12-14 11:48:03.372   430   430 V C2Store : in init
12-14 11:48:03.372   430   430 V C2Store : loading dll
12-14 11:48:03.386   430   430 V C2Store : in ~ComponentModule
12-14 11:48:03.386   430   430 V C2Store : unloading dll
12-14 11:48:03.387   430   430 V C2Store : in init
12-14 11:48:03.387   430   430 V C2Store : loading dll
12-14 11:48:03.393   430   430 V C2Store : in ~ComponentModule
12-14 11:48:03.393   430   430 V C2Store : unloading dll
12-14 11:48:03.393   430   430 V C2Store : in init
12-14 11:48:03.393   430   430 V C2Store : loading dll
12-14 11:48:03.401   430   430 V C2Store : in ~ComponentModule
12-14 11:48:03.401   430   430 V C2Store : unloading dll
12-14 11:48:03.401   430   430 V C2Store : in init
12-14 11:48:03.401   430   430 V C2Store : loading dll
12-14 11:48:03.408   430   430 V C2Store : in ~ComponentModule
12-14 11:48:03.408   430   430 V C2Store : unloading dll
12-14 11:48:03.408   430   430 V C2Store : in init
12-14 11:48:03.408   430   430 V C2Store : loading dll
12-14 11:48:03.414   430   430 V C2Store : in ~ComponentModule
12-14 11:48:03.414   430   430 V C2Store : unloading dll
12-14 11:48:03.414   430   430 V C2Store : in init
12-14 11:48:03.414   430   430 V C2Store : loading dll
12-14 11:48:03.420   430   430 V C2Store : in ~ComponentModule
12-14 11:48:03.421   430   430 V C2Store : unloading dll
12-14 11:48:03.421   430   430 V C2Store : in init
12-14 11:48:03.421   430   430 V C2Store : loading dll
12-14 11:48:03.426   430   430 V C2Store : in ~ComponentModule
12-14 11:48:03.426   430   430 V C2Store : unloading dll
12-14 11:48:03.426   430   430 V C2Store : in init
12-14 11:48:03.426   430   430 V C2Store : loading dll
12-14 11:48:03.433   430   430 V C2Store : in ~ComponentModule
12-14 11:48:03.434   430   430 V C2Store : unloading dll
12-14 11:48:03.434   430   430 V C2Store : in init
12-14 11:48:03.434   430   430 V C2Store : loading dll
12-14 11:48:03.443   430   430 I mediaswcodec: missing struct descriptor #Param::CoreIndex(--004) for field values of struct #Param::CoreIndex(F-12004)
12-14 11:48:03.443   430   430 V C2Store : in ~ComponentModule
12-14 11:48:03.444   430   430 V C2Store : unloading dll
12-14 11:48:03.444   430   430 V C2Store : in init
12-14 11:48:03.444   430   430 V C2Store : loading dll
12-14 11:48:03.458   430   430 V C2Store : in ~ComponentModule
12-14 11:48:03.458   430   430 V C2Store : unloading dll
12-14 11:48:03.458   430   430 V C2Store : in init
12-14 11:48:03.458   430   430 V C2Store : loading dll
12-14 11:48:03.463   430   430 V C2Store : in ~ComponentModule
12-14 11:48:03.463   430   430 V C2Store : unloading dll
12-14 11:48:03.463   430   430 V C2Store : in init
12-14 11:48:03.463   430   430 V C2Store : loading dll
12-14 11:48:03.466   322   322 I android.hardware.power-service.example: Power isModeSupported: 5
12-14 11:48:03.467   430   430 V C2Store : in ~ComponentModule
12-14 11:48:03.467   430   430 V C2Store : unloading dll
12-14 11:48:03.467   430   430 V C2Store : in init
12-14 11:48:03.467   430   430 V C2Store : loading dll
12-14 11:48:03.468   514   514 I SystemServerTiming: showSystemReadyErrorDialogs
12-14 11:48:03.468   514   514 I system_server: getFrameworkHalManifest: Reading VINTF information.
12-14 11:48:03.470   514   514 I system_server: getFrameworkHalManifest: Successfully processed VINTF information
12-14 11:48:03.470   514   514 I system_server: getDeviceHalManifest: Reading VINTF information.
12-14 11:48:03.473   514   514 I system_server: getDeviceHalManifest: Successfully processed VINTF information
12-14 11:48:03.473   514   514 I system_server: getFrameworkCompatibilityMatrix: Reading VINTF information.
12-14 11:48:03.477   430   430 V C2Store : in ~ComponentModule
12-14 11:48:03.477   430   430 V C2Store : unloading dll
12-14 11:48:03.477   430   430 V C2Store : in init
12-14 11:48:03.477   430   430 V C2Store : loading dll
12-14 11:48:03.486   430   430 V C2Store : in ~ComponentModule
12-14 11:48:03.486   430   430 V C2Store : unloading dll
12-14 11:48:03.486   430   430 V C2Store : in init
12-14 11:48:03.486   430   430 V C2Store : loading dll
12-14 11:48:03.498   430   430 V C2Store : in ~ComponentModule
12-14 11:48:03.499   430   430 V C2Store : unloading dll
12-14 11:48:03.499   430   430 V C2Store : in init
12-14 11:48:03.499   430   430 V C2Store : loading dll
12-14 11:48:03.509   430   430 V C2Store : in ~ComponentModule
12-14 11:48:03.510   430   430 V C2Store : unloading dll
12-14 11:48:03.510   430   430 V C2Store : in init
12-14 11:48:03.510   430   430 V C2Store : loading dll
12-14 11:48:03.514   514   514 I system_server: getFrameworkCompatibilityMatrix: Successfully processed VINTF information
12-14 11:48:03.514   514   514 I system_server: getDeviceCompatibilityMatrix: Reading VINTF information.
12-14 11:48:03.515   514   514 I system_server: getDeviceCompatibilityMatrix: Successfully processed VINTF information
12-14 11:48:03.519   430   430 V C2Store : in ~ComponentModule
12-14 11:48:03.519   430   430 V C2Store : unloading dll
12-14 11:48:03.520   430   430 V C2Store : in init
12-14 11:48:03.520   430   430 V C2Store : loading dll
12-14 11:48:03.524   514   514 I SystemServerTiming: sendUserStartBroadcast
12-14 11:48:03.525   514   514 I SystemServerTiming: resumeTopActivities
12-14 11:48:03.525   514   514 I SystemServerTiming: sendUserSwitchBroadcasts
12-14 11:48:03.525   514   514 I SystemServerTiming: setBinderProxies
12-14 11:48:03.526   514   540 W ActivityManager: Slow operation: 207ms so far, now at startProcess: done updating battery stats
12-14 11:48:03.526   514   540 W ActivityManager: Slow operation: 207ms so far, now at startProcess: building log message
12-14 11:48:03.526   514   540 I ActivityManager: Start proc 840:com.android.se/1068 for added application com.android.se
12-14 11:48:03.526   514   540 W ActivityManager: Slow operation: 207ms so far, now at startProcess: starting to update pids map
12-14 11:48:03.527   514   540 W ActivityManager: Slow operation: 208ms so far, now at startProcess: done updating pids map
12-14 11:48:03.527   514   540 W ActivityManager: Slow operation: 206ms so far, now at startProcess: asking zygote to start proc
12-14 11:48:03.528   430   430 I mediaswcodec: missing struct descriptor #Param::CoreIndex(--004) for field values of struct #Param::CoreIndex(F-12004)
12-14 11:48:03.528   430   430 D C2SoftHevcEnc: Given level 6000 does not cover current configuration: adjusting to 6001
12-14 11:48:03.528   430   430 V C2Store : in ~ComponentModule
12-14 11:48:03.528   430   430 V C2Store : unloading dll
12-14 11:48:03.528   430   430 V C2Store : in init
12-14 11:48:03.529   430   430 V C2Store : loading dll
12-14 11:48:03.529   514   532 D CompatibilityChangeReporter: Compat change id reported: 135634846; UID 1000; state: DISABLED
12-14 11:48:03.532   655   655 D BluetoothDatabase: Load Database
12-14 11:48:03.533   514   532 D EventSequenceValidator: Transition from INTENT_STARTED to ACTIVITY_LAUNCHED
12-14 11:48:03.536   655   655 D BluetoothAdapterService: setAdapterService() - trying to set service to com.android.bluetooth.btservice.AdapterService@e0ef824
12-14 11:48:03.536   430   430 V C2Store : in ~ComponentModule
12-14 11:48:03.537   430   430 V C2Store : unloading dll
12-14 11:48:03.535   514   532 I InputManager: Enabling motion classifier because user switched: feature enabled, long press timeout = 400
12-14 11:48:03.537   514   532 I InputClassifier: Enabling motion classifier
12-14 11:48:03.537   430   430 V C2Store : in init
12-14 11:48:03.537   430   430 V C2Store : loading dll
12-14 11:48:03.544   430   430 V C2Store : in ~ComponentModule
12-14 11:48:03.544   430   430 V C2Store : unloading dll
12-14 11:48:03.544   430   430 V C2Store : in init
12-14 11:48:03.544   430   430 V C2Store : loading dll
12-14 11:48:03.552   430   430 V C2Store : in ~ComponentModule
12-14 11:48:03.553   430   430 V C2Store : unloading dll
12-14 11:48:03.553   430   430 V C2Store : in init
12-14 11:48:03.553   430   430 V C2Store : loading dll
12-14 11:48:03.553   655   655 D BluetoothAdapterService: onBind()
12-14 11:48:03.555   286   286 D Zygote  : Forked child process 870
12-14 11:48:03.564   430   430 V C2Store : in ~ComponentModule
12-14 11:48:03.564   430   430 V C2Store : unloading dll
12-14 11:48:03.564   430   430 V C2Store : in init
12-14 11:48:03.564   430   430 V C2Store : loading dll
12-14 11:48:03.576   514   540 W ActivityManager: Slow operation: 255ms so far, now at startProcess: returned from zygote!
12-14 11:48:03.577   514   540 W ActivityManager: Slow operation: 255ms so far, now at startProcess: done updating battery stats
12-14 11:48:03.577   514   540 I Watchdog: Interesting Java process com.android.phone started. Pid 870
12-14 11:48:03.577   514   540 W ActivityManager: Slow operation: 255ms so far, now at startProcess: building log message
12-14 11:48:03.577   514   540 I ActivityManager: Start proc 870:com.android.phone/1001 for added application com.android.phone
12-14 11:48:03.577   514   540 W ActivityManager: Slow operation: 255ms so far, now at startProcess: starting to update pids map
12-14 11:48:03.577   514   540 W ActivityManager: Slow operation: 256ms so far, now at startProcess: done updating pids map
12-14 11:48:03.578   430   430 V C2Store : in ~ComponentModule
12-14 11:48:03.578   430   430 V C2Store : unloading dll
12-14 11:48:03.578   430   430 V C2Store : in init
12-14 11:48:03.578   430   430 V C2Store : loading dll
12-14 11:48:03.581   430   430 V C2Store : in ~ComponentModule
12-14 11:48:03.581   430   430 V C2Store : unloading dll
12-14 11:48:03.581   430   430 V C2Store : in init
12-14 11:48:03.581   430   430 V C2Store : loading dll
12-14 11:48:03.587   870   870 W m.android.phon: Unexpected CPU variant for X86 using defaults: x86
12-14 11:48:03.591   840   840 I com.android.se: The ClassLoaderContext is a special shared library.
12-14 11:48:03.595   870   870 E m.android.phon: Not starting debugger since process cannot load the jdwp agent.
12-14 11:48:03.596   286   286 D Zygote  : Forked child process 886
12-14 11:48:03.598   514   540 W ActivityManager: Slow operation: 69ms so far, now at startProcess: returned from zygote!
12-14 11:48:03.598   514   540 W ActivityManager: Slow operation: 70ms so far, now at startProcess: done updating battery stats
12-14 11:48:03.598   514   540 W ActivityManager: Slow operation: 70ms so far, now at startProcess: building log message
12-14 11:48:03.598   514   540 I ActivityManager: Start proc 886:com.android.settings/1000 for top-activity {com.android.settings/com.android.settings.FallbackHome}
12-14 11:48:03.599   514   540 W ActivityManager: Slow operation: 70ms so far, now at startProcess: starting to update pids map
12-14 11:48:03.599   514   540 W ActivityManager: Slow operation: 70ms so far, now at startProcess: done updating pids map
12-14 11:48:03.606   430   430 V C2Store : in ~ComponentModule
12-14 11:48:03.606   430   430 V C2Store : unloading dll
12-14 11:48:03.606   430   430 V C2Store : in init
12-14 11:48:03.606   430   430 V C2Store : loading dll
12-14 11:48:03.609   514   514 W Looper  : Slow delivery took 4076ms main h=android.app.ActivityThread$H c=null m=156
12-14 11:48:03.611   430   430 V C2Store : in ~ComponentModule
12-14 11:48:03.611   430   430 V C2Store : unloading dll
12-14 11:48:03.611   430   430 V C2Store : in init
12-14 11:48:03.611   430   430 V C2Store : loading dll
12-14 11:48:03.612   655   837 D BluetoothDatabase: compactLastConnectionTime: Compacting metadata after load
12-14 11:48:03.613   655   837 I BluetoothDatabase: cacheMetadata
12-14 11:48:03.613   655   837 V BluetoothDatabase: cacheMetadata: found device LocalStorage
12-14 11:48:03.613   655   837 I BluetoothDatabase: cacheMetadata: Database is ready
12-14 11:48:03.617   514   514 D ConditionProviders.SCP: onConnected
12-14 11:48:03.618   430   430 V C2Store : in ~ComponentModule
12-14 11:48:03.618   430   430 V C2Store : unloading dll
12-14 11:48:03.618   430   430 V C2Store : in init
12-14 11:48:03.620   430   430 V C2Store : loading dll
12-14 11:48:03.622   673   673 D CompatibilityChangeReporter: Compat change id reported: 147600208; UID 10144; state: ENABLED
12-14 11:48:03.626   514   514 D ConditionProviders: Subscribing to condition://android/event?userId=-10000&calendar=&reply=1 with ComponentInfo{android/com.android.server.notification.EventConditionProvider}
12-14 11:48:03.626   799   799 I TetheringManager: registerTetheringEventCallback:com.google.android.networkstack
12-14 11:48:03.626   514   514 D ConditionProviders: Subscribing to condition://android/schedule?days=1.2.3.4.5.6.7&start=22.0&end=7.0&exitAtAlarm=true with ComponentInfo{android/com.android.server.notification.ScheduleConditionProvider}
12-14 11:48:03.626   514   514 V FingerprintService: starting client EnumerateClient(android) targetUserId: 0 currentUserId: 0 cookie: 0/0
12-14 11:48:03.627   448   448 D FingerprintHal: ----------------> fingerprint_enumerate ----------------->
12-14 11:48:03.627   448   448 D android.hardware.biometrics.fingerprint@2.1-service: onEnumerate(fid=0, gid=0, rem=0)
12-14 11:48:03.627   514   828 D ConnectivityService: requestNetwork for uid/pid:1073/799 NetworkRequest [ TRACK_DEFAULT id=10, [ Capabilities: INTERNET&NOT_RESTRICTED&TRUSTED Uid: 1073 AdministratorUids: [] RequestorUid: 1073 RequestorPackageName: com.google.android.networkstack] ]
12-14 11:48:03.627   514   610 D ConnectivityService: NetReassign [no changes]
12-14 11:48:03.629   514   514 D CompatibilityChangeReporter: Compat change id reported: 135634846; UID 10146; state: DISABLED
12-14 11:48:03.629   514   540 D CompatibilityChangeReporter: Compat change id reported: 143937733; UID 10146; state: ENABLED
12-14 11:48:03.630   886   886 W ndroid.setting: Unexpected CPU variant for X86 using defaults: x86
12-14 11:48:03.633   886   886 E ndroid.setting: Not starting debugger since process cannot load the jdwp agent.
12-14 11:48:03.633   514   610 D ConnectivityService: NetReassign [no changes]
12-14 11:48:03.634   840   840 W ContextImpl: Failed to ensure /data/user/0/com.android.se/cache: mkdir failed: ENOENT (No such file or directory)
12-14 11:48:03.634   840   840 W ContextImpl: Failed to update user.inode_cache: stat failed: ENOENT (No such file or directory)
12-14 11:48:03.639   514   529 D CompatibilityChangeReporter: Compat change id reported: 150939131; UID 1000; state: ENABLED
12-14 11:48:03.640   514   514 D WifiP2pService: Wifi enabled=false, P2P Interface availability=true
12-14 11:48:03.643   673   673 D skia    : --- Failed to create image decoder with message 'unimplemented'
12-14 11:48:03.643   430   430 I C2SoftVp8Enc: setting temporal layering 0 + 0
12-14 11:48:03.644   430   430 V C2Store : in ~ComponentModule
12-14 11:48:03.644   430   430 V C2Store : unloading dll
12-14 11:48:03.644   430   430 V C2Store : in init
12-14 11:48:03.644   430   430 V C2Store : loading dll
12-14 11:48:03.645   840   840 D NetworkSecurityConfig: No Network Security Config specified, using platform default
12-14 11:48:03.645   840   840 D NetworkSecurityConfig: No Network Security Config specified, using platform default
12-14 11:48:03.646   799   799 D ApplicationLoaders: Returning zygote-cached class loader: /system/framework/android.test.base.jar
12-14 11:48:03.651   286   286 D Zygote  : Forked child process 908
12-14 11:48:03.656   840   840 I SecureElementService: main onCreate
12-14 11:48:03.658   870   870 I m.android.phon: The ClassLoaderContext is a special shared library.
12-14 11:48:03.659   430   430 V C2Store : in ~ComponentModule
12-14 11:48:03.659   430   430 V C2Store : unloading dll
12-14 11:48:03.659   430   430 V C2Store : in init
12-14 11:48:03.659   430   430 V C2Store : loading dll
12-14 11:48:03.663   514   540 I ActivityManager: Start proc 908:com.google.android.ext.services/u0a146 for service {com.google.android.ext.services/android.ext.services.autofill.InlineSuggestionRenderServiceImpl}
12-14 11:48:03.665   840   840 I SecureElementService: Check if terminal eSE1 is available.
12-14 11:48:03.665   799   799 D NetworkSecurityConfig: No Network Security Config specified, using platform default
12-14 11:48:03.665   799   799 W nsconfig: com.android.networkstack.process: New config does not match the previously set config.
12-14 11:48:03.667   430   430 I C2SoftVp9Enc: setting temporal layering 0 + 0
12-14 11:48:03.667   430   430 V C2Store : in ~ComponentModule
12-14 11:48:03.667   430   430 V C2Store : unloading dll
12-14 11:48:03.667   416   468 D MediaCodecsXmlParser: parsing /apex/com.android.media.swcodec/etc/media_codecs.xml...
12-14 11:48:03.668   908   908 W id.ext.service: Unexpected CPU variant for X86 using defaults: x86
12-14 11:48:03.669   514   527 W InputReader: Device virtio_input_multi_touch_9 is associated with display ADISPLAY_ID_NONE.
12-14 11:48:03.669   514   527 W InputReader: Device virtio_input_multi_touch_7 is associated with display ADISPLAY_ID_NONE.
12-14 11:48:03.669   514   527 W InputReader: Device virtio_input_multi_touch_10 is associated with display ADISPLAY_ID_NONE.
12-14 11:48:03.669   514   527 W InputReader: Device virtio_input_multi_touch_4 is associated with display ADISPLAY_ID_NONE.
12-14 11:48:03.669   514   527 W InputReader: Device virtio_input_multi_touch_11 is associated with display ADISPLAY_ID_NONE.
12-14 11:48:03.670   172   172 I hwservicemanager: getTransport: Cannot find entry android.hardware.secure_element@1.2::ISecureElement/eSE1 in either framework or device manifest.
12-14 11:48:03.671   908   908 E id.ext.service: Not starting debugger since process cannot load the jdwp agent.
12-14 11:48:03.669   514   527 W InputReader: Device virtio_input_multi_touch_6 is associated with display ADISPLAY_ID_NONE.
12-14 11:48:03.671   514   527 W InputReader: Device virtio_input_multi_touch_3 is associated with display ADISPLAY_ID_NONE.
12-14 11:48:03.671   514   527 W InputReader: Device virtio_input_multi_touch_5 is associated with display ADISPLAY_ID_NONE.
12-14 11:48:03.671   514   527 W InputReader: Device virtio_input_multi_touch_2 is associated with display ADISPLAY_ID_NONE.
12-14 11:48:03.671   514   527 W InputReader: Device virtio_input_multi_touch_8 is associated with display ADISPLAY_ID_NONE.
12-14 11:48:03.671   514   527 W InputReader: Device virtio_input_multi_touch_9 is associated with display ADISPLAY_ID_NONE.
12-14 11:48:03.671   514   527 W InputReader: Device virtio_input_multi_touch_7 is associated with display ADISPLAY_ID_NONE.
12-14 11:48:03.671   514   527 W InputReader: Device virtio_input_multi_touch_10 is associated with display ADISPLAY_ID_NONE.
12-14 11:48:03.672   514   527 W InputReader: Device virtio_input_multi_touch_4 is associated with display ADISPLAY_ID_NONE.
12-14 11:48:03.672   514   527 W InputReader: Device virtio_input_multi_touch_11 is associated with display ADISPLAY_ID_NONE.
12-14 11:48:03.672   514   527 W InputReader: Device virtio_input_multi_touch_6 is associated with display ADISPLAY_ID_NONE.
12-14 11:48:03.672   514   527 W InputReader: Device virtio_input_multi_touch_3 is associated with display ADISPLAY_ID_NONE.
12-14 11:48:03.672   514   527 W InputReader: Device virtio_input_multi_touch_5 is associated with display ADISPLAY_ID_NONE.
12-14 11:48:03.672   514   527 W InputReader: Device virtio_input_multi_touch_2 is associated with display ADISPLAY_ID_NONE.
12-14 11:48:03.672   514   527 W InputReader: Device virtio_input_multi_touch_8 is associated with display ADISPLAY_ID_NONE.
12-14 11:48:03.670   840   840 D SecureElement-Terminal-eSE1: SE Hal V1.2 is not supported
12-14 11:48:03.673   416   468 D MediaCodecsXmlParser: disabling c2.android.gsm.decoder
12-14 11:48:03.673   416   468 D MediaCodecsXmlParser: disabling c2.android.mpeg2.decoder
12-14 11:48:03.674   172   172 I hwservicemanager: getTransport: Cannot find entry android.hardware.secure_element@1.1::ISecureElement/eSE1 in either framework or device manifest.
12-14 11:48:03.676   514   514 I system_server: The ClassLoaderContext is a special shared library.
12-14 11:48:03.677   840   840 D SecureElement-Terminal-eSE1: SE Hal V1.1 is not supported
12-14 11:48:03.677   172   172 I hwservicemanager: getTransport: Cannot find entry android.hardware.secure_element@1.0::ISecureElement/eSE1 in either framework or device manifest.
12-14 11:48:03.677   840   840 I SecureElementService: No HAL implementation for eSE1
12-14 11:48:03.677   840   840 I SecureElementService: Check if terminal SIM1 is available.
12-14 11:48:03.677   172   172 I hwservicemanager: getTransport: Cannot find entry android.hardware.secure_element@1.2::ISecureElement/SIM1 in either framework or device manifest.
12-14 11:48:03.678   840   840 D SecureElement-Terminal-SIM1: SE Hal V1.2 is not supported
12-14 11:48:03.678   172   172 I hwservicemanager: getTransport: Cannot find entry android.hardware.secure_element@1.1::ISecureElement/SIM1 in either framework or device manifest.
12-14 11:48:03.678   840   840 D SecureElement-Terminal-SIM1: SE Hal V1.1 is not supported
12-14 11:48:03.678   416   468 D MediaCodecsXmlParser: Cannot find 
12-14 11:48:03.678   416   468 I chatty  : uid=1013(media) Binder:416_1 identical 1 line
12-14 11:48:03.678   416   468 D MediaCodecsXmlParser: Cannot find 
12-14 11:48:03.678   416   468 D MediaCodecsXmlParser: parsing /vendor/etc/media_codecs.xml...
12-14 11:48:03.679   416   468 D MediaCodecsXmlParser: Ignoring unrecognized tag <MediaCodec> at line 85 of /vendor/etc/media_codecs.xml
12-14 11:48:03.679   416   468 D MediaCodecsXmlParser: Ignoring unrecognized tag <MediaCodec> at line 88 of /vendor/etc/media_codecs.xml
12-14 11:48:03.679   416   468 D MediaCodecsXmlParser: Ignoring unrecognized tag <MediaCodec> at line 91 of /vendor/etc/media_codecs.xml
12-14 11:48:03.679   416   468 D MediaCodecsXmlParser: parsing /vendor/etc/media_codecs_google_audio.xml...
12-14 11:48:03.679   416   468 D MediaCodecsXmlParser: parsing /vendor/etc/media_codecs_google_telephony.xml...
12-14 11:48:03.679   416   468 D MediaCodecsXmlParser: parsing /vendor/etc/media_codecs_google_video.xml...
12-14 11:48:03.679   416   468 D MediaCodecsXmlParser: parsing /vendor/etc/media_codecs_performance.xml...
12-14 11:48:03.680   172   172 I hwservicemanager: getTransport: Cannot find entry android.hardware.secure_element@1.0::ISecureElement/SIM1 in either framework or device manifest.
12-14 11:48:03.680   430   430 V C2Store : in init
12-14 11:48:03.680   430   430 V C2Store : loading dll
12-14 11:48:03.680   840   840 I SecureElementService: No HAL implementation for SIM1
12-14 11:48:03.693   416   468 I Codec2InfoBuilder: adding type 'audio/mp4a-latm'
12-14 11:48:03.714   430   430 V C2Store : in ~ComponentModule
12-14 11:48:03.714   430   430 V C2Store : unloading dll
12-14 11:48:03.716   430   497 V C2Store : in init
12-14 11:48:03.716   430   497 V C2Store : loading dll
12-14 11:48:03.720   416   468 I Codec2InfoBuilder: adding type 'audio/mp4a-latm'
12-14 11:48:03.724   886   886 I ndroid.setting: The ClassLoaderContext is a special shared library.
12-14 11:48:03.726   908   908 D NetworkSecurityConfig: No Network Security Config specified, using platform default
12-14 11:48:03.727   908   908 D NetworkSecurityConfig: No Network Security Config specified, using platform default
12-14 11:48:03.733   430   932 V C2Store : in ~ComponentModule
12-14 11:48:03.733   430   932 V C2Store : unloading dll
12-14 11:48:03.734   430   430 V C2Store : in init
12-14 11:48:03.734   430   430 V C2Store : loading dll
12-14 11:48:03.735   886   886 I ndroid.setting: The ClassLoaderContext is a special shared library.
12-14 11:48:03.739   416   468 I Codec2InfoBuilder: adding type 'audio/3gpp'
12-14 11:48:03.740   514   528 D NetworkStats: registerNetworkStatsProvider from OffloadController uid/pid=1073/799
12-14 11:48:03.741   430   497 V C2Store : in init
12-14 11:48:03.741   430   932 V C2Store : in ~ComponentModule
12-14 11:48:03.742   430   932 V C2Store : unloading dll
12-14 11:48:03.742   430   497 V C2Store : loading dll
12-14 11:48:03.742   673   673 D MediaResumeListener: loaded resume components []
12-14 11:48:03.750   416   468 I Codec2InfoBuilder: adding type 'audio/3gpp'
12-14 11:48:03.751   430   932 V C2Store : in ~ComponentModule
12-14 11:48:03.751   430   932 V C2Store : unloading dll
12-14 11:48:03.752   870   870 D NetworkSecurityConfig: No Network Security Config specified, using platform default
12-14 11:48:03.752   430   430 V C2Store : in init
12-14 11:48:03.753   430   430 V C2Store : loading dll
12-14 11:48:03.753   870   870 D NetworkSecurityConfig: No Network Security Config specified, using platform default
12-14 11:48:03.756   416   468 I Codec2InfoBuilder: adding type 'audio/amr-wb'
12-14 11:48:03.757   430   932 V C2Store : in init
12-14 11:48:03.757   430   932 V C2Store : loading dll
12-14 11:48:03.762   416   468 I Codec2InfoBuilder: adding type 'audio/amr-wb'
12-14 11:48:03.762   430   430 V C2Store : in ~ComponentModule
12-14 11:48:03.762   430   430 V C2Store : unloading dll
12-14 11:48:03.763   430   498 V C2Store : in ~ComponentModule
12-14 11:48:03.763   430   938 V C2Store : in init
12-14 11:48:03.763   430   938 V C2Store : loading dll
12-14 11:48:03.763   430   498 V C2Store : unloading dll
12-14 11:48:03.771   514   830 D NetworkStats: registerNetworkStatsProvider from BpfCoordinator uid/pid=1073/799
12-14 11:48:03.773   430   938 V C2Store : in ~ComponentModule
12-14 11:48:03.773   430   938 V C2Store : unloading dll
12-14 11:48:03.775   430   430 V C2Store : in init
12-14 11:48:03.775   430   430 V C2Store : loading dll
12-14 11:48:03.777   673   673 W AlarmManager: Unrecognized alarm listener com.android.systemui.keyguard.-$$Lambda$KeyguardSliceProvider$IhzByd8TsqFuOrSyuGurVskyPLo@d11a483
12-14 11:48:03.778   430   938 V C2Store : in init
12-14 11:48:03.778   430   938 V C2Store : loading dll
12-14 11:48:03.778   430   498 V C2Store : in ~ComponentModule
12-14 11:48:03.778   430   498 V C2Store : unloading dll
12-14 11:48:03.779   430   938 I mediaswcodec: missing struct descriptor #Param::CoreIndex(--004) for field values of struct #Param::CoreIndex(F-12004)
12-14 11:48:03.780   430   938 I mediaswcodec: missing struct descriptor #Param::CoreIndex(--004) for field values of struct #Param::CoreIndex(F-12004)
12-14 11:48:03.782   430   938 V C2Store : in ~ComponentModule
12-14 11:48:03.782   430   938 V C2Store : unloading dll
12-14 11:48:03.782   430   430 V C2Store : in init
12-14 11:48:03.782   430   430 V C2Store : loading dll
12-14 11:48:03.784   886   886 D NetworkSecurityConfig: No Network Security Config specified, using platform default
12-14 11:48:03.784   886   886 D NetworkSecurityConfig: No Network Security Config specified, using platform default
12-14 11:48:03.786   416   468 I Codec2InfoBuilder: adding type 'audio/flac'
12-14 11:48:03.787   430   938 V C2Store : in init
12-14 11:48:03.787   430   938 V C2Store : loading dll
12-14 11:48:03.788   870   870 I m.android.phon: The ClassLoaderContext is a special shared library.
12-14 11:48:03.788   430   430 V C2Store : in ~ComponentModule
12-14 11:48:03.788   430   430 V C2Store : unloading dll
12-14 11:48:03.790   416   468 I Codec2InfoBuilder: adding type 'audio/flac'
12-14 11:48:03.791   430   498 V C2Store : in init
12-14 11:48:03.791   430   498 V C2Store : loading dll
12-14 11:48:03.791   430   430 V C2Store : in ~ComponentModule
12-14 11:48:03.791   430   430 V C2Store : unloading dll
12-14 11:48:03.793   799   799 D CompatibilityChangeReporter: Compat change id reported: 147600208; UID 1073; state: ENABLED
12-14 11:48:03.794   416   468 I Codec2InfoBuilder: adding type 'audio/g711-alaw'
12-14 11:48:03.795   870   870 D CarrierProvider: onCreate
12-14 11:48:03.796   430   498 V C2Store : in init
12-14 11:48:03.796   430   938 V C2Store : in ~ComponentModule
12-14 11:48:03.796   430   938 V C2Store : unloading dll
12-14 11:48:03.796   430   498 V C2Store : loading dll
12-14 11:48:03.803   416   468 I Codec2InfoBuilder: adding type 'audio/g711-mlaw'
12-14 11:48:03.805   430   430 V C2Store : in init
12-14 11:48:03.805   430   430 V C2Store : loading dll
12-14 11:48:03.805   430   932 V C2Store : in ~ComponentModule
12-14 11:48:03.806   430   932 V C2Store : unloading dll
12-14 11:48:03.808   673   673 V SystemUIService: SystemUIApplication created.
12-14 11:48:03.813   416   468 D Codec2InfoBuilder: codec entry for 'c2.android.gsm.decoder' is disabled
12-14 11:48:03.814   430   430 V C2Store : in ~ComponentModule
12-14 11:48:03.814   430   430 V C2Store : unloading dll
12-14 11:48:03.814   870   870 D CarrierIdProvider: onCreate
12-14 11:48:03.814   870   870 D CarrierIdDatabaseHelper: CarrierIdDatabaseHelper: 5
12-14 11:48:03.814   430   497 V C2Store : in init
12-14 11:48:03.814   430   497 V C2Store : loading dll
12-14 11:48:03.819   799   799 V WifiManager: registerSoftApCallback: callback=com.android.networkstack.tethering.Tethering$TetheringSoftApCallback@965a666, executor=com.android.networkstack.tethering.Tethering$TetheringThreadExecutor@1df1da7
12-14 11:48:03.819   430   498 V C2Store : in init
12-14 11:48:03.819   430   498 V C2Store : loading dll
12-14 11:48:03.819   430   938 V C2Store : in ~ComponentModule
12-14 11:48:03.819   430   938 V C2Store : unloading dll
12-14 11:48:03.823   430   498 V C2Store : in ~ComponentModule
12-14 11:48:03.823   430   498 V C2Store : unloading dll
12-14 11:48:03.824   430   430 V C2Store : in init
12-14 11:48:03.824   430   430 V C2Store : loading dll
12-14 11:48:03.825   870   870 D CarrierIdProvider: update database from pb file
12-14 11:48:03.826   673   673 V SystemUIService: Starting SystemUI services for user 0.
12-14 11:48:03.828   430   938 V C2Store : in init
12-14 11:48:03.828   430   938 V C2Store : loading dll
12-14 11:48:03.828   430   498 V C2Store : in ~ComponentModule
12-14 11:48:03.828   430   498 V C2Store : unloading dll
12-14 11:48:03.829   430   938 I mediaswcodec: missing struct descriptor #Param::CoreIndex(--004) for field values of struct #Param::CoreIndex(F-12004)
12-14 11:48:03.829   430   938 D C2SoftHevcEnc: Given level 6000 does not cover current configuration: adjusting to 6001
12-14 11:48:03.829   430   938 I mediaswcodec: missing struct descriptor #Param::CoreIndex(--004) for field values of struct #Param::CoreIndex(F-12004)
12-14 11:48:03.829   430   938 D C2SoftHevcEnc: Given level 6000 does not cover current configuration: adjusting to 6001
12-14 11:48:03.830   514   830 D ConnectivityService: requestNetwork for uid/pid:1073/799 NetworkRequest [ REQUEST id=12, [ Capabilities: INTERNET&NOT_RESTRICTED&TRUSTED&NOT_VPN AdministratorUids: [] RequestorUid: 1073 RequestorPackageName: com.google.android.networkstack] ]
12-14 11:48:03.833   514   610 D ConnectivityService: NetReassign [no changes]
12-14 11:48:03.835   430   498 V C2Store : in ~ComponentModule
12-14 11:48:03.835   430   498 V C2Store : unloading dll
12-14 11:48:03.835   430   430 V C2Store : in init
12-14 11:48:03.835   430   430 V C2Store : loading dll
12-14 11:48:03.839   514   514 D NetworkSecurityConfig: No Network Security Config specified, using platform default
12-14 11:48:03.841   514   514 D NetworkSecurityConfig: No Network Security Config specified, using platform default
12-14 11:48:03.842   416   468 I Codec2InfoBuilder: adding type 'audio/mpeg'
12-14 11:48:03.844   514   537 D StatsPullAtomService: Registering NetworkStats pullers with statsd
12-14 11:48:03.845   430   430 V C2Store : in ~ComponentModule
12-14 11:48:03.845   430   430 V C2Store : unloading dll
12-14 11:48:03.846   430   938 V C2Store : in init
12-14 11:48:03.846   430   938 V C2Store : loading dll
12-14 11:48:03.848   430   430 V C2Store : in init
12-14 11:48:03.848   430   430 V C2Store : loading dll
12-14 11:48:03.849   430   497 V C2Store : in ~ComponentModule
12-14 11:48:03.849   430   497 V C2Store : unloading dll
12-14 11:48:03.851   430   430 V C2Store : in init
12-14 11:48:03.851   430   430 V C2Store : loading dll
12-14 11:48:03.852   430   498 V C2Store : in ~ComponentModule
12-14 11:48:03.852   430   498 V C2Store : unloading dll
12-14 11:48:03.853   514   514 W Looper  : Slow dispatch took 213ms main h=android.app.ActivityThread$H c=null m=114
12-14 11:48:03.860   430   498 V C2Store : in ~ComponentModule
12-14 11:48:03.860   430   498 V C2Store : unloading dll
12-14 11:48:03.860   514   537 W BestClock: java.time.DateTimeException: Missing NTP fix
12-14 11:48:03.861   430   497 V C2Store : in init
12-14 11:48:03.861   430   497 V C2Store : loading dll
12-14 11:48:03.863   416   468 I Codec2InfoBuilder: adding type 'audio/opus'
12-14 11:48:03.864   430   498 V C2Store : in ~ComponentModule
12-14 11:48:03.864   430   498 V C2Store : unloading dll
12-14 11:48:03.864   430   430 V C2Store : in init
12-14 11:48:03.864   430   430 V C2Store : loading dll
12-14 11:48:03.873   416   468 I Codec2InfoBuilder: adding type 'audio/opus'
12-14 11:48:03.873   430   430 V C2Store : in ~ComponentModule
12-14 11:48:03.873   430   430 V C2Store : unloading dll
12-14 11:48:03.873   430   497 V C2Store : in init
12-14 11:48:03.873   430   497 V C2Store : loading dll
12-14 11:48:03.873   886   949 D libEGL  : loaded /vendor/lib/egl/libEGL_emulation.so
12-14 11:48:03.877   416   468 I Codec2InfoBuilder: adding type 'audio/raw'
12-14 11:48:03.878   430   430 V C2Store : in init
12-14 11:48:03.878   430   430 V C2Store : loading dll
12-14 11:48:03.878   430   498 V C2Store : in ~ComponentModule
12-14 11:48:03.878   430   498 V C2Store : unloading dll
12-14 11:48:03.879   416   468 I Codec2InfoBuilder: adding type 'audio/vorbis'
12-14 11:48:03.879   430   430 V C2Store : in ~ComponentModule
12-14 11:48:03.879   430   430 V C2Store : unloading dll
12-14 11:48:03.879   430   497 V C2Store : in init
12-14 11:48:03.879   430   497 V C2Store : loading dll
12-14 11:48:03.881   430   430 V C2Store : in init
12-14 11:48:03.881   430   430 V C2Store : loading dll
12-14 11:48:03.881   430   497 V C2Store : in ~ComponentModule
12-14 11:48:03.881   430   497 V C2Store : unloading dll
12-14 11:48:03.882   430   430 I C2SoftVp8Enc: setting temporal layering 0 + 0
12-14 11:48:03.882   430   430 I C2SoftVp8Enc: setting temporal layering 0 + 0
12-14 11:48:03.882   886   949 D libEGL  : loaded /vendor/lib/egl/libGLESv1_CM_emulation.so
12-14 11:48:03.882   430   430 V C2Store : in ~ComponentModule
12-14 11:48:03.883   430   430 V C2Store : unloading dll
12-14 11:48:03.883   430   942 V C2Store : in init
12-14 11:48:03.883   430   942 V C2Store : loading dll
12-14 11:48:03.884   886   949 D libEGL  : loaded /vendor/lib/egl/libGLESv2_emulation.so
12-14 11:48:03.884   430   430 V C2Store : in init
12-14 11:48:03.884   430   430 V C2Store : loading dll
12-14 11:48:03.884   430   938 V C2Store : in ~ComponentModule
12-14 11:48:03.884   430   938 V C2Store : unloading dll
12-14 11:48:03.885   430   430 I C2SoftVp9Enc: setting temporal layering 0 + 0
12-14 11:48:03.885   430   430 I C2SoftVp9Enc: setting temporal layering 0 + 0
12-14 11:48:03.886   430   938 V C2Store : in ~ComponentModule
12-14 11:48:03.886   430   938 V C2Store : unloading dll
12-14 11:48:03.896   673   673 W ActivityThread: Failed to find provider info for com.google.android.apps.turbo.estimated_time_remaining (user not unlocked)
12-14 11:48:03.906   870   870 E CarrierIdProvider: read carrier list from ota pb failure: java.io.FileNotFoundException: /data/misc/carrierid/carrier_list.pb: open failed: ENOENT (No such file or directory)
12-14 11:48:03.908   514   537 W BestClock: java.time.DateTimeException: Missing NTP fix
12-14 11:48:03.917   870   870 D CarrierIdProvider: latest version: 33554466 need update: false
12-14 11:48:03.925   514   600 W BestClock: java.time.DateTimeException: Missing NTP fix
12-14 11:48:03.926   514   720 D CCodec  : allocate(c2.android.vorbis.decoder)
12-14 11:48:03.926   514   722 D CCodec  : allocate(c2.android.vorbis.decoder)
12-14 11:48:03.927   673   673 D InterruptionStateProvider: heads up is enabled
12-14 11:48:03.927   514   600 W BestClock: java.time.DateTimeException: Missing NTP fix
12-14 11:48:03.929   673   673 I FalsingManager: xdpi, ydpi: 420.0, 420.0
12-14 11:48:03.929   673   673 I FalsingManager: width, height: 1080, 1794
12-14 11:48:03.930   514   720 I Codec2Client: Available Codec2 services: "software"
12-14 11:48:03.956   673   673 D NavigationModeController: getCurrentUserContext: contextUser=0 currentUser=0
12-14 11:48:03.956   673   673 D NavigationModeController: getCurrentInteractionMode: mode=0 contextUser=0
12-14 11:48:03.957   673   673 E NavigationModeController: updateCurrentInteractionMode: mode=0
12-14 11:48:03.957   673   673 D NavigationModeController:   contextUser=0
12-14 11:48:03.957   673   673 D NavigationModeController:   assetPaths=
12-14 11:48:03.957   673   673 D NavigationModeController:     /system/framework/framework-res.apk
12-14 11:48:03.957   673   673 D NavigationModeController:     /product/overlay/GoogleConfigOverlay.apk
12-14 11:48:03.957   673   673 D NavigationModeController:     /product/overlay/GoogleWebViewOverlay.apk
12-14 11:48:03.957   673   673 D NavigationModeController:     /product/overlay/PixelConfigOverlayCommon.apk
12-14 11:48:03.957   673   673 D NavigationModeController:     /product/overlay/framework-res__auto_generated_rro_product.apk
12-14 11:48:03.957   673   673 D NavigationModeController:     /product/overlay/EmulatorConfigOverlay.apk
12-14 11:48:03.957   673   673 D NavigationModeController:     /system_ext/priv-app/SystemUIGoogle/SystemUIGoogle.apk
12-14 11:48:03.957   673   673 D NavigationModeController:     /product/overlay/SystemUIGoogle__auto_generated_rro_product.apk
12-14 11:48:03.957   430   952 V C2Store : in init
12-14 11:48:03.957   430   952 V C2Store : loading dll
12-14 11:48:03.959   514   537 W BestClock: java.time.DateTimeException: Missing NTP fix
12-14 11:48:03.960   514   722 I CCodec  : Created component [c2.android.vorbis.decoder]
12-14 11:48:03.963   673   673 D NavigationModeController: getCurrentInteractionMode: mode=0 contextUser=0
12-14 11:48:03.963   514   720 I CCodec  : Created component [c2.android.vorbis.decoder]
12-14 11:48:03.964   514   720 D CCodecConfig: read media type: audio/vorbis
12-14 11:48:03.966   514   722 D CCodecConfig: read media type: audio/vorbis
12-14 11:48:03.973   886   946 D HostConnection: HostConnection::get() New Host Connection established 0xed020b50, tid 946
12-14 11:48:03.983   886   946 D HostConnection: HostComposition ext ANDROID_EMU_CHECKSUM_HELPER_v1 ANDROID_EMU_native_sync_v2 ANDROID_EMU_native_sync_v3 ANDROID_EMU_native_sync_v4 ANDROID_EMU_dma_v1 ANDROID_EMU_direct_mem ANDROID_EMU_host_composition_v1 ANDROID_EMU_host_composition_v2 ANDROID_EMU_vulkan ANDROID_EMU_deferred_vulkan_commands ANDROID_EMU_vulkan_null_optional_strings ANDROID_EMU_vulkan_create_resources_with_requirements ANDROID_EMU_YUV_Cache ANDROID_EMU_async_unmap_buffer ANDROID_EMU_vulkan_ignored_handles ANDROID_EMU_vulkan_free_memory_sync ANDROID_EMU_vulkan_shader_float16_int8 ANDROID_EMU_vulkan_async_queue_submit GL_OES_vertex_array_object GL_KHR_texture_compression_astc_ldr ANDROID_EMU_host_side_tracing ANDROID_EMU_gles_max_version_2 
12-14 11:48:03.983   172   172 I hwservicemanager: getTransport: Cannot find entry android.hardware.configstore@1.0::ISurfaceFlingerConfigs/default in either framework or device manifest.
12-14 11:48:03.983   886   946 W OpenGLRenderer: Failed to choose config with EGL_SWAP_BEHAVIOR_PRESERVED, retrying without...
12-14 11:48:03.986   514   720 D ReflectedParamUpdater: extent() != 1 for single value type: algo.buffers.max-count.values
12-14 11:48:03.986   673   673 V MediaRouter: Selecting route: RouteInfo{ name=Phone, description=null, status=null, category=RouteCategory{ name=System types=ROUTE_TYPE_LIVE_AUDIO ROUTE_TYPE_LIVE_VIDEO  groupable=false }, supportedTypes=ROUTE_TYPE_LIVE_AUDIO ROUTE_TYPE_LIVE_VIDEO , presentationDisplay=null }
12-14 11:48:03.992   886   946 D EGL_emulation: eglCreateContext: 0xed0219c0: maj 2 min 0 rcv 2
12-14 11:48:03.994   514   720 D ReflectedParamUpdater: extent() != 1 for single value type: output.subscribed-indices.values
12-14 11:48:03.995   514   720 D ReflectedParamUpdater: extent() != 1 for single value type