12-14 11:48:02.610   514   514 I SystemServerTiming: registerActivityLaunchObserver
12-14 11:48:02.610   514   514 I SystemServerTiming: watchDeviceProvisioning
12-14 11:48:02.610   514   570 I SystemServerTimingAsync: InitThreadPoolExec:Update app-ops uidState in case package com.google.android.projection.gearhead changed
12-14 11:48:02.611   514   603 E SupplicantStaIfaceHal: checkHalVersionByInterfaceName: called but mServiceManager is null
12-14 11:48:02.611   514   603 I SupplicantStaIfaceHal: Method getWpaDriverFeatureSet is not supported in existing HAL
12-14 11:48:02.611   514   603 D WifiClientModeManager: entering StartedState
12-14 11:48:02.612   514   603 D WifiClientModeManager: entering ScanOnlyModeState
12-14 11:48:02.614   514   603 D WifiScanRequestProxy: Sending scan available broadcast: true
12-14 11:48:02.614   514   603 I WifiScanRequestProxy: Scanning is enabled
12-14 11:48:02.614   514   603 I WifiScanRequestProxy: Scanning for hidden networks is disabled
12-14 11:48:02.615   514   603 D WakeupController: start()
12-14 11:48:02.616   514   609 I WifiScanningService: Received a request to enable scanning, UID = 1000
12-14 11:48:02.616   514   603 D WakeupController: Setting active to true
12-14 11:48:02.623   514   609 E WifiVendorHal: getBgScanCapabilities(l.674) failed {.code = ERROR_NOT_SUPPORTED, .description = }
12-14 11:48:02.628   514   514 I SystemServerTiming: retrieveSettings
12-14 11:48:02.630   514   514 I SystemServerTiming: Ugm.onSystemReady
12-14 11:48:02.630   514   514 I SystemServerTiming: updateForceBackgroundCheck
12-14 11:48:02.630   514   514 I SystemServer: Making services ready
12-14 11:48:02.631   514   514 I SystemServerTiming: StartActivityManagerReadyPhase
12-14 11:48:02.631   514   514 I SystemServiceManager: Starting phase 550
12-14 11:48:02.631   514   514 I SystemServerTiming: OnBootPhase_550
12-14 11:48:02.631   514   514 I SystemServerTiming: OnBootPhase_550_com.android.server.security.FileIntegrityService
12-14 11:48:02.631   514   514 I SystemServerTiming: OnBootPhase_550_com.android.server.pm.Installer
12-14 11:48:02.631   514   514 I SystemServerTiming: OnBootPhase_550_com.android.server.os.DeviceIdentifiersPolicyService
12-14 11:48:02.631   514   514 I SystemServerTiming: OnBootPhase_550_com.android.server.uri.UriGrantsManagerService$Lifecycle
12-14 11:48:02.631   514   514 I SystemServerTiming: OnBootPhase_550_com.android.server.wm.ActivityTaskManagerService$Lifecycle
12-14 11:48:02.631   514   514 I SystemServerTiming: OnBootPhase_550_com.android.server.am.ActivityManagerService$Lifecycle
12-14 11:48:02.631   514   514 I SystemServerTiming: OnBootPhase_550_com.android.server.pm.DataLoaderManagerService
12-14 11:48:02.631   514   514 I SystemServerTiming: OnBootPhase_550_com.android.server.power.PowerManagerService
12-14 11:48:02.632   514   514 I SystemServerTiming: OnBootPhase_550_com.android.server.power.ThermalManagerService
12-14 11:48:02.632   514   603 I android_os_HwBinder: HwBinder: Starting thread pool for getting: android.hidl.manager@1.0::IServiceManager/default
12-14 11:48:02.632   514   609 I WifiScanningService: Created a new impl for wlan0
12-14 11:48:02.633   514   609 I WifiScanningService: wifi driver loaded with scan capabilities: max buckets=16
12-14 11:48:02.633   514   514 I android_os_HwBinder: HwBinder: Starting thread pool for getting: android.hardware.thermal@2.0::IThermal/default
12-14 11:48:02.633   514   603 I SupplicantStaIfaceHal: Starting supplicant using HIDL
12-14 11:48:02.633   312   312 I android.hardware.thermal@2.0-service-mock: A callback has been registered to ThermalHAL, isFilter: 0 Type: CPU
12-14 11:48:02.634   514   514 I ThermalHalWrapper: Thermal HAL 2.0 service connected.
12-14 11:48:02.635   514   514 I SystemServerTiming: OnBootPhase_550_com.android.server.recoverysystem.RecoverySystemService$Lifecycle
12-14 11:48:02.635   514   514 I SystemServerTiming: OnBootPhase_550_com.android.server.lights.LightsService
12-14 11:48:02.635   514   514 I SystemServerTiming: OnBootPhase_550_com.android.server.display.DisplayManagerService
12-14 11:48:02.635   514   514 I SystemServerTiming: OnBootPhase_550_com.android.server.pm.UserManagerService$LifeCycle
12-14 11:48:02.635   514   514 I SystemServerTiming: OnBootPhase_550_com.android.server.om.OverlayManagerService
12-14 11:48:02.636   514   514 I SystemServerTiming: OnBootPhase_550_com.android.server.SensorPrivacyService
12-14 11:48:02.636   514   514 I SystemServerTiming: OnBootPhase_550_com.android.server.SystemConfigService
12-14 11:48:02.636   514   514 I SystemServerTiming: OnBootPhase_550_com.android.server.BatteryService
12-14 11:48:02.636   514   514 I SystemServerTiming: OnBootPhase_550_com.android.server.usage.UsageStatsService
12-14 11:48:02.636   172   172 I hwservicemanager: Since android.hardware.wifi.supplicant@1.0::ISupplicant/default is not registered, trying to start it as a lazy HAL.
12-14 11:48:02.636   514   514 I SystemServerTiming: OnBootPhase_550_com.android.server.webkit.WebViewUpdateService
12-14 11:48:02.636   514   514 I SystemServerTiming: OnBootPhase_550_com.android.server.CachedDeviceStateService
12-14 11:48:02.636   514   514 I SystemServerTiming: OnBootPhase_550_com.android.server.BinderCallsStatsService$LifeCycle
12-14 11:48:02.636   514   514 I SystemServerTiming: OnBootPhase_550_com.android.server.LooperStatsService$Lifecycle
12-14 11:48:02.636   514   514 I SystemServerTiming: OnBootPhase_550_com.android.server.rollback.RollbackManagerService
12-14 11:48:02.636   514   603 D SupplicantStaIfaceHal: Successfully triggered start of supplicant using HIDL
12-14 11:48:02.636   514   514 I SystemServerTiming: OnBootPhase_550_com.android.server.os.BugreportManagerService
12-14 11:48:02.636   514   514 I SystemServerTiming: OnBootPhase_550_com.android.server.gpu.GpuService
12-14 11:48:02.636   514   514 I SystemServerTiming: OnBootPhase_550_com.android.server.security.KeyChainSystemService
12-14 11:48:02.636   514   514 I SystemServerTiming: OnBootPhase_550_com.android.server.telecom.TelecomLoaderService
12-14 11:48:02.642   514   514 W ActivityManager: Too early to start/bind service in system_server: Phase=550 ComponentInfo{com.android.server.telecom/com.android.server.telecom.components.TelecomService}
12-14 11:48:02.642   514   514 W ActivityManager: Too early to start/bind service in system_server: Phase=550 ComponentInfo{com.android.server.telecom/com.android.server.telecom.components.TelecomService}
12-14 11:48:02.643   514   514 I SystemServerTiming: OnBootPhase_550_com.android.server.accounts.AccountManagerService$Lifecycle
12-14 11:48:02.643   514   514 I SystemServerTiming: OnBootPhase_550_com.android.server.content.ContentService$Lifecycle
12-14 11:48:02.645   514   514 I SyncManager: No initial accounts
12-14 11:48:02.651   514   514 I SystemServerTiming: OnBootPhase_550_com.android.server.DropBoxManagerService
12-14 11:48:02.651   514   514 I SystemServerTiming: OnBootPhase_550_com.android.server.AlarmManagerService
12-14 11:48:02.651   514   514 I SystemServerTiming: OnBootPhase_550_com.android.server.BluetoothService
12-14 11:48:02.651   514   514 D BluetoothManagerService: Bluetooth boot completed
12-14 11:48:02.652   514   514 D BluetoothManagerService: Auto-enabling Bluetooth.
12-14 11:48:02.652   514   531 D BluetoothManagerService: MESSAGE_ENABLE(0): mBluetooth = null
12-14 11:48:02.652   514   531 D BluetoothManagerService: binding Bluetooth service
12-14 11:48:02.656   514   514 D BluetoothA2dp: Binding service...
12-14 11:48:02.656   514   531 D CompatibilityChangeReporter: Compat change id reported: 135634846; UID 1002; state: DISABLED
12-14 11:48:02.658   514   514 I BluetoothAirplaneModeListener: start
12-14 11:48:02.658   514   514 I SystemServerTiming: OnBootPhase_550_com.android.server.connectivity.IpConnectivityMetrics
12-14 11:48:02.659   514   514 I SystemServerTiming: OnBootPhase_550_com.android.server.net.watchlist.NetworkWatchlistService$Lifecycle
12-14 11:48:02.660   514   514 I SystemServerTiming: OnBootPhase_550_com.android.server.PinnerService
12-14 11:48:02.660   514   514 I SystemServerTiming: OnBootPhase_550_com.google.android.startop.iorap.IorapForwardingService
12-14 11:48:02.660   514   514 I SystemServerTiming: OnBootPhase_550_com.android.server.integrity.AppIntegrityManagerService
12-14 11:48:02.660   514   514 I SystemServerTiming: OnBootPhase_550_com.android.server.inputmethod.InputMethodManagerService$Lifecycle
12-14 11:48:02.664   286   286 D Zygote  : Forked child process 655
12-14 11:48:02.671   655   655 W droid.bluetoot: Unexpected CPU variant for X86 using defaults: x86
12-14 11:48:02.674   514   514 I SystemServerTiming: OnBootPhase_550_com.android.server.accessibility.AccessibilityManagerService$Lifecycle
12-14 11:48:02.674   514   514 I SystemServerTiming: OnBootPhase_550_com.android.server.StorageManagerService$Lifecycle
12-14 11:48:02.674   514   514 I SystemServerTiming: OnBootPhase_550_com.android.server.usage.StorageStatsService$Lifecycle
12-14 11:48:02.674   514   514 I SystemServerTiming: OnBootPhase_550_com.android.server.UiModeManagerService
12-14 11:48:02.674   514   514 I SystemServerTiming: OnBootPhase_550_com.android.server.locksettings.LockSettingsService$Lifecycle
12-14 11:48:02.674   514   540 I ActivityManager: Start proc 655:com.android.bluetooth/1002 for service {com.android.bluetooth/com.android.bluetooth.btservice.AdapterService}
12-14 11:48:02.676   514   514 I SystemServerTiming: OnBootPhase_550_com.android.server.testharness.TestHarnessModeService
12-14 11:48:02.676   514   514 I SystemServerTiming: OnBootPhase_550_com.android.server.DeviceIdleController
12-14 11:48:02.676   514   514 I SystemServerTiming: OnBootPhase_550_com.android.server.devicepolicy.DevicePolicyManagerService$Lifecycle
12-14 11:48:02.676   514   514 I SystemServerTiming: OnBootPhase_550_com.android.server.contentcapture.ContentCaptureManagerService
12-14 11:48:02.676   514   514 I SystemServerTiming: OnBootPhase_550_com.android.server.systemcaptions.SystemCaptionsManagerService
12-14 11:48:02.676   514   514 I SystemServerTiming: OnBootPhase_550_com.android.server.appprediction.AppPredictionManagerService
12-14 11:48:02.676   514   514 I SystemServerTiming: OnBootPhase_550_com.android.server.contentsuggestions.ContentSuggestionsManagerService
12-14 11:48:02.676   514   514 I SystemServerTiming: OnBootPhase_550_com.android.server.textservices.TextServicesManagerService$Lifecycle
12-14 11:48:02.676   514   514 I SystemServerTiming: OnBootPhase_550_com.android.server.textclassifier.TextClassificationManagerService$Lifecycle
12-14 11:48:02.676   514   514 I SystemServerTiming: OnBootPhase_550_com.android.server.NetworkScoreService$Lifecycle
12-14 11:48:02.676   514   514 I SystemServerTiming: OnBootPhase_550_com.android.server.wifi.WifiService
12-14 11:48:02.676   514   514 I SystemServerTiming: OnBootPhase_550_com.android.server.wifi.scanner.WifiScanningService
12-14 11:48:02.676   514   514 I SystemServerTiming: OnBootPhase_550_com.android.server.wifi.p2p.WifiP2pService
12-14 11:48:02.676   514   514 I SystemServerTiming: OnBootPhase_550_com.android.server.notification.NotificationManagerService
12-14 11:48:02.676   514   514 I SystemServerTiming: OnBootPhase_550_com.android.server.storage.DeviceStorageMonitorService
12-14 11:48:02.676   514   514 I SystemServerTiming: OnBootPhase_550_com.android.server.location.LocationManagerService$Lifecycle
12-14 11:48:02.677   514   514 I SystemServerTiming: OnBootPhase_550_com.android.server.timedetector.TimeDetectorService$Lifecycle
12-14 11:48:02.677   514   514 I SystemServerTiming: OnBootPhase_550_com.android.server.timezonedetector.TimeZoneDetectorService$Lifecycle
12-14 11:48:02.677   514   514 I SystemServerTiming: OnBootPhase_550_com.android.server.search.SearchManagerService$Lifecycle
12-14 11:48:02.677   514   514 I SystemServerTiming: OnBootPhase_550_com.android.server.wallpaper.WallpaperManagerService$Lifecycle
12-14 11:48:02.677   514   514 I WallpaperManagerService: No static wallpaper imagery; defaults will be shown
12-14 11:48:02.677   514   514 V WallpaperManagerService: bindWallpaperComponentLocked: componentName=ComponentInfo{com.android.systemui/com.android.systemui.ImageWallpaper}
12-14 11:48:02.681   514   514 D CompatibilityChangeReporter: Compat change id reported: 135634846; UID 10144; state: DISABLED
12-14 11:48:02.682   514   540 D CompatibilityChangeReporter: Compat change id reported: 143937733; UID 10144; state: ENABLED
12-14 11:48:02.683   655   655 E droid.bluetoot: Not starting debugger since process cannot load the jdwp agent.
12-14 11:48:02.683   514   514 E BitmapFactory: Unable to decode stream: java.io.FileNotFoundException: /data/system/users/0/wallpaper_orig: open failed: ENOENT (No such file or directory)
12-14 11:48:02.683   514   514 W WallpaperManagerService: Invalid wallpaper data
12-14 11:48:02.683   514   514 E WallpaperManagerService: Unable to apply new wallpaper
12-14 11:48:02.684   514   596 D StorageManagerService: Isolated storage local flag 0 and remote flag 0 resolved to true
12-14 11:48:02.685   514   514 I SystemServerTiming: OnBootPhase_550_com.android.server.audio.AudioService$Lifecycle
12-14 11:48:02.687   514   514 I SystemServerTiming: OnBootPhase_550_com.android.server.soundtrigger_middleware.SoundTriggerMiddlewareService$Lifecycle
12-14 11:48:02.687   514   514 I SystemServerTiming: OnBootPhase_550_com.android.server.DockObserver
12-14 11:48:02.687   514   514 I SystemServerTiming: OnBootPhase_550_com.android.server.midi.MidiService$Lifecycle
12-14 11:48:02.687   514   514 I SystemServerTiming: OnBootPhase_550_com.android.server.adb.AdbService$Lifecycle
12-14 11:48:02.687   514   514 I SystemServerTiming: OnBootPhase_550_com.android.server.usb.UsbService$Lifecycle
12-14 11:48:02.687   514   579 I SystemServerTimingAsync: InitThreadPoolExec:UsbService$Lifecycle#onBootPhase
12-14 11:48:02.687   514   514 I SystemServerTiming: OnBootPhase_550_com.android.server.twilight.TwilightService
12-14 11:48:02.687   514   514 I SystemServerTiming: OnBootPhase_550_com.android.server.display.color.ColorDisplayService
12-14 11:48:02.687   514   514 I SystemServerTiming: OnBootPhase_550_com.android.server.job.JobSchedulerService
12-14 11:48:02.688   514   514 I SystemServerTiming: OnBootPhase_550_com.android.server.soundtrigger.SoundTriggerService
12-14 11:48:02.688   514   514 D SoundTriggerService: onBootPhase: 550 : false
12-14 11:48:02.688   514   514 I SystemServerTiming: OnBootPhase_550_com.android.server.trust.TrustManagerService
12-14 11:48:02.688   514   514 I SystemServerTiming: OnBootPhase_550_com.android.server.backup.BackupManagerService$Lifecycle
12-14 11:48:02.688   514   514 I SystemServerTiming: OnBootPhase_550_com.android.server.appwidget.AppWidgetService
12-14 11:48:02.688   514   514 I SystemServerTiming: OnBootPhase_550_com.android.server.role.RoleManagerService
12-14 11:48:02.688   514   514 I SystemServerTiming: OnBootPhase_550_com.android.server.voiceinteraction.VoiceInteractionManagerService
12-14 11:48:02.688   514   514 I SystemServerTiming: OnBootPhase_550_com.android.server.GestureLauncherService
12-14 11:48:02.688   514   514 I SystemServerTiming: OnBootPhase_550_com.android.server.SensorNotificationService
12-14 11:48:02.688   514   514 I SystemServerTiming: OnBootPhase_550_com.android.server.emergency.EmergencyAffordanceService
12-14 11:48:02.688   514   514 I SystemServerTiming: OnBootPhase_550_com.android.server.dreams.DreamManagerService
12-14 11:48:02.688   514   514 I SystemServerTiming: OnBootPhase_550_com.android.server.blob.BlobStoreManagerService
12-14 11:48:02.690   315   315 E android.hardware.usb@1.0-service: Failed to open /sys/class/dual_role_usb
12-14 11:48:02.690   514   593 E UsbPortManager: port status enquiry failed
12-14 11:48:02.692   514   514 I SystemServerTiming: OnBootPhase_550_com.android.server.print.PrintManagerService
12-14 11:48:02.692   514   514 I SystemServerTiming: OnBootPhase_550_com.android.server.companion.CompanionDeviceManagerService
12-14 11:48:02.693   514   514 I SystemServerTiming: OnBootPhase_550_com.android.server.restrictions.RestrictionsManagerService
12-14 11:48:02.693   514   514 I SystemServerTiming: OnBootPhase_550_com.android.server.media.MediaSessionService
12-14 11:48:02.693   514   514 I SystemServerTiming: OnBootPhase_550_com.android.server.media.MediaResourceMonitorService
12-14 11:48:02.693   514   514 I SystemServerTiming: OnBootPhase_550_com.android.server.biometrics.fingerprint.FingerprintService
12-14 11:48:02.693   514   514 I SystemServerTiming: OnBootPhase_550_com.android.server.biometrics.BiometricService
12-14 11:48:02.693   514   514 I SystemServerTiming: OnBootPhase_550_com.android.server.biometrics.AuthService
12-14 11:48:02.693   514   514 I SystemServerTiming: OnBootPhase_550_com.android.server.pm.ShortcutService$Lifecycle
12-14 11:48:02.693   514   514 I SystemServerTiming: OnBootPhase_550_com.android.server.pm.LauncherAppsService
12-14 11:48:02.693   514   514 I SystemServerTiming: OnBootPhase_550_com.android.server.pm.CrossProfileAppsService
12-14 11:48:02.693   514   514 I SystemServerTiming: OnBootPhase_550_com.android.server.people.PeopleService
12-14 11:48:02.693   514   514 I SystemServerTiming: OnBootPhase_550_com.android.server.media.projection.MediaProjectionManagerService
12-14 11:48:02.693   514   514 I SystemServerTiming: OnBootPhase_550_com.android.server.slice.SliceManagerService$Lifecycle
12-14 11:48:02.693   514   514 I SystemServerTiming: OnBootPhase_550_com.android.server.camera.CameraServiceProxy
12-14 11:48:02.693   514   514 I SystemServerTiming: OnBootPhase_550_com.android.server.stats.StatsCompanion$Lifecycle
12-14 11:48:02.693   514   514 I SystemServerTiming: OnBootPhase_550_com.android.server.stats.pull.StatsPullAtomService
12-14 11:48:02.693   514   514 I SystemServerTiming: OnBootPhase_550_com.android.server.incident.IncidentCompanionService
12-14 11:48:02.694   514   514 I SystemServerTiming: OnBootPhase_550_com.android.server.MmsServiceBroker
12-14 11:48:02.694   514   514 I SystemServerTiming: OnBootPhase_550_com.android.server.autofill.AutofillManagerService
12-14 11:48:02.694   514   514 I SystemServerTiming: OnBootPhase_550_com.android.server.clipboard.ClipboardService
12-14 11:48:02.694   514   514 I SystemServerTiming: OnBootPhase_550_com.android.server.appbinding.AppBindingService$Lifecycle
12-14 11:48:02.695   514   514 I AppBindingService: Updating constants with: null
12-14 11:48:02.695   514   623 D BluetoothManagerService: Creating new ProfileServiceConnections object for profile: 1
12-14 11:48:02.695   514   623 D BluetoothManagerService: Unable to bindService while Bluetooth is disabled
12-14 11:48:02.695   514   514 I SystemServerTiming: OnBootPhase_550_com.android.server.policy.PermissionPolicyService
12-14 11:48:02.698   514   623 D BluetoothA2dp: Binding service...
12-14 11:48:02.700   286   286 D Zygote  : Forked child process 673
12-14 11:48:02.717   673   673 W ndroid.systemu: Unexpected CPU variant for X86 using defaults: x86
12-14 11:48:02.730   673   673 E ndroid.systemu: Not starting debugger since process cannot load the jdwp agent.
12-14 11:48:02.743   514   540 W ActivityManager: Slow operation: 63ms so far, now at startProcess: done updating battery stats
12-14 11:48:02.743   514   540 W ActivityManager: Slow operation: 63ms so far, now at startProcess: building log message
12-14 11:48:02.744   514   540 I ActivityManager: Start proc 673:com.android.systemui/u0a144 for service {com.android.systemui/com.android.systemui.ImageWallpaper}
12-14 11:48:02.744   514   540 W ActivityManager: Slow operation: 63ms so far, now at startProcess: starting to update pids map
12-14 11:48:02.744   514   540 W ActivityManager: Slow operation: 63ms so far, now at startProcess: done updating pids map
12-14 11:48:02.749   514   514 I PackageManager: Permission ownership changed. Updating all permissions.
12-14 11:48:02.785   514   514 W SystemServiceManager: Service com.android.server.policy.PermissionPolicyService took 90 ms in onBootPhase
12-14 11:48:02.785   514   514 I SystemServerTiming: OnBootPhase_550_com.android.server.pm.StagingManager$Lifecycle
12-14 11:48:02.785   514   514 I SystemServerTiming: StartObservingNativeCrashes
12-14 11:48:02.786   514   536 I SystemServerTimingAsync: InitThreadPoolExec:WebViewFactoryPreparation
12-14 11:48:02.786   514   536 I SystemServer: WebViewFactoryPreparation
12-14 11:48:02.786   514   536 I SystemServerTimingAsync: WebViewFactoryPreparation
12-14 11:48:02.788   514   514 I SystemServerTiming: StartSystemUI
12-14 11:48:02.798   326   620 I AudioFlinger: systemReady
12-14 11:48:02.813   514   514 I SystemServerTiming: MakeNetworkManagementServiceReady
12-14 11:48:02.814   514   514 W NetworkManagement: setDataSaverMode(): already false
12-14 11:48:02.816   514   514 I SystemServerTiming: MakeIpSecServiceReady
12-14 11:48:02.818   514   514 D IpSecService: IpSecService is ready
12-14 11:48:02.818   514   514 I SystemServerTiming: MakeNetworkStatsServiceReady
12-14 11:48:02.831   514   514 W BestClock: java.time.DateTimeException: Missing NTP fix
12-14 11:48:02.834   653   653 I wpa_supplicant: Processing hidl events on FD 3
12-14 11:48:02.838   655   655 I droid.bluetoot: The ClassLoaderContext is a special shared library.
12-14 11:48:02.839   286   286 D Zygote  : Forked child process 700
12-14 11:48:02.841   653   653 I HidlServiceManagement: Registered android.hardware.wifi.supplicant@1.3::ISupplicant/default (start delay of 197ms)
12-14 11:48:02.842   653   653 I wpa_supplicant: Successfully initialized wpa_supplicant
12-14 11:48:02.846   514   600 W NetworkPolicy: setRestrictBackgroundUL: already false
12-14 11:48:02.847   653   653 I wpa_supplicant: rfkill: Cannot open RFKILL control device
12-14 11:48:02.850   514   540 I ActivityManager: Start proc 700:WebViewLoader-x86/1037 [android.webkit.WebViewLibraryLoader$RelroFileCreator] for null
12-14 11:48:02.855   700   700 W WebViewLoader-: Unexpected CPU variant for X86 using defaults: x86
12-14 11:48:02.866   655   655 I droid.bluetoot: The ClassLoaderContext is a special shared library.
12-14 11:48:02.866   673   673 I ndroid.systemu: The ClassLoaderContext is a special shared library.
12-14 11:48:02.872   700   700 E WebViewLoader-: Not starting debugger since process cannot load the jdwp agent.
12-14 11:48:02.875   514   514 I SystemServerTiming: MakeConnectivityServiceReady
12-14 11:48:02.875   514   514 D PermissionMonitor: Monitoring
12-14 11:48:02.890   653   653 I wpa_supplicant: rfkill: Cannot get wiphy information
12-14 11:48:02.891   416   468 D MediaCodecList: Allowing all OMX codecs
12-14 11:48:02.892   514   593 I android_os_HwBinder: HwBinder: Starting thread pool for getting: android.hardware.wifi.supplicant@1.0::ISupplicant/default
12-14 11:48:02.893   514   514 D PermissionMonitor: Users: 1, Apps: 18
12-14 11:48:02.908   514   514 I SystemServerTiming: MakeNetworkPolicyServiceReady
12-14 11:48:02.908   514   593 I SupplicantStaIfaceHal: Completed initialization of ISupplicant.
12-14 11:48:02.910   514   610 D ConnectivityService: NetReassign [no changes]
12-14 11:48:02.910   416   468 I OMXClient: IOmx service obtained
12-14 11:48:02.910   424   424 I OMXMaster: makeComponentInstance(OMX.google.aac.decoder) in android.hardwar process
12-14 11:48:02.914   700   700 V WebViewLibraryLoader: RelroFileCreator (64bit = false), package: com.google.android.webview library: libmonochrome.so
12-14 11:48:02.928   416   468 I OMXClient: IOmx service obtained
12-14 11:48:02.928   424   424 I OMXMaster: makeComponentInstance(OMX.google.amrnb.decoder) in android.hardwar process
12-14 11:48:02.932   655   655 D NetworkSecurityConfig: No Network Security Config specified, using platform default
12-14 11:48:02.932   655   655 D NetworkSecurityConfig: No Network Security Config specified, using platform default
12-14 11:48:02.933   700   700 I WebViewLoader-: The ClassLoaderContext is a special shared library.
12-14 11:48:02.934   700   700 D nativeloader: classloader namespace configured for unbundled product apk. library_path=/product/app/WebViewGoogle/lib/x86:/product/app/WebViewGoogle/WebViewGoogle.apk!/lib/x86:/product/app/TrichromeLibrary/TrichromeLibrary.apk!/lib/x86:/product/lib:/system/product/lib
12-14 11:48:02.939   514   603 E SupplicantStaIfaceHal: Can't call setupIface, ISupplicantStaIface is null
12-14 11:48:02.942   514   603 I android_os_HwBinder: HwBinder: Starting thread pool for getting: android.hardware.wifi.supplicant@1.0::ISupplicant/default
12-14 11:48:02.942   416   468 I OMXClient: IOmx service obtained
12-14 11:48:02.943   424   465 I OMXMaster: makeComponentInstance(OMX.google.amrwb.decoder) in android.hardwar process
12-14 11:48:02.949   416   468 I OMXClient: IOmx service obtained
12-14 11:48:02.950   424   465 I OMXMaster: makeComponentInstance(OMX.google.flac.decoder) in android.hardwar process
12-14 11:48:02.954   700   700 I WebViewLoader-: The ClassLoaderContext is a special shared library.
12-14 11:48:02.956   700   700 D nativeloader: classloader namespace configured for unbundled product apk. library_path=/product/app/WebViewGoogle/lib/x86:/product/app/WebViewGoogle/WebViewGoogle.apk!/lib/x86:/product/app/TrichromeLibrary/TrichromeLibrary.apk!/lib/x86:/product/lib:/system/product/lib
12-14 11:48:02.965   514   600 W BestClock: java.time.DateTimeException: Missing NTP fix
12-14 11:48:02.973   416   468 I OMXClient: IOmx service obtained
12-14 11:48:02.976   424   465 I OMXMaster: makeComponentInstance(OMX.google.g711.alaw.decoder) in android.hardwar process
12-14 11:48:02.913   514   610 I chatty  : uid=1000(system) ConnectivitySer identical 1 line
12-14 11:48:02.967   514   610 D ConnectivityService: NetReassign [no changes]
12-14 11:48:02.977   514   514 I SystemServerTiming: PhaseThirdPartyAppsCanStart
12-14 11:48:02.977   514   514 I SystemServiceManager: Starting phase 600
12-14 11:48:02.977   514   514 I SystemServerTiming: OnBootPhase_600
12-14 11:48:02.977   514   514 I SystemServerTiming: OnBootPhase_600_com.android.server.security.FileIntegrityService
12-14 11:48:02.977   514   514 I SystemServerTiming: OnBootPhase_600_com.android.server.pm.Installer
12-14 11:48:02.977   514   514 I SystemServerTiming: OnBootPhase_600_com.android.server.os.DeviceIdentifiersPolicyService
12-14 11:48:02.977   514   514 I SystemServerTiming: OnBootPhase_600_com.android.server.uri.UriGrantsManagerService$Lifecycle
12-14 11:48:02.977   514   514 I SystemServerTiming: OnBootPhase_600_com.android.server.wm.ActivityTaskManagerService$Lifecycle
12-14 11:48:02.977   514   514 I SystemServerTiming: OnBootPhase_600_com.android.server.am.ActivityManagerService$Lifecycle
12-14 11:48:02.978   514   514 I ExplicitHealthCheckController: Explicit health checks enabled.
12-14 11:48:02.978   514   514 I PackageWatchdog: Syncing state, reason: health check state enabled
12-14 11:48:02.978   514   514 I PackageWatchdog: Not pruning observers, elapsed time: 0ms
12-14 11:48:02.978   514   514 I PackageWatchdog: Cancelling state sync, nothing to sync
12-14 11:48:02.979   514   514 I SystemServerTiming: OnBootPhase_600_com.android.server.pm.DataLoaderManagerService
12-14 11:48:02.979   514   514 I SystemServerTiming: OnBootPhase_600_com.android.server.power.PowerManagerService
12-14 11:48:02.979   514   537 I PackageWatchdog: Saving observer state to file
12-14 11:48:02.979   514   514 I SystemServerTiming: OnBootPhase_600_com.android.server.power.ThermalManagerService
12-14 11:48:02.980   514   514 I SystemServerTiming: OnBootPhase_600_com.android.server.recoverysystem.RecoverySystemService$Lifecycle
12-14 11:48:02.980   514   514 I SystemServerTiming: OnBootPhase_600_com.android.server.lights.LightsService
12-14 11:48:02.980   514   514 I SystemServerTiming: OnBootPhase_600_com.android.server.display.DisplayManagerService
12-14 11:48:02.980   514   514 I SystemServerTiming: OnBootPhase_600_com.android.server.pm.UserManagerService$LifeCycle
12-14 11:48:02.980   514   514 I SystemServerTiming: OnBootPhase_600_com.android.server.om.OverlayManagerService
12-14 11:48:02.980   514   514 I SystemServerTiming: OnBootPhase_600_com.android.server.SensorPrivacyService
12-14 11:48:02.980   514   514 I SystemServerTiming: OnBootPhase_600_com.android.server.SystemConfigService
12-14 11:48:02.980   514   514 I SystemServerTiming: OnBootPhase_600_com.android.server.BatteryService
12-14 11:48:02.980   514   514 I SystemServerTiming: OnBootPhase_600_com.android.server.usage.UsageStatsService
12-14 11:48:02.980   514   514 I SystemServerTiming: OnBootPhase_600_com.android.server.webkit.WebViewUpdateService
12-14 11:48:02.980   514   514 I SystemServerTiming: OnBootPhase_600_com.android.server.CachedDeviceStateService
12-14 11:48:02.980   514   514 I SystemServerTiming: OnBootPhase_600_com.android.server.BinderCallsStatsService$LifeCycle
12-14 11:48:02.980   514   514 I SystemServerTiming: OnBootPhase_600_com.android.server.LooperStatsService$Lifecycle
12-14 11:48:02.980   514   514 I SystemServerTiming: OnBootPhase_600_com.android.server.rollback.RollbackManagerService
12-14 11:48:02.980   514   514 I SystemServerTiming: OnBootPhase_600_com.android.server.os.BugreportManagerService
12-14 11:48:02.980   514   514 I SystemServerTiming: OnBootPhase_600_com.android.server.gpu.GpuService
12-14 11:48:02.981   514   514 I SystemServerTiming: OnBootPhase_600_com.android.server.security.KeyChainSystemService
12-14 11:48:02.981   514   514 I SystemServerTiming: OnBootPhase_600_com.android.server.telecom.TelecomLoaderService
12-14 11:48:02.981   514   514 I SystemServerTiming: OnBootPhase_600_com.android.server.accounts.AccountManagerService$Lifecycle
12-14 11:48:02.981   514   514 I SystemServerTiming: OnBootPhase_600_com.android.server.content.ContentService$Lifecycle
12-14 11:48:02.981   514   514 I SystemServerTiming: OnBootPhase_600_com.android.server.DropBoxManagerService
12-14 11:48:02.981   514   514 I SystemServerTiming: OnBootPhase_600_com.android.server.AlarmManagerService
12-14 11:48:02.981   514   514 I SystemServerTiming: OnBootPhase_600_com.android.server.BluetoothService
12-14 11:48:02.981   514   514 I SystemServerTiming: OnBootPhase_600_com.android.server.connectivity.IpConnectivityMetrics
12-14 11:48:02.981   514   514 I SystemServerTiming: OnBootPhase_600_com.android.server.net.watchlist.NetworkWatchlistService$Lifecycle
12-14 11:48:02.981   514   514 I SystemServerTiming: OnBootPhase_600_com.android.server.PinnerService
12-14 11:48:02.981   514   514 I SystemServerTiming: OnBootPhase_600_com.google.android.startop.iorap.IorapForwardingService
12-14 11:48:02.982   514   514 I SystemServerTiming: OnBootPhase_600_com.android.server.integrity.AppIntegrityManagerService
12-14 11:48:02.982   514   514 I SystemServerTiming: OnBootPhase_600_com.android.server.inputmethod.InputMethodManagerService$Lifecycle
12-14 11:48:02.982   514   514 I SystemServerTiming: OnBootPhase_600_com.android.server.accessibility.AccessibilityManagerService$Lifecycle
12-14 11:48:02.982   514   514 I SystemServerTiming: OnBootPhase_600_com.android.server.StorageManagerService$Lifecycle
12-14 11:48:02.982   514   514 I SystemServerTiming: OnBootPhase_600_com.android.server.usage.StorageStatsService$Lifecycle
12-14 11:48:02.982   514   514 I SystemServerTiming: OnBootPhase_600_com.android.server.UiModeManagerService
12-14 11:48:02.982   514   514 I SystemServerTiming: OnBootPhase_600_com.android.server.locksettings.LockSettingsService$Lifecycle
12-14 11:48:02.982   514   514 I SystemServerTiming: OnBootPhase_600_com.android.server.testharness.TestHarnessModeService
12-14 11:48:02.982   514   514 I SystemServerTiming: OnBootPhase_600_com.android.server.DeviceIdleController
12-14 11:48:02.982   514   514 I SystemServerTiming: OnBootPhase_600_com.android.server.devicepolicy.DevicePolicyManagerService$Lifecycle
12-14 11:48:02.982   514   514 I SystemServerTiming: OnBootPhase_600_com.android.server.contentcapture.ContentCaptureManagerService
12-14 11:48:02.983   514   514 I SystemServerTiming: OnBootPhase_600_com.android.server.systemcaptions.SystemCaptionsManagerService
12-14 11:48:02.983   514   514 I SystemServerTiming: OnBootPhase_600_com.android.server.appprediction.AppPredictionManagerService
12-14 11:48:02.984   514   514 I SystemServerTiming: OnBootPhase_600_com.android.server.contentsuggestions.ContentSuggestionsManagerService
12-14 11:48:02.984   514   514 I SystemServerTiming: OnBootPhase_600_com.android.server.textservices.TextServicesManagerService$Lifecycle
12-14 11:48:02.984   514   514 I SystemServerTiming: OnBootPhase_600_com.android.server.textclassifier.TextClassificationManagerService$Lifecycle
12-14 11:48:02.984   514   514 I SystemServerTiming: OnBootPhase_600_com.android.server.NetworkScoreService$Lifecycle
12-14 11:48:02.984   514   514 I SystemServerTiming: OnBootPhase_600_com.android.server.wifi.WifiService
12-14 11:48:02.984   514   514 I SystemServerTiming: OnBootPhase_600_com.android.server.wifi.scanner.WifiScanningService
12-14 11:48:02.984   514   514 I SystemServerTiming: OnBootPhase_600_com.android.server.wifi.p2p.WifiP2pService
12-14 11:48:02.985   514   514 I SystemServerTiming: OnBootPhase_600_com.android.server.notification.NotificationManagerService
12-14 11:48:02.988   514   514 I SystemServerTiming: OnBootPhase_600_com.android.server.storage.DeviceStorageMonitorService
12-14 11:48:02.989   514   514 I SystemServerTiming: OnBootPhase_600_com.android.server.location.LocationManagerService$Lifecycle
12-14 11:48:02.991   416   468 I OMXClient: IOmx service obtained
12-14 11:48:02.992   424   465 I OMXMaster: makeComponentInstance(OMX.google.g711.mlaw.decoder) in android.hardwar process
12-14 11:48:03.000   514   603 D SupplicantStaIfaceHal: Newer HAL is found, skip V1_2 remaining init flow.
12-14 11:48:03.000   514   603 D SupplicantStaIfaceHal: Newer HAL is found, skip V1_1 remaining init flow.
12-14 11:48:03.000   514   603 D SupplicantStaIfaceHal: Newer HAL is found, skip V1_0 remaining init flow.
12-14 11:48:03.000   514   514 E ActivityRecognitionHardware: activity_recognition HAL is deprecated. is_supported is effectively a no-op
12-14 11:48:03.002   514   514 D GnssLocationProvider: Trying IGnss_V2_1::getService()
12-14 11:48:03.002   172   172 I hwservicemanager: getTransport: Cannot find entry android.hardware.gnss@2.1::IGnss/default in either framework or device manifest.
12-14 11:48:03.003   514   514 D GnssLocationProvider: gnssHal 2.1 was null, trying 2.0
12-14 11:48:03.004   172   172 I hwservicemanager: Since android.hardware.gnss@2.0::IGnss/default is not registered, trying to start it as a lazy HAL.
12-14 11:48:03.009   416   468 I OMXClient: IOmx service obtained
12-14 11:48:03.009   424   424 I OMXMaster: makeComponentInstance(OMX.google.gsm.decoder) in android.hardwar process
12-14 11:48:03.015   514   603 I WifiNative: Successfully switched to connectivity mode on iface=Iface:{Name=wlan0,Id=0,Type=STA_CONNECTIVITY}
12-14 11:48:03.016   514   603 D WakeupController: stop()
12-14 11:48:03.016   514   603 D WifiClientModeManager: entering ConnectModeState
12-14 11:48:03.018   514   603 D WifiScanRequestProxy: Sending scan available broadcast: true
12-14 11:48:03.018   172   172 I hwservicemanager: Since android.hardware.gnss@2.0::IGnss/default is not registered, trying to start it as a lazy HAL.
12-14 11:48:03.018   514   609 I WifiScanningService: Received a request to enable scanning, UID = 1000
12-14 11:48:03.019   514   609 I WifiScanningService: scanner impls already exists
12-14 11:48:03.019   514   603 I WifiScanRequestProxy: Scanning is enabled
12-14 11:48:03.019   514   603 I WifiScanRequestProxy: Scanning for hidden networks is enabled
12-14 11:48:03.019   514   514 I HidlServiceManagement: getService: Trying again for android.hardware.gnss@2.0::IGnss/default...
12-14 11:48:03.019   514   609 E WifiScanningService: wifi driver loaded received while already loaded
12-14 11:48:03.020   514   603 D WifiClientModeImpl: entering ConnectModeState: ifaceName = wlan0
12-14 11:48:03.020   514   603 D WifiClientModeImpl: setupClientMode() ifacename = wlan0
12-14 11:48:03.023   416   468 I OMXClient: IOmx service obtained
12-14 11:48:03.023   424   424 I OMXMaster: makeComponentInstance(OMX.google.mp3.decoder) in android.hardwar process
12-14 11:48:03.033   416   468 I OMXClient: IOmx service obtained
12-14 11:48:03.033   424   424 I OMXMaster: makeComponentInstance(OMX.google.opus.decoder) in android.hardwar process
12-14 11:48:03.037   673   673 D NetworkSecurityConfig: No Network Security Config specified, using platform default
12-14 11:48:03.039   673   673 D NetworkSecurityConfig: No Network Security Config specified, using platform default
12-14 11:48:03.047   700   700 I WebViewLoader-: System.exit called, status: 0
12-14 11:48:03.047   700   700 I AndroidRuntime: VM exiting with result code 0, cleanup skipped.
12-14 11:48:03.048   416   468 I OMXClient: IOmx service obtained
12-14 11:48:03.049   424   465 I OMXMaster: makeComponentInstance(OMX.google.raw.decoder) in android.hardwar process
12-14 11:48:03.053   416   468 I OMXClient: IOmx service obtained
12-14 11:48:03.054   424   465 I OMXMaster: makeComponentInstance(OMX.google.vorbis.decoder) in android.hardwar process
12-14 11:48:03.057   673   673 V SystemUIService: SystemUIApplication constructed.
12-14 11:48:03.060   286   286 D Zygote  : Forked child process 755
12-14 11:48:03.063   286   286 I Zygote  : Process 700 exited cleanly (0)
12-14 11:48:03.070   514   527 I ActivityManager: Process WebViewLoader-x86 (pid 700) has died: psvc PER 
12-14 11:48:03.073   514   541 I libprocessgroup: Successfully killed process cgroup uid 1037 pid 700 in 0ms
12-14 11:48:03.073   416   468 I OMXClient: IOmx service obtained
12-14 11:48:03.073   424   465 I OMXMaster: makeComponentInstance(OMX.google.aac.encoder) in android.hardwar process
12-14 11:48:03.076   514   528 W StorageManagerService: No primary storage defined yet; hacking together a stub
12-14 11:48:03.078   655   655 V AdapterServiceConfig: Adding HeadsetService
12-14 11:48:03.079   655   655 V AdapterServiceConfig: Adding A2dpService
12-14 11:48:03.079   655   655 V AdapterServiceConfig: Adding HidHostService
12-14 11:48:03.079   655   655 V AdapterServiceConfig: Adding PanService
12-14 11:48:03.079   655   655 V AdapterServiceConfig: Adding GattService
12-14 11:48:03.079   655   655 V AdapterServiceConfig: Adding BluetoothMapService
12-14 11:48:03.079   655   655 V AdapterServiceConfig: Adding AvrcpTargetService
12-14 11:48:03.079   655   655 V AdapterServiceConfig: Adding HidDeviceService
12-14 11:48:03.079   655   655 V AdapterServiceConfig: Adding BluetoothOppService
12-14 11:48:03.079   655   655 V AdapterServiceConfig: Adding BluetoothPbapService
12-14 11:48:03.088   755   755 I WebViewZygoteInit: Starting WebViewZygoteInit
12-14 11:48:03.095   416   468 I OMXClient: IOmx service obtained
12-14 11:48:03.095   424   424 I OMXMaster: makeComponentInstance(OMX.google.amrnb.encoder) in android.hardwar process
12-14 11:48:03.108   755   755 I WebViewZygoteInit: Beginning application preload for com.google.android.webview
12-14 11:48:03.112   755   755 I webview_zygote: The ClassLoaderContext is a special shared library.
12-14 11:48:03.112   416   468 I OMXClient: IOmx service obtained
12-14 11:48:03.112   424   424 I OMXMaster: makeComponentInstance(OMX.google.amrwb.encoder) in android.hardwar process
12-14 11:48:03.113   755   755 D nativeloader: classloader namespace configured for unbundled product apk. library_path=/product/app/WebViewGoogle/lib/x86:/product/app/WebViewGoogle/WebViewGoogle.apk!/lib/x86:/product/app/TrichromeLibrary/TrichromeLibrary.apk!/lib/x86:/product/lib:/system/product/lib
12-14 11:48:03.115   755   755 I webview_zygote: The ClassLoaderContext is a special shared library.
12-14 11:48:03.116   755   755 D nativeloader: classloader namespace configured for unbundled product apk. library_path=/product/app/WebViewGoogle/lib/x86:/product/app/WebViewGoogle/WebViewGoogle.apk!/lib/x86:/product/app/TrichromeLibrary/TrichromeLibrary.apk!/lib/x86:/product/lib:/system/product/lib
12-14 11:48:03.129   743   743 I android.hardware.gnss@2.0-service.ranchu: Registering HAL: android.hardware.gnss@2.0::IGnss with name: default
12-14 11:48:03.133   416   468 I OMXClient: IOmx service obtained
12-14 11:48:03.133   424   424 I OMXMaster: makeComponentInstance(OMX.google.flac.encoder) in android.hardwar process
12-14 11:48:03.134   743   743 I HidlServiceManagement: Registered android.hardware.gnss@2.0::IGnss/default (start delay of 123ms)
12-14 11:48:03.134   743   743 I HidlServiceManagement: Removing namespace from process name android.hardware.gnss@2.0-service.ranchu to gnss@2.0-service.ranchu.
12-14 11:48:03.137   172   172 I hw-BpHwBinder: onLastStrongRef automatically unlinking death recipients
12-14 11:48:03.145   416   468 I OMXClient: IOmx service obtained
12-14 11:48:03.145   424   424 I OMXMaster: makeComponentInstance(OMX.android.goldfish.h264.decoder) in android.hardwar process
12-14 11:48:03.145   424   424 I GoldfishOMXPlugin: makeComponentInstance 'OMX.android.goldfish.h264.decoder'
12-14 11:48:03.146   424   424 I GoldfishOMXPlugin: Using goldfish codec for 'avcdec'
12-14 11:48:03.151   424   424 I goldfish_avcdec: created GoldfishAVCDec 96 object 0xec743710
12-14 11:48:03.154   424   424 E OMXNodeInstance: getExtensionIndex(0xed380470:android.goldfish.h264.decoder, OMX.google.android.index.configureVideoTunnelMode) ERROR: UnsupportedIndex(0x8000101a)
12-14 11:48:03.154   416   468 D MediaCodecInfo: detail feature-tunneled-playback wasn't present to remove
12-14 11:48:03.154   424   424 W OMXNodeInstance: [0xed380470:android.goldfish.h264.decoder] component does not support metadata mode; using fallback
12-14 11:48:03.161   416   468 I OMXClient: IOmx service obtained
12-14 11:48:03.161   424   424 I OMXMaster: makeComponentInstance(OMX.google.h264.decoder) in android.hardwar process
12-14 11:48:03.163   514   529 D GnssLocationProvider: Link to death notification successful
12-14 11:48:03.166   514   514 W SystemServiceManager: Service com.android.server.location.LocationManagerService$Lifecycle took 177 ms in onBootPhase
12-14 11:48:03.166   514   514 I SystemServerTiming: OnBootPhase_600_com.android.server.timedetector.TimeDetectorService$Lifecycle
12-14 11:48:03.166   514   514 I SystemServerTiming: OnBootPhase_600_com.android.server.timezonedetector.TimeZoneDetectorService$Lifecycle
12-14 11:48:03.166   514   514 I SystemServerTiming: OnBootPhase_600_com.android.server.search.SearchManagerService$Lifecycle
12-14 11:48:03.166   514   514 I SystemServerTiming: OnBootPhase_600_com.android.server.wallpaper.WallpaperManagerService$Lifecycle
12-14 11:48:03.166   514   514 I WallpaperManagerService: switch-user-0
12-14 11:48:03.167   514   514 V WallpaperManagerService: bindWallpaperComponentLocked: componentName=ComponentInfo{com.android.systemui/com.android.systemui.ImageWallpaper}
12-14 11:48:03.168   755   755 I WebViewZygoteInit: Application preload done
12-14 11:48:03.169   514   514 I SystemServerTiming: OnBootPhase_600_com.android.server.audio.AudioService$Lifecycle
12-14 11:48:03.169   514   514 I SystemServerTiming: OnBootPhase_600_com.android.server.soundtrigger_middleware.SoundTriggerMiddlewareService$Lifecycle
12-14 11:48:03.169   514   514 I SystemServerTiming: OnBootPhase_600_com.android.server.DockObserver
12-14 11:48:03.169   514   514 I SystemServerTiming: OnBootPhase_600_com.android.server.midi.MidiService$Lifecycle
12-14 11:48:03.169   514   514 I SystemServerTiming: OnBootPhase_600_com.android.server.adb.AdbService$Lifecycle
12-14 11:48:03.169   514   514 I SystemServerTiming: OnBootPhase_600_com.android.server.usb.UsbService$Lifecycle
12-14 11:48:03.170   514   514 I SystemServerTiming: OnBootPhase_600_com.android.server.twilight.TwilightService
12-14 11:48:03.170   514   514 I SystemServerTiming: OnBootPhase_600_com.android.server.display.color.ColorDisplayService
12-14 11:48:03.170   514   514 I SystemServerTiming: OnBootPhase_600_com.android.server.job.JobSchedulerService
12-14 11:48:03.170   424   465 E OMXNodeInstance: getExtensionIndex(0xed380470:google.h264.decoder, OMX.google.android.index.configureVideoTunnelMode) ERROR: UnsupportedIndex(0x8000101a)
12-14 11:48:03.171   416   468 D MediaCodecInfo: detail feature-tunneled-playback wasn't present to remove
12-14 11:48:03.171   424   465 E OMXNodeInstance: getExtensionIndex(0xed380470:google.h264.decoder, OMX.google.android.index.enableAndroidNativeBuffers) ERROR: UnsupportedIndex(0x8000101a)
12-14 11:48:03.172   655   655 I droid.bluetoot: [1214/114803.172477:INFO:btif_config_cache.cc(61)] BtifConfigCache, capacity: 10000
12-14 11:48:03.178   514   514 I SystemServerTiming: OnBootPhase_600_com.android.server.soundtrigger.SoundTriggerService
12-14 11:48:03.179   514   514 D SoundTriggerService: onBootPhase: 600 : false
12-14 11:48:03.179   514   514 I SystemServerTiming: OnBootPhase_600_com.android.server.trust.TrustManagerService
12-14 11:48:03.181   514   514 I SystemServerTiming: OnBootPhase_600_com.android.server.backup.BackupManagerService$Lifecycle
12-14 11:48:03.181   514   514 I SystemServerTiming: OnBootPhase_600_com.android.server.appwidget.AppWidgetService
12-14 11:48:03.181   416   468 I OMXClient: IOmx service obtained
12-14 11:48:03.181   514   514 I SystemServerTiming: OnBootPhase_600_com.android.server.role.RoleManagerService
12-14 11:48:03.181   514   514 I SystemServerTiming: OnBootPhase_600_com.android.server.voiceinteraction.VoiceInteractionManagerService
12-14 11:48:03.182   424   465 I OMXMaster: makeComponentInstance(OMX.google.h263.decoder) in android.hardwar process
12-14 11:48:03.182   514   514 I SystemServerTiming: OnBootPhase_600_com.android.server.GestureLauncherService
12-14 11:48:03.183   514   514 I SystemServerTiming: OnBootPhase_600_com.android.server.SensorNotificationService
12-14 11:48:03.185   514   529 D GnssLocationProvider: gnssSetCapabilitesCb: 64u
12-14 11:48:03.185   514   514 I SystemServerTiming: OnBootPhase_600_com.android.server.emergency.EmergencyAffordanceService
12-14 11:48:03.187   514   529 D GnssLocationProvider: gnssNameCb: name=Android Studio Emulator GPS
12-14 11:48:03.188   514   529 D GnssLocationProvider: gnssSetSystemInfoCb: yearOfHw=2020
12-14 11:48:03.189   514   529 I GnssLocationProvider: Unable to initialize IGnssXtra interface.
12-14 11:48:03.189   424   465 E OMXNodeInstance: getExtensionIndex(0xed380470:google.h263.decoder, OMX.google.android.index.configureVideoTunnelMode) ERROR: UnsupportedIndex(0x8000101a)
12-14 11:48:03.189   514   529 I GnssLocationProvider: Unable to initialize IGnssGeofencing interface.
12-14 11:48:03.189   514   529 I GnssLocationProvider: Unable to initialize IGnssNi interface.
12-14 11:48:03.189   514   529 I GnssLocationProvider: Unable to initialize IAGnssRil interface.
12-14 11:48:03.189   514   529 I GnssLocationProvider: Unable to find IMeasurementCorrections.
12-14 11:48:03.189   416   468 D MediaCodecInfo: detail feature-tunneled-playback wasn't present to remove
12-14 11:48:03.189   424   465 E OMXNodeInstance: getExtensionIndex(0xed380470:google.h263.decoder, OMX.google.android.index.enableAndroidNativeBuffers) ERROR: UnsupportedIndex(0x8000101a)
12-14 11:48:03.190   514   514 I SystemServerTiming: OnBootPhase_600_com.android.server.dreams.DreamManagerService
12-14 11:48:03.192   514   514 I SystemServerTiming: OnBootPhase_600_com.android.server.blob.BlobStoreManagerService
12-14 11:48:03.195   514   514 I SystemServerTiming: OnBootPhase_600_com.android.server.print.PrintManagerService
12-14 11:48:03.195   514   514 I SystemServerTiming: OnBootPhase_600_com.android.server.companion.CompanionDeviceManagerService
12-14 11:48:03.195   514   514 I SystemServerTiming: OnBootPhase_600_com.android.server.restrictions.RestrictionsManagerService
12-14 11:48:03.195   514   514 I SystemServerTiming: OnBootPhase_600_com.android.server.media.MediaSessionService
12-14 11:48:03.195   514   514 I SystemServerTiming: OnBootPhase_600_com.android.server.media.MediaResourceMonitorService
12-14 11:48:03.195   514   514 I SystemServerTiming: OnBootPhase_600_com.android.server.biometrics.fingerprint.FingerprintService
12-14 11:48:03.195   514   514 I SystemServerTiming: OnBootPhase_600_com.android.server.biometrics.BiometricService
12-14 11:48:03.195   514   514 I SystemServerTiming: OnBootPhase_600_com.android.server.biometrics.AuthService
12-14 11:48:03.195   514   514 I SystemServerTiming: OnBootPhase_600_com.android.server.pm.ShortcutService$Lifecycle
12-14 11:48:03.195   514   514 I SystemServerTiming: OnBootPhase_600_com.android.server.pm.LauncherAppsService
12-14 11:48:03.195   514   514 I SystemServerTiming: OnBootPhase_600_com.android.server.pm.CrossProfileAppsService
12-14 11:48:03.195   514   514 I SystemServerTiming: OnBootPhase_600_com.android.server.people.PeopleService
12-14 11:48:03.195   514   514 I SystemServerTiming: OnBootPhase_600_com.android.server.media.projection.MediaProjectionManagerService
12-14 11:48:03.195   514   514 I SystemServerTiming: OnBootPhase_600_com.android.server.slice.SliceManagerService$Lifecycle
12-14 11:48:03.195   514   514 I SystemServerTiming: OnBootPhase_600_com.android.server.camera.CameraServiceProxy
12-14 11:48:03.195   514   514 I SystemServerTiming: OnBootPhase_600_com.android.server.stats.StatsCompanion$Lifecycle
12-14 11:48:03.196   514   529 E GnssLocationProvider: IGnssConfiguration setEsExtensionSec() failed.
12-14 11:48:03.196   416   468 I OMXClient: IOmx service obtained
12-14 11:48:03.196   514   529 E GnssConfiguration: Unable to set ES_EXTENSION_SEC: 0
